Microsoft Windows [Version 10.0.19045.3324]
(c) Microsoft Corporation. All rights reserved.

C:\Users\Administrator>d:

D:\>"MariaDB 10.4"
'"MariaDB 10.4"'은(는) 내부 또는 외부 명령, 실행할 수 있는 프로그램, 또는
배치 파일이 아닙니다.

D:\>cd "MariaDB 10.4"

D:\MariaDB 10.4>cd bin

D:\MariaDB 10.4\bin>mysql -u hong -p
Enter password: *******
Welcome to the MariaDB monitor.  Commands end with ; or \g.
Your MariaDB connection id is 12
Server version: 10.4.30-MariaDB mariadb.org binary distribution

Copyright (c) 2000, 2018, Oracle, MariaDB Corporation Ab and others.

Type 'help;' or '\h' for help. Type '\c' to clear the current input statement.

MariaDB [(none)]> show databases;
+--------------------+
| Database           |
+--------------------+
| information_schema |
| web                |
+--------------------+
2 rows in set (0.000 sec)

MariaDB [(none)]> use web;
Database changed
MariaDB [web]> show tables;
+---------------+
| Tables_in_web |
+---------------+
| admin         |
| census        |
| event         |
| member        |
| member2       |
| pay           |
| user          |
+---------------+
7 rows in set (0.000 sec)

MariaDB [web]> select * from member;
+-----+---------------+-------+-----------------------+-------------+-------+--------+------+---------------------+
| mno | mid           | mpass | memail                | mtel        | marea | minter | mage | mdate               |
+-----+---------------+-------+-----------------------+-------------+-------+--------+------+---------------------+
|   1 | hanpak33      | a1234 | hanpak@nate.com       | 01012345678 | 1     | A      |   20 | 2023-08-01 11:12:27 |
|   2 | pdjmmp537189  | a1234 | pdjmmp@gmail.com      | 01022345679 | 10    | B      |   30 | 2023-08-02 14:32:08 |
|   3 | mbudhyr876602 | a1234 | mbudhyr87@hanmail.net | 01012345680 | 11    | B      |   30 | 2023-08-02 16:30:29 |
|   4 | vpjvc487555   | a1234 | vpjvc@naver.com       | 01042345681 | 9     | C      |   60 | 2023-08-03 10:10:30 |
|   5 | slbcw273355   | a1234 | slbcw273355@gmail.com | 01012345682 | 2     | E      |   40 | 2023-08-03 12:12:31 |
|   6 | wwms123       | a1234 | wwms@nate.com         | 01052345683 | 1     | E      |   70 | 2023-08-03 17:36:00 |
|   7 | qy8ixfd9      | a1234 | qy8ixfd9@hotmail.com  | 01012345684 | 3     | C      |   50 | 2023-08-03 19:22:33 |
|   8 | bmsn9931      | a1234 | bmsn99@naver.com      | 01022345685 | 1     | F      |   60 | 2023-08-04 10:00:04 |
|   9 | ekaqo123      | a1234 | ekaqo123@nate.com     | 01072345686 | 7     | A      |   40 | 2023-08-04 11:11:22 |
|  10 | 2s5ukd        | a1234 | 2s5ukd@naver.com      | 01012345687 | 1     | B      |   20 | 2023-08-04 12:01:56 |
|  11 | sin0313       | a1234 | sin03@nate.com        | 01092345688 | 2     | A      |   20 | 2023-08-05 14:11:37 |
|  12 | bmsn9931      | a1234 | bmsn9931@nave.com     | 01042345689 | 2     | A      |   60 | 2023-08-05 15:22:18 |
|  13 | chl951028     | a1234 | chl95@nate.com        | 01052345690 | 3     | E      |   60 | 2023-08-05 17:51:09 |
|  14 | nbx321        | a1234 | nbx321@naver.com      | 01015345691 | 6     | F      |   50 | 2023-08-06 09:11:51 |
|  15 | bnsd3821      | a1234 | bnsd3821@gmail.com    | 01013345692 | 8     | F      |   40 | 2023-08-06 15:02:41 |
+-----+---------------+-------+-----------------------+-------------+-------+--------+------+---------------------+
15 rows in set (0.008 sec)

MariaDB [web]> desc member;
+--------+--------------+------+-----+---------------------+----------------+
| Field  | Type         | Null | Key | Default             | Extra          |
+--------+--------------+------+-----+---------------------+----------------+
| mno    | int(11)      | NO   | PRI | NULL                | auto_increment |
| mid    | char(50)     | NO   | MUL | NULL                |                |
| mpass  | char(50)     | NO   |     | NULL                |                |
| memail | varchar(100) | NO   |     | NULL                |                |
| mtel   | char(11)     | NO   |     | NULL                |                |
| marea  | char(2)      | NO   |     | NULL                |                |
| minter | char(1)      | NO   |     | NULL                |                |
| mage   | int(2)       | NO   |     | NULL                |                |
| mdate  | datetime     | NO   |     | 0001-01-01 00:00:00 |                |
+--------+--------------+------+-----+---------------------+----------------+
9 rows in set (0.011 sec)

MariaDB [web]> create table basket(
    -> bidx int not null auto_increment,
    -> mno int(11) not null,
    -> mid char(50) not null,
    -> pname char(100) not null,
    -> pcode char(5) not null,
    -> pmoney int(9) not null,
    -> primary key(bidx),
    -> foreign key(mno,mid) references member(mno,mid)
    -> );
ERROR 1005 (HY000): Can't create table `web`.`basket` (errno: 150 "Foreign key constraint is incorrectly formed")
MariaDB [web]> select * from member;
+-----+---------------+-------+-----------------------+-------------+-------+--------+------+---------------------+
| mno | mid           | mpass | memail                | mtel        | marea | minter | mage | mdate               |
+-----+---------------+-------+-----------------------+-------------+-------+--------+------+---------------------+
|   1 | hanpak33      | a1234 | hanpak@nate.com       | 01012345678 | 1     | A      |   20 | 2023-08-01 11:12:27 |
|   2 | pdjmmp537189  | a1234 | pdjmmp@gmail.com      | 01022345679 | 10    | B      |   30 | 2023-08-02 14:32:08 |
|   3 | mbudhyr876602 | a1234 | mbudhyr87@hanmail.net | 01012345680 | 11    | B      |   30 | 2023-08-02 16:30:29 |
|   4 | vpjvc487555   | a1234 | vpjvc@naver.com       | 01042345681 | 9     | C      |   60 | 2023-08-03 10:10:30 |
|   5 | slbcw273355   | a1234 | slbcw273355@gmail.com | 01012345682 | 2     | E      |   40 | 2023-08-03 12:12:31 |
|   6 | wwms123       | a1234 | wwms@nate.com         | 01052345683 | 1     | E      |   70 | 2023-08-03 17:36:00 |
|   7 | qy8ixfd9      | a1234 | qy8ixfd9@hotmail.com  | 01012345684 | 3     | C      |   50 | 2023-08-03 19:22:33 |
|   8 | bmsn9931      | a1234 | bmsn99@naver.com      | 01022345685 | 1     | F      |   60 | 2023-08-04 10:00:04 |
|   9 | ekaqo123      | a1234 | ekaqo123@nate.com     | 01072345686 | 7     | A      |   40 | 2023-08-04 11:11:22 |
|  10 | 2s5ukd        | a1234 | 2s5ukd@naver.com      | 01012345687 | 1     | B      |   20 | 2023-08-04 12:01:56 |
|  11 | sin0313       | a1234 | sin03@nate.com        | 01092345688 | 2     | A      |   20 | 2023-08-05 14:11:37 |
|  12 | bmsn9931      | a1234 | bmsn9931@nave.com     | 01042345689 | 2     | A      |   60 | 2023-08-05 15:22:18 |
|  13 | chl951028     | a1234 | chl95@nate.com        | 01052345690 | 3     | E      |   60 | 2023-08-05 17:51:09 |
|  14 | nbx321        | a1234 | nbx321@naver.com      | 01015345691 | 6     | F      |   50 | 2023-08-06 09:11:51 |
|  15 | bnsd3821      | a1234 | bnsd3821@gmail.com    | 01013345692 | 8     | F      |   40 | 2023-08-06 15:02:41 |
+-----+---------------+-------+-----------------------+-------------+-------+--------+------+---------------------+
15 rows in set (0.000 sec)

MariaDB [web]> create table basket(
    -> bidx int not null auto_increment,
    -> mno int(11) not null,
    -> mid char(50) not null,
    -> pname char(100) not null,
    -> pcode char(5) not null,
    -> pmoney int(9) not null,
    -> primary key(bidx),
    -> foreign key(mno) references member(mno)
    -> );
Query OK, 0 rows affected (0.021 sec)

MariaDB [web]> insert into basket values('0','1','hanpak33','삼성휴대폰','h1234','150000');
Query OK, 1 row affected (0.002 sec)

MariaDB [web]> insert into basket values('0','1','hanpak33','LG세탁기','s0042','800000');
Query OK, 1 row affected (0.001 sec)

MariaDB [web]> insert into basket values('0','1','hanpak33','삼성 에어콘','s0041','950000');
Query OK, 1 row affected (0.003 sec)

MariaDB [web]> insert into basket values('0','6','wwms123','삼성 에어콘','s0041','950000');
Query OK, 1 row affected (0.001 sec)

MariaDB [web]> insert into basket values('0','14','nbx321','선풍기','p0006','100000');
Query OK, 1 row affected (0.001 sec)

MariaDB [web]> insert into basket values('0','14','nbx321','20kg 쌀','f0001','50000');
Query OK, 1 row affected (0.002 sec)

MariaDB [web]> select * from basket;
+------+-----+----------+-------------+-------+--------+
| bidx | mno | mid      | pname       | pcode | pmoney |
+------+-----+----------+-------------+-------+--------+
|    1 |   1 | hanpak33 | 삼성휴대폰  | h1234 | 150000 |
|    2 |   1 | hanpak33 | LG세탁기    | s0042 | 800000 |
|    3 |   1 | hanpak33 | 삼성 에어콘 | s0041 | 950000 |
|    4 |   6 | wwms123  | 삼성 에어콘 | s0041 | 950000 |
|    5 |  14 | nbx321   | 선풍기      | p0006 | 100000 |
|    6 |  14 | nbx321   | 20kg 쌀     | f0001 |  50000 |
+------+-----+----------+-------------+-------+--------+
6 rows in set (0.000 sec)

MariaDB [web]> select * from member as a join basket as b where a.mno=b.mno;
+-----+----------+-------+------------------+-------------+-------+--------+------+---------------------+------+-----+----------+-------------+-------+--------+
| mno | mid      | mpass | memail           | mtel        | marea | minter | mage | mdate               | bidx | mno | mid      | pname       | pcode | pmoney |
+-----+----------+-------+------------------+-------------+-------+--------+------+---------------------+------+-----+----------+-------------+-------+--------+
|   1 | hanpak33 | a1234 | hanpak@nate.com  | 01012345678 | 1     | A      |   20 | 2023-08-01 11:12:27 |    1 |   1 | hanpak33 | 삼성휴대폰  | h1234 | 150000 |
|   1 | hanpak33 | a1234 | hanpak@nate.com  | 01012345678 | 1     | A      |   20 | 2023-08-01 11:12:27 |    2 |   1 | hanpak33 | LG세탁기    | s0042 | 800000 |
|   1 | hanpak33 | a1234 | hanpak@nate.com  | 01012345678 | 1     | A      |   20 | 2023-08-01 11:12:27 |    3 |   1 | hanpak33 | 삼성 에어콘 | s0041 | 950000 |
|   6 | wwms123  | a1234 | wwms@nate.com    | 01052345683 | 1     | E      |   70 | 2023-08-03 17:36:00 |    4 |   6 | wwms123  | 삼성 에어콘 | s0041 | 950000 |
|  14 | nbx321   | a1234 | nbx321@naver.com | 01015345691 | 6     | F      |   50 | 2023-08-06 09:11:51 |    5 |  14 | nbx321   | 선풍기      | p0006 | 100000 |
|  14 | nbx321   | a1234 | nbx321@naver.com | 01015345691 | 6     | F      |   50 | 2023-08-06 09:11:51 |    6 |  14 | nbx321   | 20kg 쌀     | f0001 |  50000 |
+-----+----------+-------+------------------+-------------+-------+--------+------+---------------------+------+-----+----------+-------------+-------+--------+
6 rows in set (0.000 sec)

MariaDB [web]> select * from member as a.mid.a.mtel join basket as b.pname.b.pmoney where a.mno=b.mno;
ERROR 1064 (42000): You have an error in your SQL syntax; check the manual that corresponds to your MariaDB server version for the right syntax to use near '.mid.a.mtel join basket as b.pname.b.pmoney where a.mno=b.mno' at line 1
MariaDB [web]> select * from member as a.mid,a.mtel join basket as b.pname,b.pmoney where a.mno=b.mno;
ERROR 1064 (42000): You have an error in your SQL syntax; check the manual that corresponds to your MariaDB server version for the right syntax to use near '.mid,a.mtel join basket as b.pname,b.pmoney where a.mno=b.mno' at line 1
MariaDB [web]> select a.mid,a.mtel,b.pname,b.pmoney from member as a join basket as b where a.mno=b.mno and a.mid='nbx321';
+--------+-------------+---------+--------+
| mid    | mtel        | pname   | pmoney |
+--------+-------------+---------+--------+
| nbx321 | 01015345691 | 선풍기  | 100000 |
| nbx321 | 01015345691 | 20kg 쌀 |  50000 |
+--------+-------------+---------+--------+
2 rows in set (0.000 sec)

MariaDB [web]> select a.mid,a.mtel,b.pname,b.pmoney from member as a join basket as b where a.mno=b.mno and a.mid='nbx321' order by b.bidx desc;
+--------+-------------+---------+--------+
| mid    | mtel        | pname   | pmoney |
+--------+-------------+---------+--------+
| nbx321 | 01015345691 | 20kg 쌀 |  50000 |
| nbx321 | 01015345691 | 선풍기  | 100000 |
+--------+-------------+---------+--------+
2 rows in set (0.000 sec)

MariaDB [web]> desc basket;
+--------+-----------+------+-----+---------+----------------+
| Field  | Type      | Null | Key | Default | Extra          |
+--------+-----------+------+-----+---------+----------------+
| bidx   | int(11)   | NO   | PRI | NULL    | auto_increment |
| mno    | int(11)   | NO   | MUL | NULL    |                |
| mid    | char(50)  | NO   |     | NULL    |                |
| pname  | char(100) | NO   |     | NULL    |                |
| pcode  | char(5)   | NO   |     | NULL    |                |
| pmoney | int(9)    | NO   |     | NULL    |                |
+--------+-----------+------+-----+---------+----------------+
6 rows in set (0.013 sec)

MariaDB [web]> create table product(
    -> pidx int(8) not null auto_increment,
    -> pcode char(5) not null,
    -> pname char(100) not null,
    -> pmoney int(9) not null,
    -> pimg varchar(100) not null,
    -> psale int(2) not null,
    -> puse enum('Y','N') not null default 'Y',
    -> primary key(pidx),
    -> unique key(pcode)
    -> );
Query OK, 0 rows affected (0.018 sec)

MariaDB [web]> desc product;
+--------+---------------+------+-----+---------+----------------+
| Field  | Type          | Null | Key | Default | Extra          |
+--------+---------------+------+-----+---------+----------------+
| pidx   | int(8)        | NO   | PRI | NULL    | auto_increment |
| pcode  | char(5)       | NO   | UNI | NULL    |                |
| pname  | char(100)     | NO   |     | NULL    |                |
| pmoney | int(9)        | NO   |     | NULL    |                |
| pimg   | varchar(100)  | NO   |     | NULL    |                |
| psale  | int(2)        | NO   |     | NULL    |                |
| puse   | enum('Y','N') | NO   |     | Y       |                |
+--------+---------------+------+-----+---------+----------------+
7 rows in set (0.011 sec)

MariaDB [web]> select * from basket;
+------+-----+----------+-------------+-------+--------+
| bidx | mno | mid      | pname       | pcode | pmoney |
+------+-----+----------+-------------+-------+--------+
|    1 |   1 | hanpak33 | 삼성휴대폰  | h1234 | 150000 |
|    2 |   1 | hanpak33 | LG세탁기    | s0042 | 800000 |
|    3 |   1 | hanpak33 | 삼성 에어콘 | s0041 | 950000 |
|    4 |   6 | wwms123  | 삼성 에어콘 | s0041 | 950000 |
|    5 |  14 | nbx321   | 선풍기      | p0006 | 100000 |
|    6 |  14 | nbx321   | 20kg 쌀     | f0001 |  50000 |
+------+-----+----------+-------------+-------+--------+
6 rows in set (0.000 sec)

MariaDB [web]> insert into product values('0','h1234','삼성휴대폰','150000','./img/1.jpg','15','Y');
Query OK, 1 row affected (0.002 sec)

MariaDB [web]> insert into product values('0','s0041','삼성에어콘','950000','./img/2.jpg','10','Y');
Query OK, 1 row affected (0.001 sec)

MariaDB [web]> insert into product values('0','s0042','LG세탁기','800000','./img/3.jpg','5','Y');
Query OK, 1 row affected (0.002 sec)

MariaDB [web]> insert into product values('0','p0006','선풍기','100000','./img/4.jpg','0','Y');
Query OK, 1 row affected (0.001 sec)

MariaDB [web]> insert into product values('0','f0001','20kg 쌀','50000','./img/41.jpg','5','Y');
Query OK, 1 row affected (0.001 sec)

MariaDB [web]> insert into product values('0','f0002','10kg 쌀','30000','./img/42.jpg','5','Y');
Query OK, 1 row affected (0.001 sec)

MariaDB [web]> insert into product values('0','f0003','4kg 쌀','15000','./img/43.jpg','5','Y');
Query OK, 1 row affected (0.002 sec)

MariaDB [web]> select * from product where pname='LG 세탁기';
Empty set (0.000 sec)

MariaDB [web]> select * from product where pname='LG세탁기';
+------+-------+----------+--------+-------------+-------+------+
| pidx | pcode | pname    | pmoney | pimg        | psale | puse |
+------+-------+----------+--------+-------------+-------+------+
|    3 | s0042 | LG세탁기 | 800000 | ./img/3.jpg |     5 | Y    |
+------+-------+----------+--------+-------------+-------+------+
1 row in set (0.000 sec)

MariaDB [web]> drop table product;
Query OK, 0 rows affected (0.005 sec)

MariaDB [web]> create table product(
    -> pidx int(8) not null auto_increment,
    -> pcode char(5) not null,
    -> pname char(100) not null,
    -> pmoney int(9) not null,
    -> pimg varchar(100) not null,
    -> psale int(2) not null,
    -> puse enum('Y','N') not null default 'Y',
    -> primary key(pidx),
    -> unique key(pcode)
    -> );
Query OK, 0 rows affected (0.020 sec)

MariaDB [web]> insert into product values('0','h1234','삼성 휴대폰','150000','./img/1.jpg','15','Y');
Query OK, 1 row affected (0.002 sec)

MariaDB [web]> insert into product values('0','s0041','삼성 에어콘','950000','./img/2.jpg','10','Y');
Query OK, 1 row affected (0.001 sec)

MariaDB [web]> insert into product values('0','s0042','LG 세탁기','800000','./img/3.jpg','5','Y');
Query OK, 1 row affected (0.001 sec)

MariaDB [web]> insert into product values('0','p0006','선풍기','100000','./img/4.jpg','0','Y');
Query OK, 1 row affected (0.001 sec)

MariaDB [web]> insert into product values('0','f0001','20kg 쌀','50000','./img/41.jpg','5','Y');
Query OK, 1 row affected (0.001 sec)

MariaDB [web]> insert into product values('0','f0002','10kg 쌀','30000','./img/42.jpg','5','Y');
Query OK, 1 row affected (0.001 sec)

MariaDB [web]> insert into product values('0','f0003','4kg 쌀','15000','./img/43.jpg','5','Y');
Query OK, 1 row affected (0.001 sec)

MariaDB [web]> select * from product;
+------+-------+-------------+--------+--------------+-------+------+
| pidx | pcode | pname       | pmoney | pimg         | psale | puse |
+------+-------+-------------+--------+--------------+-------+------+
|    1 | h1234 | 삼성 휴대폰 | 150000 | ./img/1.jpg  |    15 | Y    |
|    2 | s0041 | 삼성 에어콘 | 950000 | ./img/2.jpg  |    10 | Y    |
|    3 | s0042 | LG 세탁기   | 800000 | ./img/3.jpg  |     5 | Y    |
|    4 | p0006 | 선풍기      | 100000 | ./img/4.jpg  |     0 | Y    |
|    5 | f0001 | 20kg 쌀     |  50000 | ./img/41.jpg |     5 | Y    |
|    6 | f0002 | 10kg 쌀     |  30000 | ./img/42.jpg |     5 | Y    |
|    7 | f0003 | 4kg 쌀      |  15000 | ./img/43.jpg |     5 | Y    |
+------+-------+-------------+--------+--------------+-------+------+
7 rows in set (0.000 sec)

MariaDB [web]> select * from basket as a join product as b where a.pcode=b.pcode;
+------+-----+----------+-------------+-------+--------+------+-------+-------------+--------+--------------+-------+------+
| bidx | mno | mid      | pname       | pcode | pmoney | pidx | pcode | pname       | pmoney | pimg         | psale | puse |
+------+-----+----------+-------------+-------+--------+------+-------+-------------+--------+--------------+-------+------+
|    1 |   1 | hanpak33 | 삼성휴대폰  | h1234 | 150000 |    1 | h1234 | 삼성 휴대폰 | 150000 | ./img/1.jpg  |    15 | Y    |
|    2 |   1 | hanpak33 | LG세탁기    | s0042 | 800000 |    3 | s0042 | LG 세탁기   | 800000 | ./img/3.jpg  |     5 | Y    |
|    3 |   1 | hanpak33 | 삼성 에어콘 | s0041 | 950000 |    2 | s0041 | 삼성 에어콘 | 950000 | ./img/2.jpg  |    10 | Y    |
|    4 |   6 | wwms123  | 삼성 에어콘 | s0041 | 950000 |    2 | s0041 | 삼성 에어콘 | 950000 | ./img/2.jpg  |    10 | Y    |
|    5 |  14 | nbx321   | 선풍기      | p0006 | 100000 |    4 | p0006 | 선풍기      | 100000 | ./img/4.jpg  |     0 | Y    |
|    6 |  14 | nbx321   | 20kg 쌀     | f0001 |  50000 |    5 | f0001 | 20kg 쌀     |  50000 | ./img/41.jpg |     5 | Y    |
+------+-----+----------+-------------+-------+--------+------+-------+-------------+--------+--------------+-------+------+
6 rows in set (0.001 sec)

MariaDB [web]> select a.mid,b.pcode,b.pname,b.pmoney,b.pimg,b.psale from basket as a join product as b where a.pcode=b.pcode;
+----------+-------+-------------+--------+--------------+-------+
| mid      | pcode | pname       | pmoney | pimg         | psale |
+----------+-------+-------------+--------+--------------+-------+
| hanpak33 | h1234 | 삼성 휴대폰 | 150000 | ./img/1.jpg  |    15 |
| hanpak33 | s0042 | LG 세탁기   | 800000 | ./img/3.jpg  |     5 |
| hanpak33 | s0041 | 삼성 에어콘 | 950000 | ./img/2.jpg  |    10 |
| wwms123  | s0041 | 삼성 에어콘 | 950000 | ./img/2.jpg  |    10 |
| nbx321   | p0006 | 선풍기      | 100000 | ./img/4.jpg  |     0 |
| nbx321   | f0001 | 20kg 쌀     |  50000 | ./img/41.jpg |     5 |
+----------+-------+-------------+--------+--------------+-------+
6 rows in set (0.000 sec)

MariaDB [web]> select * from member as a join basket as b join product as c where a.mid = b.mid;
+-----+----------+-------+------------------+-------------+-------+--------+------+---------------------+------+-----+----------+-------------+-------+--------+------+-------+-------------+--------+--------------+-------+------+
| mno | mid      | mpass | memail           | mtel        | marea | minter | mage | mdate               | bidx | mno | mid      | pname       | pcode | pmoney | pidx | pcode | pname       | pmoney | pimg         | psale | puse |
+-----+----------+-------+------------------+-------------+-------+--------+------+---------------------+------+-----+----------+-------------+-------+--------+------+-------+-------------+--------+--------------+-------+------+
|   1 | hanpak33 | a1234 | hanpak@nate.com  | 01012345678 | 1     | A      |   20 | 2023-08-01 11:12:27 |    1 |   1 | hanpak33 | 삼성휴대폰  | h1234 | 150000 |    1 | h1234 | 삼성 휴대폰 | 150000 | ./img/1.jpg  |    15 | Y    |
|   1 | hanpak33 | a1234 | hanpak@nate.com  | 01012345678 | 1     | A      |   20 | 2023-08-01 11:12:27 |    2 |   1 | hanpak33 | LG세탁기    | s0042 | 800000 |    1 | h1234 | 삼성 휴대폰 | 150000 | ./img/1.jpg  |    15 | Y    |
|   1 | hanpak33 | a1234 | hanpak@nate.com  | 01012345678 | 1     | A      |   20 | 2023-08-01 11:12:27 |    3 |   1 | hanpak33 | 삼성 에어콘 | s0041 | 950000 |    1 | h1234 | 삼성 휴대폰 | 150000 | ./img/1.jpg  |    15 | Y    |
|   6 | wwms123  | a1234 | wwms@nate.com    | 01052345683 | 1     | E      |   70 | 2023-08-03 17:36:00 |    4 |   6 | wwms123  | 삼성 에어콘 | s0041 | 950000 |    1 | h1234 | 삼성 휴대폰 | 150000 | ./img/1.jpg  |    15 | Y    |
|  14 | nbx321   | a1234 | nbx321@naver.com | 01015345691 | 6     | F      |   50 | 2023-08-06 09:11:51 |    5 |  14 | nbx321   | 선풍기      | p0006 | 100000 |    1 | h1234 | 삼성 휴대폰 | 150000 | ./img/1.jpg  |    15 | Y    |
|  14 | nbx321   | a1234 | nbx321@naver.com | 01015345691 | 6     | F      |   50 | 2023-08-06 09:11:51 |    6 |  14 | nbx321   | 20kg 쌀     | f0001 |  50000 |    1 | h1234 | 삼성 휴대폰 | 150000 | ./img/1.jpg  |    15 | Y    |
|   1 | hanpak33 | a1234 | hanpak@nate.com  | 01012345678 | 1     | A      |   20 | 2023-08-01 11:12:27 |    1 |   1 | hanpak33 | 삼성휴대폰  | h1234 | 150000 |    2 | s0041 | 삼성 에어콘 | 950000 | ./img/2.jpg  |    10 | Y    |
|   1 | hanpak33 | a1234 | hanpak@nate.com  | 01012345678 | 1     | A      |   20 | 2023-08-01 11:12:27 |    2 |   1 | hanpak33 | LG세탁기    | s0042 | 800000 |    2 | s0041 | 삼성 에어콘 | 950000 | ./img/2.jpg  |    10 | Y    |
|   1 | hanpak33 | a1234 | hanpak@nate.com  | 01012345678 | 1     | A      |   20 | 2023-08-01 11:12:27 |    3 |   1 | hanpak33 | 삼성 에어콘 | s0041 | 950000 |    2 | s0041 | 삼성 에어콘 | 950000 | ./img/2.jpg  |    10 | Y    |
|   6 | wwms123  | a1234 | wwms@nate.com    | 01052345683 | 1     | E      |   70 | 2023-08-03 17:36:00 |    4 |   6 | wwms123  | 삼성 에어콘 | s0041 | 950000 |    2 | s0041 | 삼성 에어콘 | 950000 | ./img/2.jpg  |    10 | Y    |
|  14 | nbx321   | a1234 | nbx321@naver.com | 01015345691 | 6     | F      |   50 | 2023-08-06 09:11:51 |    5 |  14 | nbx321   | 선풍기      | p0006 | 100000 |    2 | s0041 | 삼성 에어콘 | 950000 | ./img/2.jpg  |    10 | Y    |
|  14 | nbx321   | a1234 | nbx321@naver.com | 01015345691 | 6     | F      |   50 | 2023-08-06 09:11:51 |    6 |  14 | nbx321   | 20kg 쌀     | f0001 |  50000 |    2 | s0041 | 삼성 에어콘 | 950000 | ./img/2.jpg  |    10 | Y    |
|   1 | hanpak33 | a1234 | hanpak@nate.com  | 01012345678 | 1     | A      |   20 | 2023-08-01 11:12:27 |    1 |   1 | hanpak33 | 삼성휴대폰  | h1234 | 150000 |    3 | s0042 | LG 세탁기   | 800000 | ./img/3.jpg  |     5 | Y    |
|   1 | hanpak33 | a1234 | hanpak@nate.com  | 01012345678 | 1     | A      |   20 | 2023-08-01 11:12:27 |    2 |   1 | hanpak33 | LG세탁기    | s0042 | 800000 |    3 | s0042 | LG 세탁기   | 800000 | ./img/3.jpg  |     5 | Y    |
|   1 | hanpak33 | a1234 | hanpak@nate.com  | 01012345678 | 1     | A      |   20 | 2023-08-01 11:12:27 |    3 |   1 | hanpak33 | 삼성 에어콘 | s0041 | 950000 |    3 | s0042 | LG 세탁기   | 800000 | ./img/3.jpg  |     5 | Y    |
|   6 | wwms123  | a1234 | wwms@nate.com    | 01052345683 | 1     | E      |   70 | 2023-08-03 17:36:00 |    4 |   6 | wwms123  | 삼성 에어콘 | s0041 | 950000 |    3 | s0042 | LG 세탁기   | 800000 | ./img/3.jpg  |     5 | Y    |
|  14 | nbx321   | a1234 | nbx321@naver.com | 01015345691 | 6     | F      |   50 | 2023-08-06 09:11:51 |    5 |  14 | nbx321   | 선풍기      | p0006 | 100000 |    3 | s0042 | LG 세탁기   | 800000 | ./img/3.jpg  |     5 | Y    |
|  14 | nbx321   | a1234 | nbx321@naver.com | 01015345691 | 6     | F      |   50 | 2023-08-06 09:11:51 |    6 |  14 | nbx321   | 20kg 쌀     | f0001 |  50000 |    3 | s0042 | LG 세탁기   | 800000 | ./img/3.jpg  |     5 | Y    |
|   1 | hanpak33 | a1234 | hanpak@nate.com  | 01012345678 | 1     | A      |   20 | 2023-08-01 11:12:27 |    1 |   1 | hanpak33 | 삼성휴대폰  | h1234 | 150000 |    4 | p0006 | 선풍기      | 100000 | ./img/4.jpg  |     0 | Y    |
|   1 | hanpak33 | a1234 | hanpak@nate.com  | 01012345678 | 1     | A      |   20 | 2023-08-01 11:12:27 |    2 |   1 | hanpak33 | LG세탁기    | s0042 | 800000 |    4 | p0006 | 선풍기      | 100000 | ./img/4.jpg  |     0 | Y    |
|   1 | hanpak33 | a1234 | hanpak@nate.com  | 01012345678 | 1     | A      |   20 | 2023-08-01 11:12:27 |    3 |   1 | hanpak33 | 삼성 에어콘 | s0041 | 950000 |    4 | p0006 | 선풍기      | 100000 | ./img/4.jpg  |     0 | Y    |
|   6 | wwms123  | a1234 | wwms@nate.com    | 01052345683 | 1     | E      |   70 | 2023-08-03 17:36:00 |    4 |   6 | wwms123  | 삼성 에어콘 | s0041 | 950000 |    4 | p0006 | 선풍기      | 100000 | ./img/4.jpg  |     0 | Y    |
|  14 | nbx321   | a1234 | nbx321@naver.com | 01015345691 | 6     | F      |   50 | 2023-08-06 09:11:51 |    5 |  14 | nbx321   | 선풍기      | p0006 | 100000 |    4 | p0006 | 선풍기      | 100000 | ./img/4.jpg  |     0 | Y    |
|  14 | nbx321   | a1234 | nbx321@naver.com | 01015345691 | 6     | F      |   50 | 2023-08-06 09:11:51 |    6 |  14 | nbx321   | 20kg 쌀     | f0001 |  50000 |    4 | p0006 | 선풍기      | 100000 | ./img/4.jpg  |     0 | Y    |
|   1 | hanpak33 | a1234 | hanpak@nate.com  | 01012345678 | 1     | A      |   20 | 2023-08-01 11:12:27 |    1 |   1 | hanpak33 | 삼성휴대폰  | h1234 | 150000 |    5 | f0001 | 20kg 쌀     |  50000 | ./img/41.jpg |     5 | Y    |
|   1 | hanpak33 | a1234 | hanpak@nate.com  | 01012345678 | 1     | A      |   20 | 2023-08-01 11:12:27 |    2 |   1 | hanpak33 | LG세탁기    | s0042 | 800000 |    5 | f0001 | 20kg 쌀     |  50000 | ./img/41.jpg |     5 | Y    |
|   1 | hanpak33 | a1234 | hanpak@nate.com  | 01012345678 | 1     | A      |   20 | 2023-08-01 11:12:27 |    3 |   1 | hanpak33 | 삼성 에어콘 | s0041 | 950000 |    5 | f0001 | 20kg 쌀     |  50000 | ./img/41.jpg |     5 | Y    |
|   6 | wwms123  | a1234 | wwms@nate.com    | 01052345683 | 1     | E      |   70 | 2023-08-03 17:36:00 |    4 |   6 | wwms123  | 삼성 에어콘 | s0041 | 950000 |    5 | f0001 | 20kg 쌀     |  50000 | ./img/41.jpg |     5 | Y    |
|  14 | nbx321   | a1234 | nbx321@naver.com | 01015345691 | 6     | F      |   50 | 2023-08-06 09:11:51 |    5 |  14 | nbx321   | 선풍기      | p0006 | 100000 |    5 | f0001 | 20kg 쌀     |  50000 | ./img/41.jpg |     5 | Y    |
|  14 | nbx321   | a1234 | nbx321@naver.com | 01015345691 | 6     | F      |   50 | 2023-08-06 09:11:51 |    6 |  14 | nbx321   | 20kg 쌀     | f0001 |  50000 |    5 | f0001 | 20kg 쌀     |  50000 | ./img/41.jpg |     5 | Y    |
|   1 | hanpak33 | a1234 | hanpak@nate.com  | 01012345678 | 1     | A      |   20 | 2023-08-01 11:12:27 |    1 |   1 | hanpak33 | 삼성휴대폰  | h1234 | 150000 |    6 | f0002 | 10kg 쌀     |  30000 | ./img/42.jpg |     5 | Y    |
|   1 | hanpak33 | a1234 | hanpak@nate.com  | 01012345678 | 1     | A      |   20 | 2023-08-01 11:12:27 |    2 |   1 | hanpak33 | LG세탁기    | s0042 | 800000 |    6 | f0002 | 10kg 쌀     |  30000 | ./img/42.jpg |     5 | Y    |
|   1 | hanpak33 | a1234 | hanpak@nate.com  | 01012345678 | 1     | A      |   20 | 2023-08-01 11:12:27 |    3 |   1 | hanpak33 | 삼성 에어콘 | s0041 | 950000 |    6 | f0002 | 10kg 쌀     |  30000 | ./img/42.jpg |     5 | Y    |
|   6 | wwms123  | a1234 | wwms@nate.com    | 01052345683 | 1     | E      |   70 | 2023-08-03 17:36:00 |    4 |   6 | wwms123  | 삼성 에어콘 | s0041 | 950000 |    6 | f0002 | 10kg 쌀     |  30000 | ./img/42.jpg |     5 | Y    |
|  14 | nbx321   | a1234 | nbx321@naver.com | 01015345691 | 6     | F      |   50 | 2023-08-06 09:11:51 |    5 |  14 | nbx321   | 선풍기      | p0006 | 100000 |    6 | f0002 | 10kg 쌀     |  30000 | ./img/42.jpg |     5 | Y    |
|  14 | nbx321   | a1234 | nbx321@naver.com | 01015345691 | 6     | F      |   50 | 2023-08-06 09:11:51 |    6 |  14 | nbx321   | 20kg 쌀     | f0001 |  50000 |    6 | f0002 | 10kg 쌀     |  30000 | ./img/42.jpg |     5 | Y    |
|   1 | hanpak33 | a1234 | hanpak@nate.com  | 01012345678 | 1     | A      |   20 | 2023-08-01 11:12:27 |    1 |   1 | hanpak33 | 삼성휴대폰  | h1234 | 150000 |    7 | f0003 | 4kg 쌀      |  15000 | ./img/43.jpg |     5 | Y    |
|   1 | hanpak33 | a1234 | hanpak@nate.com  | 01012345678 | 1     | A      |   20 | 2023-08-01 11:12:27 |    2 |   1 | hanpak33 | LG세탁기    | s0042 | 800000 |    7 | f0003 | 4kg 쌀      |  15000 | ./img/43.jpg |     5 | Y    |
|   1 | hanpak33 | a1234 | hanpak@nate.com  | 01012345678 | 1     | A      |   20 | 2023-08-01 11:12:27 |    3 |   1 | hanpak33 | 삼성 에어콘 | s0041 | 950000 |    7 | f0003 | 4kg 쌀      |  15000 | ./img/43.jpg |     5 | Y    |
|   6 | wwms123  | a1234 | wwms@nate.com    | 01052345683 | 1     | E      |   70 | 2023-08-03 17:36:00 |    4 |   6 | wwms123  | 삼성 에어콘 | s0041 | 950000 |    7 | f0003 | 4kg 쌀      |  15000 | ./img/43.jpg |     5 | Y    |
|  14 | nbx321   | a1234 | nbx321@naver.com | 01015345691 | 6     | F      |   50 | 2023-08-06 09:11:51 |    5 |  14 | nbx321   | 선풍기      | p0006 | 100000 |    7 | f0003 | 4kg 쌀      |  15000 | ./img/43.jpg |     5 | Y    |
|  14 | nbx321   | a1234 | nbx321@naver.com | 01015345691 | 6     | F      |   50 | 2023-08-06 09:11:51 |    6 |  14 | nbx321   | 20kg 쌀     | f0001 |  50000 |    7 | f0003 | 4kg 쌀      |  15000 | ./img/43.jpg |     5 | Y    |
+-----+----------+-------+------------------+-------------+-------+--------+------+---------------------+------+-----+----------+-------------+-------+--------+------+-------+-------------+--------+--------------+-------+------+
42 rows in set (0.001 sec)

MariaDB [web]> select * from member as a join basket as b join product as c where a.mid = b.mid and a.mid='wwms123' and b.pcode=c.pcode;
+-----+---------+-------+---------------+-------------+-------+--------+------+---------------------+------+-----+---------+-------------+-------+--------+------+-------+-------------+--------+-------------+-------+------+
| mno | mid     | mpass | memail        | mtel        | marea | minter | mage | mdate               | bidx | mno | mid     | pname       | pcode | pmoney | pidx | pcode | pname       | pmoney | pimg        | psale | puse |
+-----+---------+-------+---------------+-------------+-------+--------+------+---------------------+------+-----+---------+-------------+-------+--------+------+-------+-------------+--------+-------------+-------+------+
|   6 | wwms123 | a1234 | wwms@nate.com | 01052345683 | 1     | E      |   70 | 2023-08-03 17:36:00 |    4 |   6 | wwms123 | 삼성 에어콘 | s0041 | 950000 |    2 | s0041 | 삼성 에어콘 | 950000 | ./img/2.jpg |    10 | Y    |
+-----+---------+-------+---------------+-------------+-------+--------+------+---------------------+------+-----+---------+-------------+-------+--------+------+-------+-------------+--------+-------------+-------+------+
1 row in set (0.001 sec)

MariaDB [web]> select a.mid,a.mtel,b.pcode,c.pname,c.pmoney,c.pimg,c.psale from member as a join basket as b join product as c where a.mid = b.mid and a.mid='wwms123' and b.pcode=c.pcode;
+---------+-------------+-------+-------------+--------+-------------+-------+
| mid     | mtel        | pcode | pname       | pmoney | pimg        | psale |
+---------+-------------+-------+-------------+--------+-------------+-------+
| wwms123 | 01052345683 | s0041 | 삼성 에어콘 | 950000 | ./img/2.jpg |    10 |
+---------+-------------+-------+-------------+--------+-------------+-------+
1 row in set (0.000 sec)

MariaDB [web]> select a.mid,a.memail,a.mtel,b.pname,b.pmoney,c.pimg from member as a join basket as b join product as c where a.mid = b.mid and a.mid='nbx321' and b.pcode=c.pcode;
+--------+------------------+-------------+---------+--------+--------------+
| mid    | memail           | mtel        | pname   | pmoney | pimg         |
+--------+------------------+-------------+---------+--------+--------------+
| nbx321 | nbx321@naver.com | 01015345691 | 선풍기  | 100000 | ./img/4.jpg  |
| nbx321 | nbx321@naver.com | 01015345691 | 20kg 쌀 |  50000 | ./img/41.jpg |
+--------+------------------+-------------+---------+--------+--------------+
2 rows in set (0.000 sec)

MariaDB [web]> select a.mid,a.memail,a.mtel,b.pname,b.pmoney,c.pimg from member as a join basket as b join product as c where a.mid = b.mid and a.mid='nbx321' and b.pcode=c.pcode;
+--------+------------------+-------------+---------+--------+--------------+
| mid    | memail           | mtel        | pname   | pmoney | pimg         |
+--------+------------------+-------------+---------+--------+--------------+
| nbx321 | nbx321@naver.com | 01015345691 | 선풍기  | 100000 | ./img/4.jpg  |
| nbx321 | nbx321@naver.com | 01015345691 | 20kg 쌀 |  50000 | ./img/41.jpg |
+--------+------------------+-------------+---------+--------+--------------+
2 rows in set (0.001 sec)

MariaDB [web]> select * from basket
    -> select * from basket;
ERROR 1064 (42000): You have an error in your SQL syntax; check the manual that corresponds to your MariaDB server version for the right syntax to use near 'select * from basket' at line 2
MariaDB [web]> select * from basket;
+------+-----+----------+-------------+-------+--------+
| bidx | mno | mid      | pname       | pcode | pmoney |
+------+-----+----------+-------------+-------+--------+
|    1 |   1 | hanpak33 | 삼성휴대폰  | h1234 | 150000 |
|    2 |   1 | hanpak33 | LG세탁기    | s0042 | 800000 |
|    3 |   1 | hanpak33 | 삼성 에어콘 | s0041 | 950000 |
|    4 |   6 | wwms123  | 삼성 에어콘 | s0041 | 950000 |
|    5 |  14 | nbx321   | 선풍기      | p0006 | 100000 |
|    6 |  14 | nbx321   | 20kg 쌀     | f0001 |  50000 |
+------+-----+----------+-------------+-------+--------+
6 rows in set (0.000 sec)

MariaDB [web]> select sum(pmoney) from basket where mid='nbx321';
+-------------+
| sum(pmoney) |
+-------------+
|      150000 |
+-------------+
1 row in set (0.000 sec)

MariaDB [web]> select *from basket;
+------+-----+----------+-------------+-------+--------+
| bidx | mno | mid      | pname       | pcode | pmoney |
+------+-----+----------+-------------+-------+--------+
|    1 |   1 | hanpak33 | 삼성휴대폰  | h1234 | 150000 |
|    2 |   1 | hanpak33 | LG세탁기    | s0042 | 800000 |
|    3 |   1 | hanpak33 | 삼성 에어콘 | s0041 | 950000 |
|    4 |   6 | wwms123  | 삼성 에어콘 | s0041 | 950000 |
|    5 |  14 | nbx321   | 선풍기      | p0006 | 100000 |
|    6 |  14 | nbx321   | 20kg 쌀     | f0001 |  50000 |
+------+-----+----------+-------------+-------+--------+
6 rows in set (0.000 sec)

MariaDB [web]> select avg(pmoney) from basket;
+-------------+
| avg(pmoney) |
+-------------+
| 500000.0000 |
+-------------+
1 row in set (0.000 sec)

MariaDB [web]> select count(*) from basket group by mid;
+----------+
| count(*) |
+----------+
|        3 |
|        2 |
|        1 |
+----------+
3 rows in set (0.000 sec)

MariaDB [web]> select * from member;
+-----+---------------+-------+-----------------------+-------------+-------+--------+------+---------------------+
| mno | mid           | mpass | memail                | mtel        | marea | minter | mage | mdate               |
+-----+---------------+-------+-----------------------+-------------+-------+--------+------+---------------------+
|   1 | hanpak33      | a1234 | hanpak@nate.com       | 01012345678 | 1     | A      |   20 | 2023-08-01 11:12:27 |
|   2 | pdjmmp537189  | a1234 | pdjmmp@gmail.com      | 01022345679 | 10    | B      |   30 | 2023-08-02 14:32:08 |
|   3 | mbudhyr876602 | a1234 | mbudhyr87@hanmail.net | 01012345680 | 11    | B      |   30 | 2023-08-02 16:30:29 |
|   4 | vpjvc487555   | a1234 | vpjvc@naver.com       | 01042345681 | 9     | C      |   60 | 2023-08-03 10:10:30 |
|   5 | slbcw273355   | a1234 | slbcw273355@gmail.com | 01012345682 | 2     | E      |   40 | 2023-08-03 12:12:31 |
|   6 | wwms123       | a1234 | wwms@nate.com         | 01052345683 | 1     | E      |   70 | 2023-08-03 17:36:00 |
|   7 | qy8ixfd9      | a1234 | qy8ixfd9@hotmail.com  | 01012345684 | 3     | C      |   50 | 2023-08-03 19:22:33 |
|   8 | bmsn9931      | a1234 | bmsn99@naver.com      | 01022345685 | 1     | F      |   60 | 2023-08-04 10:00:04 |
|   9 | ekaqo123      | a1234 | ekaqo123@nate.com     | 01072345686 | 7     | A      |   40 | 2023-08-04 11:11:22 |
|  10 | 2s5ukd        | a1234 | 2s5ukd@naver.com      | 01012345687 | 1     | B      |   20 | 2023-08-04 12:01:56 |
|  11 | sin0313       | a1234 | sin03@nate.com        | 01092345688 | 2     | A      |   20 | 2023-08-05 14:11:37 |
|  12 | bmsn9931      | a1234 | bmsn9931@nave.com     | 01042345689 | 2     | A      |   60 | 2023-08-05 15:22:18 |
|  13 | chl951028     | a1234 | chl95@nate.com        | 01052345690 | 3     | E      |   60 | 2023-08-05 17:51:09 |
|  14 | nbx321        | a1234 | nbx321@naver.com      | 01015345691 | 6     | F      |   50 | 2023-08-06 09:11:51 |
|  15 | bnsd3821      | a1234 | bnsd3821@gmail.com    | 01013345692 | 8     | F      |   40 | 2023-08-06 15:02:41 |
+-----+---------------+-------+-----------------------+-------------+-------+--------+------+---------------------+
15 rows in set (0.000 sec)

MariaDB [web]> select count(*) from member group by mage;
+----------+
| count(*) |
+----------+
|        3 |
|        2 |
|        3 |
|        2 |
|        4 |
|        1 |
+----------+
6 rows in set (0.000 sec)

MariaDB [web]> select mage, count(*) from member group by mage;
+------+----------+
| mage | count(*) |
+------+----------+
|   20 |        3 |
|   30 |        2 |
|   40 |        3 |
|   50 |        2 |
|   60 |        4 |
|   70 |        1 |
+------+----------+
6 rows in set (0.000 sec)

MariaDB [web]> select mage, count(*) as number from member group by mage;
+------+--------+
| mage | number |
+------+--------+
|   20 |      3 |
|   30 |      2 |
|   40 |      3 |
|   50 |      2 |
|   60 |      4 |
|   70 |      1 |
+------+--------+
6 rows in set (0.000 sec)

MariaDB [web]> select * from member;
+-----+---------------+-------+-----------------------+-------------+-------+--------+------+---------------------+
| mno | mid           | mpass | memail                | mtel        | marea | minter | mage | mdate               |
+-----+---------------+-------+-----------------------+-------------+-------+--------+------+---------------------+
|   1 | hanpak33      | a1234 | hanpak@nate.com       | 01012345678 | 1     | A      |   20 | 2023-08-01 11:12:27 |
|   2 | pdjmmp537189  | a1234 | pdjmmp@gmail.com      | 01022345679 | 10    | B      |   30 | 2023-08-02 14:32:08 |
|   3 | mbudhyr876602 | a1234 | mbudhyr87@hanmail.net | 01012345680 | 11    | B      |   30 | 2023-08-02 16:30:29 |
|   4 | vpjvc487555   | a1234 | vpjvc@naver.com       | 01042345681 | 9     | C      |   60 | 2023-08-03 10:10:30 |
|   5 | slbcw273355   | a1234 | slbcw273355@gmail.com | 01012345682 | 2     | E      |   40 | 2023-08-03 12:12:31 |
|   6 | wwms123       | a1234 | wwms@nate.com         | 01052345683 | 1     | E      |   70 | 2023-08-03 17:36:00 |
|   7 | qy8ixfd9      | a1234 | qy8ixfd9@hotmail.com  | 01012345684 | 3     | C      |   50 | 2023-08-03 19:22:33 |
|   8 | bmsn9931      | a1234 | bmsn99@naver.com      | 01022345685 | 1     | F      |   60 | 2023-08-04 10:00:04 |
|   9 | ekaqo123      | a1234 | ekaqo123@nate.com     | 01072345686 | 7     | A      |   40 | 2023-08-04 11:11:22 |
|  10 | 2s5ukd        | a1234 | 2s5ukd@naver.com      | 01012345687 | 1     | B      |   20 | 2023-08-04 12:01:56 |
|  11 | sin0313       | a1234 | sin03@nate.com        | 01092345688 | 2     | A      |   20 | 2023-08-05 14:11:37 |
|  12 | bmsn9931      | a1234 | bmsn9931@nave.com     | 01042345689 | 2     | A      |   60 | 2023-08-05 15:22:18 |
|  13 | chl951028     | a1234 | chl95@nate.com        | 01052345690 | 3     | E      |   60 | 2023-08-05 17:51:09 |
|  14 | nbx321        | a1234 | nbx321@naver.com      | 01015345691 | 6     | F      |   50 | 2023-08-06 09:11:51 |
|  15 | bnsd3821      | a1234 | bnsd3821@gmail.com    | 01013345692 | 8     | F      |   40 | 2023-08-06 15:02:41 |
+-----+---------------+-------+-----------------------+-------------+-------+--------+------+---------------------+
15 rows in set (0.000 sec)

MariaDB [web]> show tables;
+---------------+
| Tables_in_web |
+---------------+
| admin         |
| basket        |
| census        |
| event         |
| member        |
| member2       |
| pay           |
| product       |
| user          |
+---------------+
9 rows in set (0.000 sec)

MariaDB [web]> select * from census;
+-----+--------+------------+----------------------+-------+-------+-------------+------+---------+-------+---------------------+
| cno | cname  | cid        | cemail               | carea | cwifi | ctel        | cage | cgender | ccode | cdate               |
+-----+--------+------------+----------------------+-------+-------+-------------+------+---------+-------+---------------------+
|   1 | 성재열 | youlrak    | youlrak@hanmail.net  |     1 | KT    | 01023456778 |   31 | m       | 006   | 0001-01-01 00:00:00 |
|   2 | 이재영 | jy95le     | jy95le@gmail.com     |     3 | SKT   | 01015553909 |   33 | w       | 002   | 0001-01-01 00:00:00 |
|   3 | 장상필 | cloudjsp   | cloudjsp@me.com      |     6 | LGT   | 01045121147 |   41 | m       | 003   | 0001-01-01 00:00:00 |
|   4 | 김지영 | jyk8591    | jyk8591@naver.com    |     3 | SKT   | 01036322346 |   29 | w       | 001   | 0001-01-01 00:00:00 |
|   5 | 천경희 | ckh0336    | ckh0336@nate.com     |     1 | LGT   | 01010383237 |   33 | w       | 008   | 0001-01-01 00:00:00 |
|   6 | 조형래 | hrcho      | hrcho@hotmail.com    |     1 | SKT   | 01057129098 |   38 | m       | 001   | 0001-01-01 00:00:00 |
|   7 | 김혜령 | hyerykim   | hyerykim@naver.com   |     2 | LGT   | 01023038704 |   36 | w       | 008   | 0001-01-01 00:00:00 |
|   8 | 김경호 | fantasy    | fantasy@gmail.com    |     8 | SKT   | 01028849702 |   37 | m       | 005   | 0001-01-01 00:00:00 |
|   9 | 채진석 | jchae      | jchae@gmail.com      |     7 | KT    | 01081425242 |   40 | m       | 002   | 0001-01-01 00:00:00 |
|  10 | 김승균 | skkim06    | skkim06@naver.com    |     5 | SKT   | 01091426704 |   39 | m       | 008   | 0001-01-01 00:00:00 |
|  11 | 유영선 | tawake     | tawake@nate.com      |     2 | KT    | 01097985569 |   27 | w       | 007   | 0001-01-01 00:00:00 |
|  12 | 유희   | yoohee     | yoohee@naver.com     |     2 | SKT   | 01004020505 |   29 | w       | 008   | 0001-01-01 00:00:00 |
|  13 | 허광영 | gyheo      | gyheo@nate.com       |     1 | KT    | 01036993883 |   30 | m       | 004   | 0001-01-01 00:00:00 |
|  14 | 채지희 | mevoyage   | mevoyage@naver.com   |     9 | KT    | 01025233148 |   32 | w       | 002   | 0001-01-01 00:00:00 |
|  15 | 임현선 | alfocareer | alfocareer@gmail.com |     3 | SKT   | 01045789692 |   36 | w       | 008   | 0001-01-01 00:00:00 |
+-----+--------+------------+----------------------+-------+-------+-------------+------+---------+-------+---------------------+
15 rows in set (0.007 sec)

MariaDB [web]> select cgender , count(*) from census group by cgender;
+---------+----------+
| cgender | count(*) |
+---------+----------+
| m       |        7 |
| w       |        8 |
+---------+----------+
2 rows in set (0.000 sec)

MariaDB [web]> select cgender , count(*) as number from census group by cgender;
+---------+--------+
| cgender | number |
+---------+--------+
| m       |      7 |
| w       |      8 |
+---------+--------+
2 rows in set (0.000 sec)

MariaDB [web]> select carea,cwifi,count(*) as number from census group by cwifi;
+-------+-------+--------+
| carea | cwifi | number |
+-------+-------+--------+
|     1 | KT    |      5 |
|     6 | LGT   |      3 |
|     3 | SKT   |      7 |
+-------+-------+--------+
3 rows in set (0.000 sec)

MariaDB [web]> select carea,cwifi,count(*) as number from census group by cwifi and where carea='1';
ERROR 1064 (42000): You have an error in your SQL syntax; check the manual that corresponds to your MariaDB server version for the right syntax to use near 'where carea='1'' at line 1
MariaDB [web]> select carea,cwifi,count(*) as number from census where carea='1' group by cwifi;
+-------+-------+--------+
| carea | cwifi | number |
+-------+-------+--------+
|     1 | KT    |      2 |
|     1 | LGT   |      1 |
|     1 | SKT   |      1 |
+-------+-------+--------+
3 rows in set (0.000 sec)

MariaDB [web]> select cwifi,count(*) as number from census where carea='1' group by cwifi;
+-------+--------+
| cwifi | number |
+-------+--------+
| KT    |      2 |
| LGT   |      1 |
| SKT   |      1 |
+-------+--------+
3 rows in set (0.000 sec)

MariaDB [web]> exit
Bye

D:\MariaDB 10.4\bin>mysql -u root -p
Enter password: ********
Welcome to the MariaDB monitor.  Commands end with ; or \g.
Your MariaDB connection id is 14
Server version: 10.4.30-MariaDB mariadb.org binary distribution

Copyright (c) 2000, 2018, Oracle, MariaDB Corporation Ab and others.

Type 'help;' or '\h' for help. Type '\c' to clear the current input statement.

MariaDB [(none)]> create user 'park'@'localhost identified by 'p1234';
    '> create user 'park'@'localhost identified by 'p1234';
ERROR 1064 (42000): You have an error in your SQL syntax; check the manual that corresponds to your MariaDB server version for the right syntax to use near 'p1234';
create user 'park'@'localhost identified by 'p1234'' at line 1
MariaDB [(none)]> create user 'park'@'localhost' identified by 'p1234';
Query OK, 0 rows affected (0.003 sec)

MariaDB [(none)]> show databases;
+--------------------+
| Database           |
+--------------------+
| information_schema |
| mysql              |
| performance_schema |
| shopping           |
| web                |
+--------------------+
5 rows in set (0.000 sec)

MariaDB [(none)]> create database shop;
Query OK, 1 row affected (0.000 sec)

MariaDB [(none)]> show databases;
+--------------------+
| Database           |
+--------------------+
| information_schema |
| mysql              |
| performance_schema |
| shop               |
| shopping           |
| web                |
+--------------------+
6 rows in set (0.000 sec)

MariaDB [(none)]> insert into shop values('localhost','shop','park','y','y','y','y','y','y','y','y','y','y','y','y','y','y','y','y','y','y','y','y');
ERROR 1046 (3D000): No database selected
MariaDB [(none)]> use shop;
Database changed
MariaDB [shop]> insert into shop values('localhost','shop','park','y','y','y','y','y','y','y','y','y','y','y','y','y','y','y','y','y','y','y','y');
ERROR 1146 (42S02): Table 'shop.shop' doesn't exist
MariaDB [shop]> use shop;
Database changed
MariaDB [shop]> insert into db values('localhost','shop','park','y','y','y','y','y','y','y','y','y','y','y','y','y','y','y','y','y','y','y','y');
ERROR 1146 (42S02): Table 'shop.db' doesn't exist
MariaDB [shop]> insert into db values('localhost','shop','park','y','y','y','y','y','y','y','y','y','y','y','y','y','y','y','y','y','y','y','y');
ERROR 1146 (42S02): Table 'shop.db' doesn't exist
MariaDB [shop]> exit
Bye

D:\MariaDB 10.4\bin>mysql -u root -p
Enter password: *******
ERROR 1045 (28000): Access denied for user 'root'@'localhost' (using password: YES)

D:\MariaDB 10.4\bin>mysql -u root -p
Enter password: ********
Welcome to the MariaDB monitor.  Commands end with ; or \g.
Your MariaDB connection id is 16
Server version: 10.4.30-MariaDB mariadb.org binary distribution

Copyright (c) 2000, 2018, Oracle, MariaDB Corporation Ab and others.

Type 'help;' or '\h' for help. Type '\c' to clear the current input statement.

MariaDB [(none)]> show databases;
+--------------------+
| Database           |
+--------------------+
| information_schema |
| mysql              |
| performance_schema |
| shop               |
| shopping           |
| web                |
+--------------------+
6 rows in set (0.000 sec)

MariaDB [(none)]> use mysql
Database changed
MariaDB [mysql]> show tables;
+---------------------------+
| Tables_in_mysql           |
+---------------------------+
| column_stats              |
| columns_priv              |
| db                        |
| event                     |
| func                      |
| general_log               |
| global_priv               |
| gtid_slave_pos            |
| help_category             |
| help_keyword              |
| help_relation             |
| help_topic                |
| index_stats               |
| innodb_index_stats        |
| innodb_table_stats        |
| plugin                    |
| proc                      |
| procs_priv                |
| proxies_priv              |
| roles_mapping             |
| servers                   |
| slow_log                  |
| table_stats               |
| tables_priv               |
| time_zone                 |
| time_zone_leap_second     |
| time_zone_name            |
| time_zone_transition      |
| time_zone_transition_type |
| transaction_registry      |
| user                      |
+---------------------------+
31 rows in set (0.001 sec)

MariaDB [mysql]> insert into db values('localhost','shop','park','y','y','y','y','y','y','y','y','y','y','y','y','y','y','y','y','y','y','y','y');
Query OK, 1 row affected (0.002 sec)

MariaDB [mysql]> desc tables;
ERROR 1146 (42S02): Table 'mysql.tables' doesn't exist
MariaDB [mysql]> select * from tables;
ERROR 1146 (42S02): Table 'mysql.tables' doesn't exist
MariaDB [mysql]> exit
Bye

D:\MariaDB 10.4\bin>mysql -u root -p
Enter password: ********
Welcome to the MariaDB monitor.  Commands end with ; or \g.
Your MariaDB connection id is 17
Server version: 10.4.30-MariaDB mariadb.org binary distribution

Copyright (c) 2000, 2018, Oracle, MariaDB Corporation Ab and others.

Type 'help;' or '\h' for help. Type '\c' to clear the current input statement.

MariaDB [(none)]> exit
Bye

D:\MariaDB 10.4\bin>mysql -u root -p reload;
Enter password: ********
ERROR 1049 (42000): Unknown database 'reload;'

D:\MariaDB 10.4\bin>mysql -u root -p reload
Enter password: ********
ERROR 1049 (42000): Unknown database 'reload'

D:\MariaDB 10.4\bin>mariadb-admin -u root -p reload
Enter password: ********

D:\MariaDB 10.4\bin>mysql -u park -p
Enter password: *****
Welcome to the MariaDB monitor.  Commands end with ; or \g.
Your MariaDB connection id is 21
Server version: 10.4.30-MariaDB mariadb.org binary distribution

Copyright (c) 2000, 2018, Oracle, MariaDB Corporation Ab and others.

Type 'help;' or '\h' for help. Type '\c' to clear the current input statement.

MariaDB [(none)]> show databases;
+--------------------+
| Database           |
+--------------------+
| information_schema |
| shop               |
+--------------------+
2 rows in set (0.000 sec)

MariaDB [(none)]> show grants for mysql.user;
ERROR 1064 (42000): You have an error in your SQL syntax; check the manual that corresponds to your MariaDB server version for the right syntax to use near '.user' at line 1
MariaDB [(none)]> show grants mysql.user;
ERROR 1064 (42000): You have an error in your SQL syntax; check the manual that corresponds to your MariaDB server version for the right syntax to use near 'mysql.user' at line 1
MariaDB [(none)]> show grants for mysql.user 'park';
ERROR 1064 (42000): You have an error in your SQL syntax; check the manual that corresponds to your MariaDB server version for the right syntax to use near '.user 'park'' at line 1
MariaDB [(none)]> exit
Bye

D:\MariaDB 10.4\bin>mysql -u root -p
Enter password: ********
Welcome to the MariaDB monitor.  Commands end with ; or \g.
Your MariaDB connection id is 22
Server version: 10.4.30-MariaDB mariadb.org binary distribution

Copyright (c) 2000, 2018, Oracle, MariaDB Corporation Ab and others.

Type 'help;' or '\h' for help. Type '\c' to clear the current input statement.

MariaDB [(none)]> show databases;
+--------------------+
| Database           |
+--------------------+
| information_schema |
| mysql              |
| performance_schema |
| shop               |
| shopping           |
| web                |
+--------------------+
6 rows in set (0.000 sec)

MariaDB [(none)]> create database test22
    -> create database test22;
ERROR 1064 (42000): You have an error in your SQL syntax; check the manual that corresponds to your MariaDB server version for the right syntax to use near 'create database test22' at line 2
MariaDB [(none)]> create database test22;
Query OK, 1 row affected (0.001 sec)

MariaDB [(none)]> show databases;
+--------------------+
| Database           |
+--------------------+
| information_schema |
| mysql              |
| performance_schema |
| shop               |
| shopping           |
| test22             |
| web                |
+--------------------+
7 rows in set (0.000 sec)

MariaDB [(none)]> create user 'test22'@'localhost' identified by 'a123456';
Query OK, 0 rows affected (0.002 sec)

MariaDB [(none)]> use mysql;
Database changed
MariaDB [mysql]> show tables;
+---------------------------+
| Tables_in_mysql           |
+---------------------------+
| column_stats              |
| columns_priv              |
| db                        |
| event                     |
| func                      |
| general_log               |
| global_priv               |
| gtid_slave_pos            |
| help_category             |
| help_keyword              |
| help_relation             |
| help_topic                |
| index_stats               |
| innodb_index_stats        |
| innodb_table_stats        |
| plugin                    |
| proc                      |
| procs_priv                |
| proxies_priv              |
| roles_mapping             |
| servers                   |
| slow_log                  |
| table_stats               |
| tables_priv               |
| time_zone                 |
| time_zone_leap_second     |
| time_zone_name            |
| time_zone_transition      |
| time_zone_transition_type |
| transaction_registry      |
| user                      |
+---------------------------+
31 rows in set (0.001 sec)

MariaDB [mysql]> desc db;
+-----------------------+---------------+------+-----+---------+-------+
| Field                 | Type          | Null | Key | Default | Extra |
+-----------------------+---------------+------+-----+---------+-------+
| Host                  | char(60)      | NO   | PRI |         |       |
| Db                    | char(64)      | NO   | PRI |         |       |
| User                  | char(80)      | NO   | PRI |         |       |
| Select_priv           | enum('N','Y') | NO   |     | N       |       |
| Insert_priv           | enum('N','Y') | NO   |     | N       |       |
| Update_priv           | enum('N','Y') | NO   |     | N       |       |
| Delete_priv           | enum('N','Y') | NO   |     | N       |       |
| Create_priv           | enum('N','Y') | NO   |     | N       |       |
| Drop_priv             | enum('N','Y') | NO   |     | N       |       |
| Grant_priv            | enum('N','Y') | NO   |     | N       |       |
| References_priv       | enum('N','Y') | NO   |     | N       |       |
| Index_priv            | enum('N','Y') | NO   |     | N       |       |
| Alter_priv            | enum('N','Y') | NO   |     | N       |       |
| Create_tmp_table_priv | enum('N','Y') | NO   |     | N       |       |
| Lock_tables_priv      | enum('N','Y') | NO   |     | N       |       |
| Create_view_priv      | enum('N','Y') | NO   |     | N       |       |
| Show_view_priv        | enum('N','Y') | NO   |     | N       |       |
| Create_routine_priv   | enum('N','Y') | NO   |     | N       |       |
| Alter_routine_priv    | enum('N','Y') | NO   |     | N       |       |
| Execute_priv          | enum('N','Y') | NO   |     | N       |       |
| Event_priv            | enum('N','Y') | NO   |     | N       |       |
| Trigger_priv          | enum('N','Y') | NO   |     | N       |       |
| Delete_history_priv   | enum('N','Y') | NO   |     | N       |       |
+-----------------------+---------------+------+-----+---------+-------+
23 rows in set (0.012 sec)

MariaDB [mysql]> use shop
Database changed
MariaDB [shop]> create table test(
    -> tidx int not null auto_increment,
    -> tid char(50) not null,
    -> tno char(50) not null,
    -> pname char(100) not null,
    -> times timestamp not null default current_timestamp,
    -> primary key(tidx)
    -> );
Query OK, 0 rows affected (0.007 sec)

MariaDB [shop]> desc test;
+-------+-----------+------+-----+---------------------+----------------+
| Field | Type      | Null | Key | Default             | Extra          |
+-------+-----------+------+-----+---------------------+----------------+
| tidx  | int(11)   | NO   | PRI | NULL                | auto_increment |
| tid   | char(50)  | NO   |     | NULL                |                |
| tno   | char(50)  | NO   |     | NULL                |                |
| pname | char(100) | NO   |     | NULL                |                |
| times | timestamp | NO   |     | current_timestamp() |                |
+-------+-----------+------+-----+---------------------+----------------+
5 rows in set (0.010 sec)

MariaDB [shop]> insert into test values('0','hong1','123456','상품1',now());
Query OK, 1 row affected (0.002 sec)

MariaDB [shop]> insert into test values('0','hong2','123456','상품2',now());
Query OK, 1 row affected (0.001 sec)

MariaDB [shop]> insert into test values('0','hong3','123456','상품3',now());
Query OK, 1 row affected (0.002 sec)

MariaDB [shop]> insert into test values('0','hong4','123456','상품4',now());
Query OK, 1 row affected (0.002 sec)

MariaDB [shop]> insert into test values('0','hong5','123456','상품5',now());
Query OK, 1 row affected (0.001 sec)

MariaDB [shop]> insert into test values('0','hong6','123456','상품6',now());
Query OK, 1 row affected (0.001 sec)

MariaDB [shop]> insert into test values('0','hong7','123456','상품7',now());
Query OK, 1 row affected (0.001 sec)

MariaDB [shop]> insert into test values('0','hong8','123456','상품8',now());
Query OK, 1 row affected (0.001 sec)

MariaDB [shop]> insert into test values('0','hong9','123456','상품9',now());
Query OK, 1 row affected (0.001 sec)

MariaDB [shop]> insert into test values('0','hong10','123456','상품10',now());
Query OK, 1 row affected (0.001 sec)

MariaDB [shop]> insert into test values('0','hong11','123456','상품11',now());
Query OK, 1 row affected (0.002 sec)

MariaDB [shop]> select * from test;
+------+--------+--------+--------+---------------------+
| tidx | tid    | tno    | pname  | times               |
+------+--------+--------+--------+---------------------+
|    1 | hong1  | 123456 | 상품1  | 2023-08-23 14:49:24 |
|    2 | hong2  | 123456 | 상품2  | 2023-08-23 14:49:24 |
|    3 | hong3  | 123456 | 상품3  | 2023-08-23 14:49:24 |
|    4 | hong4  | 123456 | 상품4  | 2023-08-23 14:49:24 |
|    5 | hong5  | 123456 | 상품5  | 2023-08-23 14:49:24 |
|    6 | hong6  | 123456 | 상품6  | 2023-08-23 14:49:24 |
|    7 | hong7  | 123456 | 상품7  | 2023-08-23 14:49:24 |
|    8 | hong8  | 123456 | 상품8  | 2023-08-23 14:49:24 |
|    9 | hong9  | 123456 | 상품9  | 2023-08-23 14:49:24 |
|   10 | hong10 | 123456 | 상품10 | 2023-08-23 14:49:24 |
|   11 | hong11 | 123456 | 상품11 | 2023-08-23 14:49:37 |
+------+--------+--------+--------+---------------------+
11 rows in set (0.000 sec)

MariaDB [shop]> drop table test;
Query OK, 0 rows affected (0.006 sec)

MariaDB [shop]> show tables;
Empty set (0.000 sec)

MariaDB [shop]> create table shop_member(
    -> cidx int not null auto_increment,
    -> cid char(50) not null,
    -> cname char(50) not null,
    -> ccel char(11) not null,
    -> cmail char(50) not null,
    -> ctel char(14) not null,
    -> cpos1 char(10) not null,
    -> cpos2 char(100) not null,
    -> cpos3 char(100) not null,
    -> clev int(2) not null,
    -> carea char(2) not null,
    -> primary key(cidx,cid)
    -> );
Query OK, 0 rows affected (0.007 sec)

MariaDB [shop]> show tables;
+----------------+
| Tables_in_shop |
+----------------+
| shop_member    |
+----------------+
1 row in set (0.000 sec)

MariaDB [shop]> drop table shop_member;
Query OK, 0 rows affected (0.005 sec)

MariaDB [shop]> create table shop_member(
    -> sidx int not null auto_increment,
    -> sid char(50) not null,
    -> sname char(50) not null,
    -> scel char(11) not null,
    -> smail char(50) not null,
    -> stel char(14) not null,
    -> spos1 char(10) not null,
    -> spos2 char(100) not null,
    -> spos3 char(100) not null,
    -> slev int(2) not null,
    -> sarea char(2) not null,
    -> primary key(sidx,sid)
    -> );
Query OK, 0 rows affected (0.007 sec)

MariaDB [shop]> select * from shop_member;
Empty set (0.001 sec)

MariaDB [shop]> create table shop_member like 'shop_member2';
ERROR 1064 (42000): You have an error in your SQL syntax; check the manual that corresponds to your MariaDB server version for the right syntax to use near ''shop_member2'' at line 1
MariaDB [shop]> create table shop_member like shop_member2;
ERROR 1050 (42S01): Table 'shop_member' already exists
MariaDB [shop]> create table shop_member2 like shop_member;
Query OK, 0 rows affected (0.008 sec)

MariaDB [shop]> create table shop_member2 like shop_member;
ERROR 1050 (42S01): Table 'shop_member2' already exists
MariaDB [shop]> show tables;
+----------------+
| Tables_in_shop |
+----------------+
| shop_member    |
| shop_member2   |
+----------------+
2 rows in set (0.000 sec)

MariaDB [shop]> desc shop_member2;
+-------+-----------+------+-----+---------+----------------+
| Field | Type      | Null | Key | Default | Extra          |
+-------+-----------+------+-----+---------+----------------+
| sidx  | int(11)   | NO   | PRI | NULL    | auto_increment |
| sid   | char(50)  | NO   | PRI | NULL    |                |
| sname | char(50)  | NO   |     | NULL    |                |
| scel  | char(11)  | NO   |     | NULL    |                |
| smail | char(50)  | NO   |     | NULL    |                |
| stel  | char(14)  | NO   |     | NULL    |                |
| spos1 | char(10)  | NO   |     | NULL    |                |
| spos2 | char(100) | NO   |     | NULL    |                |
| spos3 | char(100) | NO   |     | NULL    |                |
| slev  | int(2)    | NO   |     | NULL    |                |
| sarea | char(2)   | NO   |     | NULL    |                |
+-------+-----------+------+-----+---------+----------------+
11 rows in set (0.012 sec)

MariaDB [shop]> insert into shop_member2 values(select * from shop_member);
ERROR 1064 (42000): You have an error in your SQL syntax; check the manual that corresponds to your MariaDB server version for the right syntax to use near 'select * from shop_member)' at line 1
MariaDB [shop]> insert into shop_member('0','alie','박용현','01050313314','x1178@naver.com','02-2205-4801','05321','서울 중구 퇴계로 97, 고려대연각타워 601호','23-1 3F','1','A');
ERROR 1064 (42000): You have an error in your SQL syntax; check the manual that corresponds to your MariaDB server version for the right syntax to use near ''0','alie','박용현','01050313314','x1178@naver.com','02-2205-4801','05321'...' at line 1
MariaDB [shop]> insert into shop_member('0','amanda','박윤기','01000323139','dopd9999@naver.com','02-441-0291','16442','부산 해운대구 센텀 7로 12 ','607동 806호','3','P');
ERROR 1064 (42000): You have an error in your SQL syntax; check the manual that corresponds to your MariaDB server version for the right syntax to use near ''0','amanda','박윤기','01000323139','dopd9999@naver.com','02-441-0291','16...' at line 1
MariaDB [shop]> insert into shop_member('0','amy','박인숙','01045789692','kurtjeong@naver.com','070-8778-9200','09810','경기 성남시 분당구 야탑로 205번길 8','8동 17호','4','B');
ERROR 1064 (42000): You have an error in your SQL syntax; check the manual that corresponds to your MariaDB server version for the right syntax to use near ''0','amy','박인숙','01045789692','kurtjeong@naver.com','070-8778-9200','09...' at line 1
MariaDB [shop]> insert into shop_member('0','ann','박장규','01038442122','hyoun74@naver.com','031-908-7202','05324','서울 서초구 바우뫼로 27길 2','203동 611호','2','A');
ERROR 1064 (42000): You have an error in your SQL syntax; check the manual that corresponds to your MariaDB server version for the right syntax to use near ''0','ann','박장규','01038442122','hyoun74@naver.com','031-908-7202','05324...' at line 1
MariaDB [shop]> insert into shop_member('0','boss','박재용','01069423772','leavesone@nate.com','02-2038-5905','05325','서울 종로구 대학로 57 홍익대학교 대학로캠퍼스 교육동 3층, 12층','12F 1204호','2','A');
ERROR 1064 (42000): You have an error in your SQL syntax; check the manual that corresponds to your MariaDB server version for the right syntax to use near ''0','boss','박재용','01069423772','leavesone@nate.com','02-2038-5905','053...' at line 1
MariaDB [shop]> insert into shop_member('0','billy','박재형','01053524251','wwww1993@naver.com','02-2269-4996','05326','서울 영등포구 경인로 841','803호','2','A');
ERROR 1064 (42000): You have an error in your SQL syntax; check the manual that corresponds to your MariaDB server version for the right syntax to use near ''0','billy','박재형','01053524251','wwww1993@naver.com','02-2269-4996','05...' at line 1
MariaDB [shop]> insert into shop_member('0','bess','박정선','01031374949','lisa_redsun@naver.com','02-2038-5905','05327','서울 광진구 자양로 76','16-22','1','A');
ERROR 1064 (42000): You have an error in your SQL syntax; check the manual that corresponds to your MariaDB server version for the right syntax to use near ''0','bess','박정선','01031374949','lisa_redsun@naver.com','02-2038-5905','...' at line 1
MariaDB [shop]> insert into shop_member('0','chelsea','박정수','01031111004','k9000sy@naver.com','02-6925-3880','05328','서울 광진구 강변역로 2 (구의동, 우체국시설관리단)','38-1','1','A');
ERROR 1064 (42000): You have an error in your SQL syntax; check the manual that corresponds to your MariaDB server version for the right syntax to use near ''0','chelsea','박정수','01031111004','k9000sy@naver.com','02-6925-3880','0...' at line 1
MariaDB [shop]> insert into shop_member('0','syma','박정식','01067884211','neoj76@naver.com','02-595-9166','05241','서울 종로구 종로1길 42, 603호(수송동, 이마빌딩)','9-1','1','A');
ERROR 1064 (42000): You have an error in your SQL syntax; check the manual that corresponds to your MariaDB server version for the right syntax to use near ''0','syma','박정식','01067884211','neoj76@naver.com','02-595-9166','05241'...' at line 1
MariaDB [shop]> insert into shop_member('0','fella','박정한','01012345678','dawoniron@hanmail.net','031-759-2763','05330','서울 중구 정동길 43','하남빌딩 4F','1','A');
ERROR 1064 (42000): You have an error in your SQL syntax; check the manual that corresponds to your MariaDB server version for the right syntax to use near ''0','fella','박정한','01012345678','dawoniron@hanmail.net','031-759-2763',...' at line 1
MariaDB [shop]> insert into shop_member('0','hera','박종섭','01022345679','gangnam2020@naver.com','02-438-5166','05331','서울 동작구 신대방1가길77','53-1','1','A');
ERROR 1064 (42000): You have an error in your SQL syntax; check the manual that corresponds to your MariaDB server version for the right syntax to use near ''0','hera','박종섭','01022345679','gangnam2020@naver.com','02-438-5166','0...' at line 1
MariaDB [shop]> insert into shop_member('0','hugh','박주배','01012345680','s-k-w123@hanmail.com','02-449-9991','05332','서울 강남구 테헤란로 305 (역삼동), 한국기술센터 18층','1809호','1','A');
ERROR 1064 (42000): You have an error in your SQL syntax; check the manual that corresponds to your MariaDB server version for the right syntax to use near ''0','hugh','박주배','01012345680','s-k-w123@hanmail.com','02-449-9991','05...' at line 1
MariaDB [shop]> insert into shop_member('0','edgar','박찬일','01042345681','cois3001@naver.com','02-6954-2665','05054','서울 영등포구 영중로83(영등포동 7가)','11-2','3','A');
ERROR 1064 (42000): You have an error in your SQL syntax; check the manual that corresponds to your MariaDB server version for the right syntax to use near ''0','edgar','박찬일','01042345681','cois3001@naver.com','02-6954-2665','05...' at line 1
MariaDB [shop]> insert into shop_member('0','mavels','박찬정','01012345682','cjt831@hanmail.net','02-2008-1202','04332','서울 동작구 보라매로 5길 35, 401(신대방동)','4F','4','A');
ERROR 1064 (42000): You have an error in your SQL syntax; check the manual that corresponds to your MariaDB server version for the right syntax to use near ''0','mavels','박찬정','01012345682','cjt831@hanmail.net','02-2008-1202','0...' at line 1
MariaDB [shop]> insert into shop_member('0','hope','박창일','01052345683','kyoung-dong@hanmail.net','062-514-9652','04881','서울 서초구 강남대로27, 601호','22-6','3','A');
ERROR 1064 (42000): You have an error in your SQL syntax; check the manual that corresponds to your MariaDB server version for the right syntax to use near ''0','hope','박창일','01052345683','kyoung-dong@hanmail.net','062-514-9652'...' at line 1
MariaDB [shop]> insert into shop_member('0','lsable','박춘식','01012345684','menu008@hanmail.net','070-7794-9400','05336','강원 정선군 사북읍 하이원길 265','38-7','3','H');
ERROR 1064 (42000): You have an error in your SQL syntax; check the manual that corresponds to your MariaDB server version for the right syntax to use near ''0','lsable','박춘식','01012345684','menu008@hanmail.net','070-7794-9400',...' at line 1
MariaDB [shop]> insert into shop_member('0','lucka','박형진','01022345685','gaon@gaon.pe.kr','055-289-8000','05337','경기 김포시 고촌읍 아라육로 270번길 74','61-2 3층','1','B');
ERROR 1064 (42000): You have an error in your SQL syntax; check the manual that corresponds to your MariaDB server version for the right syntax to use near ''0','lucka','박형진','01022345685','gaon@gaon.pe.kr','055-289-8000','05337...' at line 1
MariaDB [shop]> insert into shop_member('0','lsis','방문석','01072345686','9666308@hanmail.net','02-557-0481','05338','경기 유성구 대덕대로 1227','23-1 20F','1','B');
ERROR 1064 (42000): You have an error in your SQL syntax; check the manual that corresponds to your MariaDB server version for the right syntax to use near ''0','lsis','방문석','01072345686','9666308@hanmail.net','02-557-0481','053...' at line 1
MariaDB [shop]> insert into shop_member('0','lottie','방병기','01012345687','zoro0309@naver.com','02-433-7184','05339','경북 김천시 혁신2로 40(율곡동790)','91-2','2','M');
ERROR 1064 (42000): You have an error in your SQL syntax; check the manual that corresponds to your MariaDB server version for the right syntax to use near ''0','lottie','방병기','01012345687','zoro0309@naver.com','02-433-7184','05...' at line 1
MariaDB [shop]> insert into shop_member('0','hymphrey','방영주','01092345688','energy8272@naver.com','070-7794-9440','19698','경기 용인시 기흥구 석성로 521번길 169(청덕동)','11동 308호','1','B');
ERROR 1064 (42000): You have an error in your SQL syntax; check the manual that corresponds to your MariaDB server version for the right syntax to use near ''0','hymphrey','방영주','01092345688','energy8272@naver.com','070-7794-944...' at line 1
MariaDB [shop]> insert into shop_member('0','mond','배상철','01042345689','gato4996@daum.net','02-511-1727','06811','경기 고양시 일산동구 정발산로 24 웨스턴타워 4동 8층, 9층','9층 32호','2','B');
ERROR 1064 (42000): You have an error in your SQL syntax; check the manual that corresponds to your MariaDB server version for the right syntax to use near ''0','mond','배상철','01042345689','gato4996@daum.net','02-511-1727','06811...' at line 1
MariaDB [shop]> insert into shop_member('0','dixie','배종우','01052345690','garamstr2@gmail.com','070-4172-7775','05342','충북 아름서길 21','2-2','1','G');
ERROR 1064 (42000): You have an error in your SQL syntax; check the manual that corresponds to your MariaDB server version for the right syntax to use near ''0','dixie','배종우','01052345690','garamstr2@gmail.com','070-4172-7775','...' at line 1
MariaDB [shop]> insert into shop_member('0','deva','백구현','01015345691','cois3001@naver.com','032-545-3104','01036','강원 강릉시 죽헌길 7','25-1 205동 401호','1','H');
ERROR 1064 (42000): You have an error in your SQL syntax; check the manual that corresponds to your MariaDB server version for the right syntax to use near ''0','deva','백구현','01015345691','cois3001@naver.com','032-545-3104','010...' at line 1
MariaDB [shop]> insert into shop_member('0','goofy','백승완','01013345692','gayadns@hanmail.net','031-388-0828','01024','강원 춘천시 백령로 156','5-2 6F','1','H');
ERROR 1064 (42000): You have an error in your SQL syntax; check the manual that corresponds to your MariaDB server version for the right syntax to use near ''0','goofy','백승완','01013345692','gayadns@hanmail.net','031-388-0828','0...' at line 1
MariaDB [shop]> insert into shop_member('0','laura','백운이','01023456778','nami@nandesign.kr','070-4910-8706','05345','강원 원주시 혁신로 60','23-1 27F','1','H');
ERROR 1064 (42000): You have an error in your SQL syntax; check the manual that corresponds to your MariaDB server version for the right syntax to use near ''0','laura','백운이','01023456778','nami@nandesign.kr','070-4910-8706','05...' at line 1
MariaDB [shop]> insert into shop_member('0','gili','백인호','01015553909','shs2053@naver.com','02-547-5477','04032','서울 중구 남대문로 109(국제빌딩)','11-6 3F 311호','2','A');
ERROR 1064 (42000): You have an error in your SQL syntax; check the manual that corresponds to your MariaDB server version for the right syntax to use near ''0','gili','백인호','01015553909','shs2053@naver.com','02-547-5477','04032...' at line 1
MariaDB [shop]> insert into shop_member('0','leena','백재승','01045121147','bokur@nate.com','02-834-2010','26224','부산 해운대구 센텀서로 39 영상산업센터 1,2층','6동 201호','1','P');
ERROR 1064 (42000): You have an error in your SQL syntax; check the manual that corresponds to your MariaDB server version for the right syntax to use near ''0','leena','백재승','01045121147','bokur@nate.com','02-834-2010','26224',...' at line 1
MariaDB [shop]> insert into shop_member('0','justuin','백희영','01036322346','nanamcom@naver.com','02-420-3850','36412','서울 중구 동덕로130','5-5 1F','2','A');
ERROR 1064 (42000): You have an error in your SQL syntax; check the manual that corresponds to your MariaDB server version for the right syntax to use near ''0','justuin','백희영','01036322346','nanamcom@naver.com','02-420-3850','3...' at line 1
MariaDB [shop]> insert into shop_member('0','jason','서경석','01010383237','kodong9370@naver.com','042-826-1947','09091','서울 중구 달구벌대로 2175','23동 17호','4','A');
ERROR 1064 (42000): You have an error in your SQL syntax; check the manual that corresponds to your MariaDB server version for the right syntax to use near ''0','jason','서경석','01010383237','kodong9370@naver.com','042-826-1947','...' at line 1
MariaDB [shop]> insert into shop_member('0','kate','서유헌','01057129098','green97210@hanmail.net','031-511-9935','04321','전북 진주시 강남로 79','206동 307호','1','K');
ERROR 1064 (42000): You have an error in your SQL syntax; check the manual that corresponds to your MariaDB server version for the right syntax to use near ''0','kate','서유헌','01057129098','green97210@hanmail.net','031-511-9935',...' at line 1
MariaDB [shop]> insert into shop_member('0','emma','서정기','01023038704','boomia12@nizspace.com','042-6288-8301','05332','세종 시청대로 370 세종국책연구단지 연구지원동(A) 4, 8~9층','8층 201호','3','D');
ERROR 1064 (42000): You have an error in your SQL syntax; check the manual that corresponds to your MariaDB server version for the right syntax to use near ''0','emma','서정기','01023038704','boomia12@nizspace.com','042-6288-8301',...' at line 1
MariaDB [shop]> insert into shop_member('0','ellen','서정선','01028849702','krgasi@nate.com','031-948-5435','36412','제주 서귀포시 서호중앙로 63','22','3','Q');
ERROR 1064 (42000): You have an error in your SQL syntax; check the manual that corresponds to your MariaDB server version for the right syntax to use near ''0','ellen','서정선','01028849702','krgasi@nate.com','031-948-5435','36412...' at line 1
MariaDB [shop]> insert into shop_member('0','darby','서진석','01081425242','goldens_no1@naver.com','062-514-9652','05334','세종 시청대로 370 세종국책연구단지 과학ㆍ인프라동(B동) 5,6,7층, 연구지원동(A동) 3층','7층 705호','2','D');
ERROR 1064 (42000): You have an error in your SQL syntax; check the manual that corresponds to your MariaDB server version for the right syntax to use near ''0','darby','서진석','01081425242','goldens_no1@naver.com','062-514-9652',...' at line 1
MariaDB [shop]> insert into shop_member('0','julia','서창옥','01091426704','nurian22@daum.net','070-8819-5647','03034','울산 북구 첨단과기로 123 (오룡동)','61-2','2','Q');
ERROR 1064 (42000): You have an error in your SQL syntax; check the manual that corresponds to your MariaDB server version for the right syntax to use near ''0','julia','서창옥','01091426704','nurian22@daum.net','070-8819-5647','03...' at line 1
MariaDB [shop]> insert into shop_member('0','dasiy','선경','01097985569','jb@kyungsu.co.kr','031-907-7677','05355','경북 김천시 혁신6로 17(율곡동, 교통안전공단)','5F 504호','2','M');
ERROR 1064 (42000): You have an error in your SQL syntax; check the manual that corresponds to your MariaDB server version for the right syntax to use near ''0','dasiy','선경','01097985569','jb@kyungsu.co.kr','031-907-7677','05355',...' at line 1
MariaDB [shop]> insert into shop_member('0','kavin','선우일남','01004020505','sarang9671@nate.com','070-4694-6688','05339','세종 시청대로 370 세종국책연구단지 연구지원동(A동) 5~7층(우30147)','7층 704호','1','D');
ERROR 1064 (42000): You have an error in your SQL syntax; check the manual that corresponds to your MariaDB server version for the right syntax to use near ''0','kavin','선우일남','01004020505','sarang9671@nate.com','070-4694-6688...' at line 1
MariaDB [shop]> insert into shop_member('0','kuper','성명훈','01036993883','kdf119@naver.com','02-3298-6790','02031','서울 서초구 남부순환로 2557(서초동1365-23번지) ','33-2','1','A');
ERROR 1064 (42000): You have an error in your SQL syntax; check the manual that corresponds to your MariaDB server version for the right syntax to use near ''0','kuper','성명훈','01036993883','kdf119@naver.com','02-3298-6790','0203...' at line 1
MariaDB [shop]> insert into shop_member('0','jettysi','성상철','01025233148','care0105@naver.com','062-351-1507','07081','강원 원주시 혁신로 22(반곡동)','64-1','1','H');
ERROR 1064 (42000): You have an error in your SQL syntax; check the manual that corresponds to your MariaDB server version for the right syntax to use near ''0','jettysi','성상철','01025233148','care0105@naver.com','062-351-1507','...' at line 1
MariaDB [shop]> insert into shop_member('0','alie','박용현','01050313314','x1178@naver.com','02-2205-4801','05321','서울 중구 퇴계로 97, 고려대연각타워 601호','23-1 3F','1','A');
ERROR 1064 (42000): You have an error in your SQL syntax; check the manual that corresponds to your MariaDB server version for the right syntax to use near ''0','alie','박용현','01050313314','x1178@naver.com','02-2205-4801','05321'...' at line 1
MariaDB [shop]> insert into shop_member('0','amanda','박윤기','01000323139','dopd9999@naver.com','02-441-0291','16442','부산 해운대구 센텀 7로 12 ','607동 806호','3','P');
ERROR 1064 (42000): You have an error in your SQL syntax; check the manual that corresponds to your MariaDB server version for the right syntax to use near ''0','amanda','박윤기','01000323139','dopd9999@naver.com','02-441-0291','16...' at line 1
MariaDB [shop]> insert into shop_member('0','amy','박인숙','01045789692','kurtjeong@naver.com','070-8778-9200','09810','경기 성남시 분당구 야탑로 205번길 8','8동 17호','4','B');
ERROR 1064 (42000): You have an error in your SQL syntax; check the manual that corresponds to your MariaDB server version for the right syntax to use near ''0','amy','박인숙','01045789692','kurtjeong@naver.com','070-8778-9200','09...' at line 1
MariaDB [shop]> insert into shop_member('0','ann','박장규','01038442122','hyoun74@naver.com','031-908-7202','05324','서울 서초구 바우뫼로 27길 2','203동 611호','2','A');
ERROR 1064 (42000): You have an error in your SQL syntax; check the manual that corresponds to your MariaDB server version for the right syntax to use near ''0','ann','박장규','01038442122','hyoun74@naver.com','031-908-7202','05324...' at line 1
MariaDB [shop]> insert into shop_member('0','boss','박재용','01069423772','leavesone@nate.com','02-2038-5905','05325','서울 종로구 대학로 57 홍익대학교 대학로캠퍼스 교육동 3층, 12층','12F 1204호','2','A');
ERROR 1064 (42000): You have an error in your SQL syntax; check the manual that corresponds to your MariaDB server version for the right syntax to use near ''0','boss','박재용','01069423772','leavesone@nate.com','02-2038-5905','053...' at line 1
MariaDB [shop]> insert into shop_member('0','billy','박재형','01053524251','wwww1993@naver.com','02-2269-4996','05326','서울 영등포구 경인로 841','803호','2','A');
ERROR 1064 (42000): You have an error in your SQL syntax; check the manual that corresponds to your MariaDB server version for the right syntax to use near ''0','billy','박재형','01053524251','wwww1993@naver.com','02-2269-4996','05...' at line 1
MariaDB [shop]> insert into shop_member('0','bess','박정선','01031374949','lisa_redsun@naver.com','02-2038-5905','05327','서울 광진구 자양로 76','16-22','1','A');
ERROR 1064 (42000): You have an error in your SQL syntax; check the manual that corresponds to your MariaDB server version for the right syntax to use near ''0','bess','박정선','01031374949','lisa_redsun@naver.com','02-2038-5905','...' at line 1
MariaDB [shop]> insert into shop_member('0','chelsea','박정수','01031111004','k9000sy@naver.com','02-6925-3880','05328','서울 광진구 강변역로 2 (구의동, 우체국시설관리단)','38-1','1','A');
ERROR 1064 (42000): You have an error in your SQL syntax; check the manual that corresponds to your MariaDB server version for the right syntax to use near ''0','chelsea','박정수','01031111004','k9000sy@naver.com','02-6925-3880','0...' at line 1
MariaDB [shop]> insert into shop_member('0','syma','박정식','01067884211','neoj76@naver.com','02-595-9166','05241','서울 종로구 종로1길 42, 603호(수송동, 이마빌딩)','9-1','1','A');
ERROR 1064 (42000): You have an error in your SQL syntax; check the manual that corresponds to your MariaDB server version for the right syntax to use near ''0','syma','박정식','01067884211','neoj76@naver.com','02-595-9166','05241'...' at line 1
MariaDB [shop]> insert into shop_member('0','fella','박정한','01012345678','dawoniron@hanmail.net','031-759-2763','05330','서울 중구 정동길 43','하남빌딩 4F','1','A');
ERROR 1064 (42000): You have an error in your SQL syntax; check the manual that corresponds to your MariaDB server version for the right syntax to use near ''0','fella','박정한','01012345678','dawoniron@hanmail.net','031-759-2763',...' at line 1
MariaDB [shop]> insert into shop_member('0','hera','박종섭','01022345679','gangnam2020@naver.com','02-438-5166','05331','서울 동작구 신대방1가길77','53-1','1','A');
ERROR 1064 (42000): You have an error in your SQL syntax; check the manual that corresponds to your MariaDB server version for the right syntax to use near ''0','hera','박종섭','01022345679','gangnam2020@naver.com','02-438-5166','0...' at line 1
MariaDB [shop]> insert into shop_member('0','hugh','박주배','01012345680','s-k-w123@hanmail.com','02-449-9991','05332','서울 강남구 테헤란로 305 (역삼동), 한국기술센터 18층','1809호','1','A');
ERROR 1064 (42000): You have an error in your SQL syntax; check the manual that corresponds to your MariaDB server version for the right syntax to use near ''0','hugh','박주배','01012345680','s-k-w123@hanmail.com','02-449-9991','05...' at line 1
MariaDB [shop]> insert into shop_member('0','edgar','박찬일','01042345681','cois3001@naver.com','02-6954-2665','05054','서울 영등포구 영중로83(영등포동 7가)','11-2','3','A');
ERROR 1064 (42000): You have an error in your SQL syntax; check the manual that corresponds to your MariaDB server version for the right syntax to use near ''0','edgar','박찬일','01042345681','cois3001@naver.com','02-6954-2665','05...' at line 1
MariaDB [shop]> insert into shop_member('0','mavels','박찬정','01012345682','cjt831@hanmail.net','02-2008-1202','04332','서울 동작구 보라매로 5길 35, 401(신대방동)','4F','4','A');
ERROR 1064 (42000): You have an error in your SQL syntax; check the manual that corresponds to your MariaDB server version for the right syntax to use near ''0','mavels','박찬정','01012345682','cjt831@hanmail.net','02-2008-1202','0...' at line 1
MariaDB [shop]> insert into shop_member('0','hope','박창일','01052345683','kyoung-dong@hanmail.net','062-514-9652','04881','서울 서초구 강남대로27, 601호','22-6','3','A');
ERROR 1064 (42000): You have an error in your SQL syntax; check the manual that corresponds to your MariaDB server version for the right syntax to use near ''0','hope','박창일','01052345683','kyoung-dong@hanmail.net','062-514-9652'...' at line 1
MariaDB [shop]> insert into shop_member('0','lsable','박춘식','01012345684','menu008@hanmail.net','070-7794-9400','05336','강원 정선군 사북읍 하이원길 265','38-7','3','H');
ERROR 1064 (42000): You have an error in your SQL syntax; check the manual that corresponds to your MariaDB server version for the right syntax to use near ''0','lsable','박춘식','01012345684','menu008@hanmail.net','070-7794-9400',...' at line 1
MariaDB [shop]> insert into shop_member('0','lucka','박형진','01022345685','gaon@gaon.pe.kr','055-289-8000','05337','경기 김포시 고촌읍 아라육로 270번길 74','61-2 3층','1','B');
ERROR 1064 (42000): You have an error in your SQL syntax; check the manual that corresponds to your MariaDB server version for the right syntax to use near ''0','lucka','박형진','01022345685','gaon@gaon.pe.kr','055-289-8000','05337...' at line 1
MariaDB [shop]> insert into shop_member('0','lsis','방문석','01072345686','9666308@hanmail.net','02-557-0481','05338','경기 유성구 대덕대로 1227','23-1 20F','1','B');
ERROR 1064 (42000): You have an error in your SQL syntax; check the manual that corresponds to your MariaDB server version for the right syntax to use near ''0','lsis','방문석','01072345686','9666308@hanmail.net','02-557-0481','053...' at line 1
MariaDB [shop]> insert into shop_member('0','lottie','방병기','01012345687','zoro0309@naver.com','02-433-7184','05339','경북 김천시 혁신2로 40(율곡동790)','91-2','2','M');
ERROR 1064 (42000): You have an error in your SQL syntax; check the manual that corresponds to your MariaDB server version for the right syntax to use near ''0','lottie','방병기','01012345687','zoro0309@naver.com','02-433-7184','05...' at line 1
MariaDB [shop]> insert into shop_member('0','hymphrey','방영주','01092345688','energy8272@naver.com','070-7794-9440','19698','경기 용인시 기흥구 석성로 521번길 169(청덕동)','11동 308호','1','B');
ERROR 1064 (42000): You have an error in your SQL syntax; check the manual that corresponds to your MariaDB server version for the right syntax to use near ''0','hymphrey','방영주','01092345688','energy8272@naver.com','070-7794-944...' at line 1
MariaDB [shop]> insert into shop_member('0','mond','배상철','01042345689','gato4996@daum.net','02-511-1727','06811','경기 고양시 일산동구 정발산로 24 웨스턴타워 4동 8층, 9층','9층 32호','2','B');
ERROR 1064 (42000): You have an error in your SQL syntax; check the manual that corresponds to your MariaDB server version for the right syntax to use near ''0','mond','배상철','01042345689','gato4996@daum.net','02-511-1727','06811...' at line 1
MariaDB [shop]> insert into shop_member('0','dixie','배종우','01052345690','garamstr2@gmail.com','070-4172-7775','05342','충북 아름서길 21','2-2','1','G');
ERROR 1064 (42000): You have an error in your SQL syntax; check the manual that corresponds to your MariaDB server version for the right syntax to use near ''0','dixie','배종우','01052345690','garamstr2@gmail.com','070-4172-7775','...' at line 1
MariaDB [shop]> insert into shop_member('0','deva','백구현','01015345691','cois3001@naver.com','032-545-3104','01036','강원 강릉시 죽헌길 7','25-1 205동 401호','1','H');
ERROR 1064 (42000): You have an error in your SQL syntax; check the manual that corresponds to your MariaDB server version for the right syntax to use near ''0','deva','백구현','01015345691','cois3001@naver.com','032-545-3104','010...' at line 1
MariaDB [shop]> insert into shop_member('0','goofy','백승완','01013345692','gayadns@hanmail.net','031-388-0828','01024','강원 춘천시 백령로 156','5-2 6F','1','H');
ERROR 1064 (42000): You have an error in your SQL syntax; check the manual that corresponds to your MariaDB server version for the right syntax to use near ''0','goofy','백승완','01013345692','gayadns@hanmail.net','031-388-0828','0...' at line 1
MariaDB [shop]> insert into shop_member('0','laura','백운이','01023456778','nami@nandesign.kr','070-4910-8706','05345','강원 원주시 혁신로 60','23-1 27F','1','H');
ERROR 1064 (42000): You have an error in your SQL syntax; check the manual that corresponds to your MariaDB server version for the right syntax to use near ''0','laura','백운이','01023456778','nami@nandesign.kr','070-4910-8706','05...' at line 1
MariaDB [shop]> insert into shop_member('0','gili','백인호','01015553909','shs2053@naver.com','02-547-5477','04032','서울 중구 남대문로 109(국제빌딩)','11-6 3F 311호','2','A');
ERROR 1064 (42000): You have an error in your SQL syntax; check the manual that corresponds to your MariaDB server version for the right syntax to use near ''0','gili','백인호','01015553909','shs2053@naver.com','02-547-5477','04032...' at line 1
MariaDB [shop]> insert into shop_member('0','leena','백재승','01045121147','bokur@nate.com','02-834-2010','26224','부산 해운대구 센텀서로 39 영상산업센터 1,2층','6동 201호','1','P');
ERROR 1064 (42000): You have an error in your SQL syntax; check the manual that corresponds to your MariaDB server version for the right syntax to use near ''0','leena','백재승','01045121147','bokur@nate.com','02-834-2010','26224',...' at line 1
MariaDB [shop]> insert into shop_member('0','justuin','백희영','01036322346','nanamcom@naver.com','02-420-3850','36412','서울 중구 동덕로130','5-5 1F','2','A');
ERROR 1064 (42000): You have an error in your SQL syntax; check the manual that corresponds to your MariaDB server version for the right syntax to use near ''0','justuin','백희영','01036322346','nanamcom@naver.com','02-420-3850','3...' at line 1
MariaDB [shop]> insert into shop_member('0','jason','서경석','01010383237','kodong9370@naver.com','042-826-1947','09091','서울 중구 달구벌대로 2175','23동 17호','4','A');
ERROR 1064 (42000): You have an error in your SQL syntax; check the manual that corresponds to your MariaDB server version for the right syntax to use near ''0','jason','서경석','01010383237','kodong9370@naver.com','042-826-1947','...' at line 1
MariaDB [shop]> insert into shop_member('0','kate','서유헌','01057129098','green97210@hanmail.net','031-511-9935','04321','전북 진주시 강남로 79','206동 307호','1','K');
ERROR 1064 (42000): You have an error in your SQL syntax; check the manual that corresponds to your MariaDB server version for the right syntax to use near ''0','kate','서유헌','01057129098','green97210@hanmail.net','031-511-9935',...' at line 1
MariaDB [shop]> insert into shop_member('0','emma','서정기','01023038704','boomia12@nizspace.com','042-6288-8301','05332','세종 시청대로 370 세종국책연구단지 연구지원동(A) 4, 8~9층','8층 201호','3','D');
ERROR 1064 (42000): You have an error in your SQL syntax; check the manual that corresponds to your MariaDB server version for the right syntax to use near ''0','emma','서정기','01023038704','boomia12@nizspace.com','042-6288-8301',...' at line 1
MariaDB [shop]> insert into shop_member('0','ellen','서정선','01028849702','krgasi@nate.com','031-948-5435','36412','제주 서귀포시 서호중앙로 63','22','3','Q');
ERROR 1064 (42000): You have an error in your SQL syntax; check the manual that corresponds to your MariaDB server version for the right syntax to use near ''0','ellen','서정선','01028849702','krgasi@nate.com','031-948-5435','36412...' at line 1
MariaDB [shop]> insert into shop_member('0','darby','서진석','01081425242','goldens_no1@naver.com','062-514-9652','05334','세종 시청대로 370 세종국책연구단지 과학ㆍ인프라동(B동) 5,6,7층, 연구지원동(A동) 3층','7층 705호','2','D');
ERROR 1064 (42000): You have an error in your SQL syntax; check the manual that corresponds to your MariaDB server version for the right syntax to use near ''0','darby','서진석','01081425242','goldens_no1@naver.com','062-514-9652',...' at line 1
MariaDB [shop]> insert into shop_member('0','julia','서창옥','01091426704','nurian22@daum.net','070-8819-5647','03034','울산 북구 첨단과기로 123 (오룡동)','61-2','2','Q');
ERROR 1064 (42000): You have an error in your SQL syntax; check the manual that corresponds to your MariaDB server version for the right syntax to use near ''0','julia','서창옥','01091426704','nurian22@daum.net','070-8819-5647','03...' at line 1
MariaDB [shop]> insert into shop_member('0','dasiy','선경','01097985569','jb@kyungsu.co.kr','031-907-7677','05355','경북 김천시 혁신6로 17(율곡동, 교통안전공단)','5F 504호','2','M');
ERROR 1064 (42000): You have an error in your SQL syntax; check the manual that corresponds to your MariaDB server version for the right syntax to use near ''0','dasiy','선경','01097985569','jb@kyungsu.co.kr','031-907-7677','05355',...' at line 1
MariaDB [shop]> insert into shop_member('0','kavin','선우일남','01004020505','sarang9671@nate.com','070-4694-6688','05339','세종 시청대로 370 세종국책연구단지 연구지원동(A동) 5~7층(우30147)','7층 704호','1','D');
ERROR 1064 (42000): You have an error in your SQL syntax; check the manual that corresponds to your MariaDB server version for the right syntax to use near ''0','kavin','선우일남','01004020505','sarang9671@nate.com','070-4694-6688...' at line 1
MariaDB [shop]> insert into shop_member('0','kuper','성명훈','01036993883','kdf119@naver.com','02-3298-6790','02031','서울 서초구 남부순환로 2557(서초동1365-23번지) ','33-2','1','A');
ERROR 1064 (42000): You have an error in your SQL syntax; check the manual that corresponds to your MariaDB server version for the right syntax to use near ''0','kuper','성명훈','01036993883','kdf119@naver.com','02-3298-6790','0203...' at line 1
MariaDB [shop]> insert into shop_member('0','jettysi','성상철','01025233148','care0105@naver.com','062-351-1507','07081','강원 원주시 혁신로 22(반곡동)','64-1','1','H');
ERROR 1064 (42000): You have an error in your SQL syntax; check the manual that corresponds to your MariaDB server version for the right syntax to use near ''0','jettysi','성상철','01025233148','care0105@naver.com','062-351-1507','...' at line 1
MariaDB [shop]> delete from shop_member2;
Query OK, 0 rows affected (0.000 sec)

MariaDB [shop]> show tables;
+----------------+
| Tables_in_shop |
+----------------+
| shop_member    |
| shop_member2   |
+----------------+
2 rows in set (0.000 sec)

MariaDB [shop]> insert into shop_member('0','alie','박용현','01050313314','x1178@naver.com','02-2205-4801','05321','서울 중구 퇴계로 97, 고려대연각타워 601호','23-1 3F','1','A');
ERROR 1064 (42000): You have an error in your SQL syntax; check the manual that corresponds to your MariaDB server version for the right syntax to use near ''0','alie','박용현','01050313314','x1178@naver.com','02-2205-4801','05321'...' at line 1
MariaDB [shop]> insert into shop_member('0','amanda','박윤기','01000323139','dopd9999@naver.com','02-441-0291','16442','부산 해운대구 센텀 7로 12 ','607동 806호','3','P');
ERROR 1064 (42000): You have an error in your SQL syntax; check the manual that corresponds to your MariaDB server version for the right syntax to use near ''0','amanda','박윤기','01000323139','dopd9999@naver.com','02-441-0291','16...' at line 1
MariaDB [shop]> insert into shop_member('0','amy','박인숙','01045789692','kurtjeong@naver.com','070-8778-9200','09810','경기 성남시 분당구 야탑로 205번길 8','8동 17호','4','B');
ERROR 1064 (42000): You have an error in your SQL syntax; check the manual that corresponds to your MariaDB server version for the right syntax to use near ''0','amy','박인숙','01045789692','kurtjeong@naver.com','070-8778-9200','09...' at line 1
MariaDB [shop]> insert into shop_member('0','ann','박장규','01038442122','hyoun74@naver.com','031-908-7202','05324','서울 서초구 바우뫼로 27길 2','203동 611호','2','A');
ERROR 1064 (42000): You have an error in your SQL syntax; check the manual that corresponds to your MariaDB server version for the right syntax to use near ''0','ann','박장규','01038442122','hyoun74@naver.com','031-908-7202','05324...' at line 1
MariaDB [shop]> insert into shop_member('0','boss','박재용','01069423772','leavesone@nate.com','02-2038-5905','05325','서울 종로구 대학로 57 홍익대학교 대학로캠퍼스 교육동 3층, 12층','12F 1204호','2','A');
ERROR 1064 (42000): You have an error in your SQL syntax; check the manual that corresponds to your MariaDB server version for the right syntax to use near ''0','boss','박재용','01069423772','leavesone@nate.com','02-2038-5905','053...' at line 1
MariaDB [shop]> insert into shop_member('0','billy','박재형','01053524251','wwww1993@naver.com','02-2269-4996','05326','서울 영등포구 경인로 841','803호','2','A');
ERROR 1064 (42000): You have an error in your SQL syntax; check the manual that corresponds to your MariaDB server version for the right syntax to use near ''0','billy','박재형','01053524251','wwww1993@naver.com','02-2269-4996','05...' at line 1
MariaDB [shop]> insert into shop_member('0','bess','박정선','01031374949','lisa_redsun@naver.com','02-2038-5905','05327','서울 광진구 자양로 76','16-22','1','A');
ERROR 1064 (42000): You have an error in your SQL syntax; check the manual that corresponds to your MariaDB server version for the right syntax to use near ''0','bess','박정선','01031374949','lisa_redsun@naver.com','02-2038-5905','...' at line 1
MariaDB [shop]> insert into shop_member('0','chelsea','박정수','01031111004','k9000sy@naver.com','02-6925-3880','05328','서울 광진구 강변역로 2 (구의동, 우체국시설관리단)','38-1','1','A');
ERROR 1064 (42000): You have an error in your SQL syntax; check the manual that corresponds to your MariaDB server version for the right syntax to use near ''0','chelsea','박정수','01031111004','k9000sy@naver.com','02-6925-3880','0...' at line 1
MariaDB [shop]> insert into shop_member('0','syma','박정식','01067884211','neoj76@naver.com','02-595-9166','05241','서울 종로구 종로1길 42, 603호(수송동, 이마빌딩)','9-1','1','A');
ERROR 1064 (42000): You have an error in your SQL syntax; check the manual that corresponds to your MariaDB server version for the right syntax to use near ''0','syma','박정식','01067884211','neoj76@naver.com','02-595-9166','05241'...' at line 1
MariaDB [shop]> insert into shop_member('0','fella','박정한','01012345678','dawoniron@hanmail.net','031-759-2763','05330','서울 중구 정동길 43','하남빌딩 4F','1','A');
ERROR 1064 (42000): You have an error in your SQL syntax; check the manual that corresponds to your MariaDB server version for the right syntax to use near ''0','fella','박정한','01012345678','dawoniron@hanmail.net','031-759-2763',...' at line 1
MariaDB [shop]> insert into shop_member('0','hera','박종섭','01022345679','gangnam2020@naver.com','02-438-5166','05331','서울 동작구 신대방1가길77','53-1','1','A');
ERROR 1064 (42000): You have an error in your SQL syntax; check the manual that corresponds to your MariaDB server version for the right syntax to use near ''0','hera','박종섭','01022345679','gangnam2020@naver.com','02-438-5166','0...' at line 1
MariaDB [shop]> insert into shop_member('0','hugh','박주배','01012345680','s-k-w123@hanmail.com','02-449-9991','05332','서울 강남구 테헤란로 305 (역삼동), 한국기술센터 18층','1809호','1','A');
ERROR 1064 (42000): You have an error in your SQL syntax; check the manual that corresponds to your MariaDB server version for the right syntax to use near ''0','hugh','박주배','01012345680','s-k-w123@hanmail.com','02-449-9991','05...' at line 1
MariaDB [shop]> insert into shop_member('0','edgar','박찬일','01042345681','cois3001@naver.com','02-6954-2665','05054','서울 영등포구 영중로83(영등포동 7가)','11-2','3','A');
ERROR 1064 (42000): You have an error in your SQL syntax; check the manual that corresponds to your MariaDB server version for the right syntax to use near ''0','edgar','박찬일','01042345681','cois3001@naver.com','02-6954-2665','05...' at line 1
MariaDB [shop]> insert into shop_member('0','mavels','박찬정','01012345682','cjt831@hanmail.net','02-2008-1202','04332','서울 동작구 보라매로 5길 35, 401(신대방동)','4F','4','A');
ERROR 1064 (42000): You have an error in your SQL syntax; check the manual that corresponds to your MariaDB server version for the right syntax to use near ''0','mavels','박찬정','01012345682','cjt831@hanmail.net','02-2008-1202','0...' at line 1
MariaDB [shop]> insert into shop_member('0','hope','박창일','01052345683','kyoung-dong@hanmail.net','062-514-9652','04881','서울 서초구 강남대로27, 601호','22-6','3','A');
ERROR 1064 (42000): You have an error in your SQL syntax; check the manual that corresponds to your MariaDB server version for the right syntax to use near ''0','hope','박창일','01052345683','kyoung-dong@hanmail.net','062-514-9652'...' at line 1
MariaDB [shop]> insert into shop_member('0','lsable','박춘식','01012345684','menu008@hanmail.net','070-7794-9400','05336','강원 정선군 사북읍 하이원길 265','38-7','3','H');
ERROR 1064 (42000): You have an error in your SQL syntax; check the manual that corresponds to your MariaDB server version for the right syntax to use near ''0','lsable','박춘식','01012345684','menu008@hanmail.net','070-7794-9400',...' at line 1
MariaDB [shop]> insert into shop_member('0','lucka','박형진','01022345685','gaon@gaon.pe.kr','055-289-8000','05337','경기 김포시 고촌읍 아라육로 270번길 74','61-2 3층','1','B');
ERROR 1064 (42000): You have an error in your SQL syntax; check the manual that corresponds to your MariaDB server version for the right syntax to use near ''0','lucka','박형진','01022345685','gaon@gaon.pe.kr','055-289-8000','05337...' at line 1
MariaDB [shop]> insert into shop_member('0','lsis','방문석','01072345686','9666308@hanmail.net','02-557-0481','05338','경기 유성구 대덕대로 1227','23-1 20F','1','B');
ERROR 1064 (42000): You have an error in your SQL syntax; check the manual that corresponds to your MariaDB server version for the right syntax to use near ''0','lsis','방문석','01072345686','9666308@hanmail.net','02-557-0481','053...' at line 1
MariaDB [shop]> insert into shop_member('0','lottie','방병기','01012345687','zoro0309@naver.com','02-433-7184','05339','경북 김천시 혁신2로 40(율곡동790)','91-2','2','M');
ERROR 1064 (42000): You have an error in your SQL syntax; check the manual that corresponds to your MariaDB server version for the right syntax to use near ''0','lottie','방병기','01012345687','zoro0309@naver.com','02-433-7184','05...' at line 1
MariaDB [shop]> insert into shop_member('0','hymphrey','방영주','01092345688','energy8272@naver.com','070-7794-9440','19698','경기 용인시 기흥구 석성로 521번길 169(청덕동)','11동 308호','1','B');
ERROR 1064 (42000): You have an error in your SQL syntax; check the manual that corresponds to your MariaDB server version for the right syntax to use near ''0','hymphrey','방영주','01092345688','energy8272@naver.com','070-7794-944...' at line 1
MariaDB [shop]> insert into shop_member('0','mond','배상철','01042345689','gato4996@daum.net','02-511-1727','06811','경기 고양시 일산동구 정발산로 24 웨스턴타워 4동 8층, 9층','9층 32호','2','B');
ERROR 1064 (42000): You have an error in your SQL syntax; check the manual that corresponds to your MariaDB server version for the right syntax to use near ''0','mond','배상철','01042345689','gato4996@daum.net','02-511-1727','06811...' at line 1
MariaDB [shop]> insert into shop_member('0','dixie','배종우','01052345690','garamstr2@gmail.com','070-4172-7775','05342','충북 아름서길 21','2-2','1','G');
ERROR 1064 (42000): You have an error in your SQL syntax; check the manual that corresponds to your MariaDB server version for the right syntax to use near ''0','dixie','배종우','01052345690','garamstr2@gmail.com','070-4172-7775','...' at line 1
MariaDB [shop]> insert into shop_member('0','deva','백구현','01015345691','cois3001@naver.com','032-545-3104','01036','강원 강릉시 죽헌길 7','25-1 205동 401호','1','H');
ERROR 1064 (42000): You have an error in your SQL syntax; check the manual that corresponds to your MariaDB server version for the right syntax to use near ''0','deva','백구현','01015345691','cois3001@naver.com','032-545-3104','010...' at line 1
MariaDB [shop]> insert into shop_member('0','goofy','백승완','01013345692','gayadns@hanmail.net','031-388-0828','01024','강원 춘천시 백령로 156','5-2 6F','1','H');
ERROR 1064 (42000): You have an error in your SQL syntax; check the manual that corresponds to your MariaDB server version for the right syntax to use near ''0','goofy','백승완','01013345692','gayadns@hanmail.net','031-388-0828','0...' at line 1
MariaDB [shop]> insert into shop_member('0','laura','백운이','01023456778','nami@nandesign.kr','070-4910-8706','05345','강원 원주시 혁신로 60','23-1 27F','1','H');
ERROR 1064 (42000): You have an error in your SQL syntax; check the manual that corresponds to your MariaDB server version for the right syntax to use near ''0','laura','백운이','01023456778','nami@nandesign.kr','070-4910-8706','05...' at line 1
MariaDB [shop]> insert into shop_member('0','gili','백인호','01015553909','shs2053@naver.com','02-547-5477','04032','서울 중구 남대문로 109(국제빌딩)','11-6 3F 311호','2','A');
ERROR 1064 (42000): You have an error in your SQL syntax; check the manual that corresponds to your MariaDB server version for the right syntax to use near ''0','gili','백인호','01015553909','shs2053@naver.com','02-547-5477','04032...' at line 1
MariaDB [shop]> insert into shop_member('0','leena','백재승','01045121147','bokur@nate.com','02-834-2010','26224','부산 해운대구 센텀서로 39 영상산업센터 1,2층','6동 201호','1','P');
ERROR 1064 (42000): You have an error in your SQL syntax; check the manual that corresponds to your MariaDB server version for the right syntax to use near ''0','leena','백재승','01045121147','bokur@nate.com','02-834-2010','26224',...' at line 1
MariaDB [shop]> insert into shop_member('0','justuin','백희영','01036322346','nanamcom@naver.com','02-420-3850','36412','서울 중구 동덕로130','5-5 1F','2','A');
ERROR 1064 (42000): You have an error in your SQL syntax; check the manual that corresponds to your MariaDB server version for the right syntax to use near ''0','justuin','백희영','01036322346','nanamcom@naver.com','02-420-3850','3...' at line 1
MariaDB [shop]> insert into shop_member('0','jason','서경석','01010383237','kodong9370@naver.com','042-826-1947','09091','서울 중구 달구벌대로 2175','23동 17호','4','A');
ERROR 1064 (42000): You have an error in your SQL syntax; check the manual that corresponds to your MariaDB server version for the right syntax to use near ''0','jason','서경석','01010383237','kodong9370@naver.com','042-826-1947','...' at line 1
MariaDB [shop]> insert into shop_member('0','kate','서유헌','01057129098','green97210@hanmail.net','031-511-9935','04321','전북 진주시 강남로 79','206동 307호','1','K');
ERROR 1064 (42000): You have an error in your SQL syntax; check the manual that corresponds to your MariaDB server version for the right syntax to use near ''0','kate','서유헌','01057129098','green97210@hanmail.net','031-511-9935',...' at line 1
MariaDB [shop]> insert into shop_member('0','emma','서정기','01023038704','boomia12@nizspace.com','042-6288-8301','05332','세종 시청대로 370 세종국책연구단지 연구지원동(A) 4, 8~9층','8층 201호','3','D');
ERROR 1064 (42000): You have an error in your SQL syntax; check the manual that corresponds to your MariaDB server version for the right syntax to use near ''0','emma','서정기','01023038704','boomia12@nizspace.com','042-6288-8301',...' at line 1
MariaDB [shop]> insert into shop_member('0','ellen','서정선','01028849702','krgasi@nate.com','031-948-5435','36412','제주 서귀포시 서호중앙로 63','22','3','Q');
ERROR 1064 (42000): You have an error in your SQL syntax; check the manual that corresponds to your MariaDB server version for the right syntax to use near ''0','ellen','서정선','01028849702','krgasi@nate.com','031-948-5435','36412...' at line 1
MariaDB [shop]> insert into shop_member('0','darby','서진석','01081425242','goldens_no1@naver.com','062-514-9652','05334','세종 시청대로 370 세종국책연구단지 과학ㆍ인프라동(B동) 5,6,7층, 연구지원동(A동) 3층','7층 705호','2','D');
ERROR 1064 (42000): You have an error in your SQL syntax; check the manual that corresponds to your MariaDB server version for the right syntax to use near ''0','darby','서진석','01081425242','goldens_no1@naver.com','062-514-9652',...' at line 1
MariaDB [shop]> insert into shop_member('0','julia','서창옥','01091426704','nurian22@daum.net','070-8819-5647','03034','울산 북구 첨단과기로 123 (오룡동)','61-2','2','Q');
ERROR 1064 (42000): You have an error in your SQL syntax; check the manual that corresponds to your MariaDB server version for the right syntax to use near ''0','julia','서창옥','01091426704','nurian22@daum.net','070-8819-5647','03...' at line 1
MariaDB [shop]> insert into shop_member('0','dasiy','선경','01097985569','jb@kyungsu.co.kr','031-907-7677','05355','경북 김천시 혁신6로 17(율곡동, 교통안전공단)','5F 504호','2','M');
ERROR 1064 (42000): You have an error in your SQL syntax; check the manual that corresponds to your MariaDB server version for the right syntax to use near ''0','dasiy','선경','01097985569','jb@kyungsu.co.kr','031-907-7677','05355',...' at line 1
MariaDB [shop]> insert into shop_member('0','kavin','선우일남','01004020505','sarang9671@nate.com','070-4694-6688','05339','세종 시청대로 370 세종국책연구단지 연구지원동(A동) 5~7층(우30147)','7층 704호','1','D');
ERROR 1064 (42000): You have an error in your SQL syntax; check the manual that corresponds to your MariaDB server version for the right syntax to use near ''0','kavin','선우일남','01004020505','sarang9671@nate.com','070-4694-6688...' at line 1
MariaDB [shop]> insert into shop_member('0','kuper','성명훈','01036993883','kdf119@naver.com','02-3298-6790','02031','서울 서초구 남부순환로 2557(서초동1365-23번지) ','33-2','1','A');
ERROR 1064 (42000): You have an error in your SQL syntax; check the manual that corresponds to your MariaDB server version for the right syntax to use near ''0','kuper','성명훈','01036993883','kdf119@naver.com','02-3298-6790','0203...' at line 1
MariaDB [shop]> insert into shop_member('0','jettysi','성상철','01025233148','care0105@naver.com','062-351-1507','07081','강원 원주시 혁신로 22(반곡동)','64-1','1','H');
ERROR 1064 (42000): You have an error in your SQL syntax; check the manual that corresponds to your MariaDB server version for the right syntax to use near ''0','jettysi','성상철','01025233148','care0105@naver.com','062-351-1507','...' at line 1
MariaDB [shop]> insert into shop_member values('0','alie','박용현','01050313314','x1178@naver.com','02-2205-4801','05321','서울 중구 퇴계로 97, 고려대연각타워 601호','23-1 3F','1','A');
Query OK, 1 row affected (0.002 sec)

MariaDB [shop]> insert into shop_member values('0','amanda','박윤기','01000323139','dopd9999@naver.com','02-441-0291','16442','부산 해운대구 센텀 7로 12 ','607동 806호','3','P');
Query OK, 1 row affected (0.001 sec)

MariaDB [shop]> insert into shop_member values('0','amy','박인숙','01045789692','kurtjeong@naver.com','070-8778-9200','09810','경기 성남시 분당구 야탑로 205번길 8','8동 17호','4','B');
Query OK, 1 row affected (0.001 sec)

MariaDB [shop]> insert into shop_member values('0','ann','박장규','01038442122','hyoun74@naver.com','031-908-7202','05324','서울 서초구 바우뫼로 27길 2','203동 611호','2','A');
Query OK, 1 row affected (0.001 sec)

MariaDB [shop]> insert into shop_member values('0','boss','박재용','01069423772','leavesone@nate.com','02-2038-5905','05325','서울 종로구 대학로 57 홍익대학교 대학로캠퍼스 교육동 3층, 12층','12F 1204호','2','A');
Query OK, 1 row affected (0.001 sec)

MariaDB [shop]> insert into shop_member values('0','billy','박재형','01053524251','wwww1993@naver.com','02-2269-4996','05326','서울 영등포구 경인로 841','803호','2','A');
Query OK, 1 row affected (0.001 sec)

MariaDB [shop]> insert into shop_member values('0','bess','박정선','01031374949','lisa_redsun@naver.com','02-2038-5905','05327','서울 광진구 자양로 76','16-22','1','A');
Query OK, 1 row affected (0.001 sec)

MariaDB [shop]> insert into shop_member values('0','chelsea','박정수','01031111004','k9000sy@naver.com','02-6925-3880','05328','서울 광진구 강변역로 2 (구의동, 우체국시설관리단)','38-1','1','A');
Query OK, 1 row affected (0.001 sec)

MariaDB [shop]> insert into shop_member values('0','syma','박정식','01067884211','neoj76@naver.com','02-595-9166','05241','서울 종로구 종로1길 42, 603호(수송동, 이마빌딩)','9-1','1','A');
Query OK, 1 row affected (0.001 sec)

MariaDB [shop]> insert into shop_member values('0','fella','박정한','01012345678','dawoniron@hanmail.net','031-759-2763','05330','서울 중구 정동길 43','하남빌딩 4F','1','A');
Query OK, 1 row affected (0.001 sec)

MariaDB [shop]> insert into shop_member values('0','hera','박종섭','01022345679','gangnam2020@naver.com','02-438-5166','05331','서울 동작구 신대방1가길77','53-1','1','A');
Query OK, 1 row affected (0.001 sec)

MariaDB [shop]> insert into shop_member values('0','hugh','박주배','01012345680','s-k-w123@hanmail.com','02-449-9991','05332','서울 강남구 테헤란로 305 (역삼동), 한국기술센터 18층','1809호','1','A');
Query OK, 1 row affected (0.001 sec)

MariaDB [shop]> insert into shop_member values('0','edgar','박찬일','01042345681','cois3001@naver.com','02-6954-2665','05054','서울 영등포구 영중로83(영등포동 7가)','11-2','3','A');
Query OK, 1 row affected (0.001 sec)

MariaDB [shop]> insert into shop_member values('0','mavels','박찬정','01012345682','cjt831@hanmail.net','02-2008-1202','04332','서울 동작구 보라매로 5길 35, 401(신대방동)','4F','4','A');
Query OK, 1 row affected (0.001 sec)

MariaDB [shop]> insert into shop_member values('0','hope','박창일','01052345683','kyoung-dong@hanmail.net','062-514-9652','04881','서울 서초구 강남대로27, 601호','22-6','3','A');
Query OK, 1 row affected (0.001 sec)

MariaDB [shop]> insert into shop_member values('0','lsable','박춘식','01012345684','menu008@hanmail.net','070-7794-9400','05336','강원 정선군 사북읍 하이원길 265','38-7','3','H');
Query OK, 1 row affected (0.001 sec)

MariaDB [shop]> insert into shop_member values('0','lucka','박형진','01022345685','gaon@gaon.pe.kr','055-289-8000','05337','경기 김포시 고촌읍 아라육로 270번길 74','61-2 3층','1','B');
Query OK, 1 row affected (0.001 sec)

MariaDB [shop]> insert into shop_member values('0','lsis','방문석','01072345686','9666308@hanmail.net','02-557-0481','05338','경기 유성구 대덕대로 1227','23-1 20F','1','B');
Query OK, 1 row affected (0.001 sec)

MariaDB [shop]> insert into shop_member values('0','lottie','방병기','01012345687','zoro0309@naver.com','02-433-7184','05339','경북 김천시 혁신2로 40(율곡동790)','91-2','2','M');
Query OK, 1 row affected (0.001 sec)

MariaDB [shop]> insert into shop_member values('0','hymphrey','방영주','01092345688','energy8272@naver.com','070-7794-9440','19698','경기 용인시 기흥구 석성로 521번길 169(청덕동)','11동 308호','1','B');
Query OK, 1 row affected (0.001 sec)

MariaDB [shop]> insert into shop_member values('0','mond','배상철','01042345689','gato4996@daum.net','02-511-1727','06811','경기 고양시 일산동구 정발산로 24 웨스턴타워 4동 8층, 9층','9층 32호','2','B');
Query OK, 1 row affected (0.001 sec)

MariaDB [shop]> insert into shop_member values('0','dixie','배종우','01052345690','garamstr2@gmail.com','070-4172-7775','05342','충북 아름서길 21','2-2','1','G');
Query OK, 1 row affected (0.001 sec)

MariaDB [shop]> insert into shop_member values('0','deva','백구현','01015345691','cois3001@naver.com','032-545-3104','01036','강원 강릉시 죽헌길 7','25-1 205동 401호','1','H');
Query OK, 1 row affected (0.001 sec)

MariaDB [shop]> insert into shop_member values('0','goofy','백승완','01013345692','gayadns@hanmail.net','031-388-0828','01024','강원 춘천시 백령로 156','5-2 6F','1','H');
Query OK, 1 row affected (0.001 sec)

MariaDB [shop]> insert into shop_member values('0','laura','백운이','01023456778','nami@nandesign.kr','070-4910-8706','05345','강원 원주시 혁신로 60','23-1 27F','1','H');
Query OK, 1 row affected (0.001 sec)

MariaDB [shop]> insert into shop_member values('0','gili','백인호','01015553909','shs2053@naver.com','02-547-5477','04032','서울 중구 남대문로 109(국제빌딩)','11-6 3F 311호','2','A');
Query OK, 1 row affected (0.001 sec)

MariaDB [shop]> insert into shop_member values('0','leena','백재승','01045121147','bokur@nate.com','02-834-2010','26224','부산 해운대구 센텀서로 39 영상산업센터 1,2층','6동 201호','1','P');
Query OK, 1 row affected (0.001 sec)

MariaDB [shop]> insert into shop_member values('0','justuin','백희영','01036322346','nanamcom@naver.com','02-420-3850','36412','서울 중구 동덕로130','5-5 1F','2','A');
Query OK, 1 row affected (0.001 sec)

MariaDB [shop]> insert into shop_member values('0','jason','서경석','01010383237','kodong9370@naver.com','042-826-1947','09091','서울 중구 달구벌대로 2175','23동 17호','4','A');
Query OK, 1 row affected (0.001 sec)

MariaDB [shop]> insert into shop_member values('0','kate','서유헌','01057129098','green97210@hanmail.net','031-511-9935','04321','전북 진주시 강남로 79','206동 307호','1','K');
Query OK, 1 row affected (0.001 sec)

MariaDB [shop]> insert into shop_member values('0','emma','서정기','01023038704','boomia12@nizspace.com','042-6288-8301','05332','세종 시청대로 370 세종국책연구단지 연구지원동(A) 4, 8~9층','8층 201호','3','D');
Query OK, 1 row affected (0.001 sec)

MariaDB [shop]> insert into shop_member values('0','ellen','서정선','01028849702','krgasi@nate.com','031-948-5435','36412','제주 서귀포시 서호중앙로 63','22','3','Q');
Query OK, 1 row affected (0.001 sec)

MariaDB [shop]> insert into shop_member values('0','darby','서진석','01081425242','goldens_no1@naver.com','062-514-9652','05334','세종 시청대로 370 세종국책연구단지 과학ㆍ인프라동(B동) 5,6,7층, 연구지원동(A동) 3층','7층 705호','2','D');
Query OK, 1 row affected (0.001 sec)

MariaDB [shop]> insert into shop_member values('0','julia','서창옥','01091426704','nurian22@daum.net','070-8819-5647','03034','울산 북구 첨단과기로 123 (오룡동)','61-2','2','Q');
Query OK, 1 row affected (0.001 sec)

MariaDB [shop]> insert into shop_member values('0','dasiy','선경','01097985569','jb@kyungsu.co.kr','031-907-7677','05355','경북 김천시 혁신6로 17(율곡동, 교통안전공단)','5F 504호','2','M');
Query OK, 1 row affected (0.001 sec)

MariaDB [shop]> insert into shop_member values('0','kavin','선우일남','01004020505','sarang9671@nate.com','070-4694-6688','05339','세종 시청대로 370 세종국책연구단지 연구지원동(A동) 5~7층(우30147)','7층 704호','1','D');
Query OK, 1 row affected (0.001 sec)

MariaDB [shop]> insert into shop_member values('0','kuper','성명훈','01036993883','kdf119@naver.com','02-3298-6790','02031','서울 서초구 남부순환로 2557(서초동1365-23번지) ','33-2','1','A');
Query OK, 1 row affected (0.001 sec)

MariaDB [shop]> insert into shop_member values('0','jettysi','성상철','01025233148','care0105@naver.com','062-351-1507','07081','강원 원주시 혁신로 22(반곡동)','64-1','1','H');
Query OK, 1 row affected (0.002 sec)

MariaDB [shop]> select * from shop_member;
+------+----------+----------+-------------+-------------------------+---------------+-------+-------------------------------------------------------------------------------------+------------------+------+-------+
| sidx | sid      | sname    | scel        | smail                   | stel          | spos1 | spos2                                                                               | spos3            | slev | sarea |
+------+----------+----------+-------------+-------------------------+---------------+-------+-------------------------------------------------------------------------------------+------------------+------+-------+
|    1 | alie     | 박용현   | 01050313314 | x1178@naver.com         | 02-2205-4801  | 05321 | 서울 중구 퇴계로 97, 고려대연각타워 601호                                           | 23-1 3F          |    1 | A     |
|    2 | amanda   | 박윤기   | 01000323139 | dopd9999@naver.com      | 02-441-0291   | 16442 | 부산 해운대구 센텀 7로 12                                                           | 607동 806호      |    3 | P     |
|    3 | amy      | 박인숙   | 01045789692 | kurtjeong@naver.com     | 070-8778-9200 | 09810 | 경기 성남시 분당구 야탑로 205번길 8                                                 | 8동 17호         |    4 | B     |
|    4 | ann      | 박장규   | 01038442122 | hyoun74@naver.com       | 031-908-7202  | 05324 | 서울 서초구 바우뫼로 27길 2                                                         | 203동 611호      |    2 | A     |
|    5 | boss     | 박재용   | 01069423772 | leavesone@nate.com      | 02-2038-5905  | 05325 | 서울 종로구 대학로 57 홍익대학교 대학로캠퍼스 교육동 3층, 12층                      | 12F 1204호       |    2 | A     |
|    6 | billy    | 박재형   | 01053524251 | wwww1993@naver.com      | 02-2269-4996  | 05326 | 서울 영등포구 경인로 841                                                            | 803호            |    2 | A     |
|    7 | bess     | 박정선   | 01031374949 | lisa_redsun@naver.com   | 02-2038-5905  | 05327 | 서울 광진구 자양로 76                                                               | 16-22            |    1 | A     |
|    8 | chelsea  | 박정수   | 01031111004 | k9000sy@naver.com       | 02-6925-3880  | 05328 | 서울 광진구 강변역로 2 (구의동, 우체국시설관리단)                                   | 38-1             |    1 | A     |
|    9 | syma     | 박정식   | 01067884211 | neoj76@naver.com        | 02-595-9166   | 05241 | 서울 종로구 종로1길 42, 603호(수송동, 이마빌딩)                                     | 9-1              |    1 | A     |
|   10 | fella    | 박정한   | 01012345678 | dawoniron@hanmail.net   | 031-759-2763  | 05330 | 서울 중구 정동길 43                                                                 | 하남빌딩 4F      |    1 | A     |
|   11 | hera     | 박종섭   | 01022345679 | gangnam2020@naver.com   | 02-438-5166   | 05331 | 서울 동작구 신대방1가길77                                                           | 53-1             |    1 | A     |
|   12 | hugh     | 박주배   | 01012345680 | s-k-w123@hanmail.com    | 02-449-9991   | 05332 | 서울 강남구 테헤란로 305 (역삼동), 한국기술센터 18층                                | 1809호           |    1 | A     |
|   13 | edgar    | 박찬일   | 01042345681 | cois3001@naver.com      | 02-6954-2665  | 05054 | 서울 영등포구 영중로83(영등포동 7가)                                                | 11-2             |    3 | A     |
|   14 | mavels   | 박찬정   | 01012345682 | cjt831@hanmail.net      | 02-2008-1202  | 04332 | 서울 동작구 보라매로 5길 35, 401(신대방동)                                          | 4F               |    4 | A     |
|   15 | hope     | 박창일   | 01052345683 | kyoung-dong@hanmail.net | 062-514-9652  | 04881 | 서울 서초구 강남대로27, 601호                                                       | 22-6             |    3 | A     |
|   16 | lsable   | 박춘식   | 01012345684 | menu008@hanmail.net     | 070-7794-9400 | 05336 | 강원 정선군 사북읍 하이원길 265                                                     | 38-7             |    3 | H     |
|   17 | lucka    | 박형진   | 01022345685 | gaon@gaon.pe.kr         | 055-289-8000  | 05337 | 경기 김포시 고촌읍 아라육로 270번길 74                                              | 61-2 3층         |    1 | B     |
|   18 | lsis     | 방문석   | 01072345686 | 9666308@hanmail.net     | 02-557-0481   | 05338 | 경기 유성구 대덕대로 1227                                                           | 23-1 20F         |    1 | B     |
|   19 | lottie   | 방병기   | 01012345687 | zoro0309@naver.com      | 02-433-7184   | 05339 | 경북 김천시 혁신2로 40(율곡동790)                                                   | 91-2             |    2 | M     |
|   20 | hymphrey | 방영주   | 01092345688 | energy8272@naver.com    | 070-7794-9440 | 19698 | 경기 용인시 기흥구 석성로 521번길 169(청덕동)                                       | 11동 308호       |    1 | B     |
|   21 | mond     | 배상철   | 01042345689 | gato4996@daum.net       | 02-511-1727   | 06811 | 경기 고양시 일산동구 정발산로 24 웨스턴타워 4동 8층, 9층                            | 9층 32호         |    2 | B     |
|   22 | dixie    | 배종우   | 01052345690 | garamstr2@gmail.com     | 070-4172-7775 | 05342 | 충북 아름서길 21                                                                    | 2-2              |    1 | G     |
|   23 | deva     | 백구현   | 01015345691 | cois3001@naver.com      | 032-545-3104  | 01036 | 강원 강릉시 죽헌길 7                                                                | 25-1 205동 401호 |    1 | H     |
|   24 | goofy    | 백승완   | 01013345692 | gayadns@hanmail.net     | 031-388-0828  | 01024 | 강원 춘천시 백령로 156                                                              | 5-2 6F           |    1 | H     |
|   25 | laura    | 백운이   | 01023456778 | nami@nandesign.kr       | 070-4910-8706 | 05345 | 강원 원주시 혁신로 60                                                               | 23-1 27F         |    1 | H     |
|   26 | gili     | 백인호   | 01015553909 | shs2053@naver.com       | 02-547-5477   | 04032 | 서울 중구 남대문로 109(국제빌딩)                                                    | 11-6 3F 311호    |    2 | A     |
|   27 | leena    | 백재승   | 01045121147 | bokur@nate.com          | 02-834-2010   | 26224 | 부산 해운대구 센텀서로 39 영상산업센터 1,2층                                        | 6동 201호        |    1 | P     |
|   28 | justuin  | 백희영   | 01036322346 | nanamcom@naver.com      | 02-420-3850   | 36412 | 서울 중구 동덕로130                                                                 | 5-5 1F           |    2 | A     |
|   29 | jason    | 서경석   | 01010383237 | kodong9370@naver.com    | 042-826-1947  | 09091 | 서울 중구 달구벌대로 2175                                                           | 23동 17호        |    4 | A     |
|   30 | kate     | 서유헌   | 01057129098 | green97210@hanmail.net  | 031-511-9935  | 04321 | 전북 진주시 강남로 79                                                               | 206동 307호      |    1 | K     |
|   31 | emma     | 서정기   | 01023038704 | boomia12@nizspace.com   | 042-6288-8301 | 05332 | 세종 시청대로 370 세종국책연구단지 연구지원동(A) 4, 8~9층                           | 8층 201호        |    3 | D     |
|   32 | ellen    | 서정선   | 01028849702 | krgasi@nate.com         | 031-948-5435  | 36412 | 제주 서귀포시 서호중앙로 63                                                         | 22               |    3 | Q     |
|   33 | darby    | 서진석   | 01081425242 | goldens_no1@naver.com   | 062-514-9652  | 05334 | 세종 시청대로 370 세종국책연구단지 과학ㆍ인프라동(B동) 5,6,7층, 연구지원동(A동) 3층 | 7층 705호        |    2 | D     |
|   34 | julia    | 서창옥   | 01091426704 | nurian22@daum.net       | 070-8819-5647 | 03034 | 울산 북구 첨단과기로 123 (오룡동)                                                   | 61-2             |    2 | Q     |
|   35 | dasiy    | 선경     | 01097985569 | jb@kyungsu.co.kr        | 031-907-7677  | 05355 | 경북 김천시 혁신6로 17(율곡동, 교통안전공단)                                        | 5F 504호         |    2 | M     |
|   36 | kavin    | 선우일남 | 01004020505 | sarang9671@nate.com     | 070-4694-6688 | 05339 | 세종 시청대로 370 세종국책연구단지 연구지원동(A동) 5~7층(우30147)                   | 7층 704호        |    1 | D     |
|   37 | kuper    | 성명훈   | 01036993883 | kdf119@naver.com        | 02-3298-6790  | 02031 | 서울 서초구 남부순환로 2557(서초동1365-23번지)                                      | 33-2             |    1 | A     |
|   38 | jettysi  | 성상철   | 01025233148 | care0105@naver.com      | 062-351-1507  | 07081 | 강원 원주시 혁신로 22(반곡동)                                                       | 64-1             |    1 | H     |
+------+----------+----------+-------------+-------------------------+---------------+-------+-------------------------------------------------------------------------------------+------------------+------+-------+
38 rows in set (0.000 sec)

MariaDB [shop]> desc shop_member;
+-------+-----------+------+-----+---------+----------------+
| Field | Type      | Null | Key | Default | Extra          |
+-------+-----------+------+-----+---------+----------------+
| sidx  | int(11)   | NO   | PRI | NULL    | auto_increment |
| sid   | char(50)  | NO   | PRI | NULL    |                |
| sname | char(50)  | NO   |     | NULL    |                |
| scel  | char(11)  | NO   |     | NULL    |                |
| smail | char(50)  | NO   |     | NULL    |                |
| stel  | char(14)  | NO   |     | NULL    |                |
| spos1 | char(10)  | NO   |     | NULL    |                |
| spos2 | char(100) | NO   |     | NULL    |                |
| spos3 | char(100) | NO   |     | NULL    |                |
| slev  | int(2)    | NO   |     | NULL    |                |
| sarea | char(2)   | NO   |     | NULL    |                |
+-------+-----------+------+-----+---------+----------------+
11 rows in set (0.010 sec)

MariaDB [shop]> alter table shop_member add sage after sname;
ERROR 1064 (42000): You have an error in your SQL syntax; check the manual that corresponds to your MariaDB server version for the right syntax to use near 'sname' at line 1
MariaDB [shop]> alter table shop_member add sage int(2) after sname;
Query OK, 0 rows affected (0.012 sec)
Records: 0  Duplicates: 0  Warnings: 0

MariaDB [shop]> desc shop_member;
+-------+-----------+------+-----+---------+----------------+
| Field | Type      | Null | Key | Default | Extra          |
+-------+-----------+------+-----+---------+----------------+
| sidx  | int(11)   | NO   | PRI | NULL    | auto_increment |
| sid   | char(50)  | NO   | PRI | NULL    |                |
| sname | char(50)  | NO   |     | NULL    |                |
| sage  | int(2)    | YES  |     | NULL    |                |
| scel  | char(11)  | NO   |     | NULL    |                |
| smail | char(50)  | NO   |     | NULL    |                |
| stel  | char(14)  | NO   |     | NULL    |                |
| spos1 | char(10)  | NO   |     | NULL    |                |
| spos2 | char(100) | NO   |     | NULL    |                |
| spos3 | char(100) | NO   |     | NULL    |                |
| slev  | int(2)    | NO   |     | NULL    |                |
| sarea | char(2)   | NO   |     | NULL    |                |
+-------+-----------+------+-----+---------+----------------+
12 rows in set (0.009 sec)

MariaDB [shop]> select * from shop_member;
+------+----------+----------+------+-------------+-------------------------+---------------+-------+-------------------------------------------------------------------------------------+------------------+------+-------+
| sidx | sid      | sname    | sage | scel        | smail                   | stel          | spos1 | spos2                                                                               | spos3            | slev | sarea |
+------+----------+----------+------+-------------+-------------------------+---------------+-------+-------------------------------------------------------------------------------------+------------------+------+-------+
|    1 | alie     | 박용현   | NULL | 01050313314 | x1178@naver.com         | 02-2205-4801  | 05321 | 서울 중구 퇴계로 97, 고려대연각타워 601호                                           | 23-1 3F          |    1 | A     |
|    2 | amanda   | 박윤기   | NULL | 01000323139 | dopd9999@naver.com      | 02-441-0291   | 16442 | 부산 해운대구 센텀 7로 12                                                           | 607동 806호      |    3 | P     |
|    3 | amy      | 박인숙   | NULL | 01045789692 | kurtjeong@naver.com     | 070-8778-9200 | 09810 | 경기 성남시 분당구 야탑로 205번길 8                                                 | 8동 17호         |    4 | B     |
|    4 | ann      | 박장규   | NULL | 01038442122 | hyoun74@naver.com       | 031-908-7202  | 05324 | 서울 서초구 바우뫼로 27길 2                                                         | 203동 611호      |    2 | A     |
|    5 | boss     | 박재용   | NULL | 01069423772 | leavesone@nate.com      | 02-2038-5905  | 05325 | 서울 종로구 대학로 57 홍익대학교 대학로캠퍼스 교육동 3층, 12층                      | 12F 1204호       |    2 | A     |
|    6 | billy    | 박재형   | NULL | 01053524251 | wwww1993@naver.com      | 02-2269-4996  | 05326 | 서울 영등포구 경인로 841                                                            | 803호            |    2 | A     |
|    7 | bess     | 박정선   | NULL | 01031374949 | lisa_redsun@naver.com   | 02-2038-5905  | 05327 | 서울 광진구 자양로 76                                                               | 16-22            |    1 | A     |
|    8 | chelsea  | 박정수   | NULL | 01031111004 | k9000sy@naver.com       | 02-6925-3880  | 05328 | 서울 광진구 강변역로 2 (구의동, 우체국시설관리단)                                   | 38-1             |    1 | A     |
|    9 | syma     | 박정식   | NULL | 01067884211 | neoj76@naver.com        | 02-595-9166   | 05241 | 서울 종로구 종로1길 42, 603호(수송동, 이마빌딩)                                     | 9-1              |    1 | A     |
|   10 | fella    | 박정한   | NULL | 01012345678 | dawoniron@hanmail.net   | 031-759-2763  | 05330 | 서울 중구 정동길 43                                                                 | 하남빌딩 4F      |    1 | A     |
|   11 | hera     | 박종섭   | NULL | 01022345679 | gangnam2020@naver.com   | 02-438-5166   | 05331 | 서울 동작구 신대방1가길77                                                           | 53-1             |    1 | A     |
|   12 | hugh     | 박주배   | NULL | 01012345680 | s-k-w123@hanmail.com    | 02-449-9991   | 05332 | 서울 강남구 테헤란로 305 (역삼동), 한국기술센터 18층                                | 1809호           |    1 | A     |
|   13 | edgar    | 박찬일   | NULL | 01042345681 | cois3001@naver.com      | 02-6954-2665  | 05054 | 서울 영등포구 영중로83(영등포동 7가)                                                | 11-2             |    3 | A     |
|   14 | mavels   | 박찬정   | NULL | 01012345682 | cjt831@hanmail.net      | 02-2008-1202  | 04332 | 서울 동작구 보라매로 5길 35, 401(신대방동)                                          | 4F               |    4 | A     |
|   15 | hope     | 박창일   | NULL | 01052345683 | kyoung-dong@hanmail.net | 062-514-9652  | 04881 | 서울 서초구 강남대로27, 601호                                                       | 22-6             |    3 | A     |
|   16 | lsable   | 박춘식   | NULL | 01012345684 | menu008@hanmail.net     | 070-7794-9400 | 05336 | 강원 정선군 사북읍 하이원길 265                                                     | 38-7             |    3 | H     |
|   17 | lucka    | 박형진   | NULL | 01022345685 | gaon@gaon.pe.kr         | 055-289-8000  | 05337 | 경기 김포시 고촌읍 아라육로 270번길 74                                              | 61-2 3층         |    1 | B     |
|   18 | lsis     | 방문석   | NULL | 01072345686 | 9666308@hanmail.net     | 02-557-0481   | 05338 | 경기 유성구 대덕대로 1227                                                           | 23-1 20F         |    1 | B     |
|   19 | lottie   | 방병기   | NULL | 01012345687 | zoro0309@naver.com      | 02-433-7184   | 05339 | 경북 김천시 혁신2로 40(율곡동790)                                                   | 91-2             |    2 | M     |
|   20 | hymphrey | 방영주   | NULL | 01092345688 | energy8272@naver.com    | 070-7794-9440 | 19698 | 경기 용인시 기흥구 석성로 521번길 169(청덕동)                                       | 11동 308호       |    1 | B     |
|   21 | mond     | 배상철   | NULL | 01042345689 | gato4996@daum.net       | 02-511-1727   | 06811 | 경기 고양시 일산동구 정발산로 24 웨스턴타워 4동 8층, 9층                            | 9층 32호         |    2 | B     |
|   22 | dixie    | 배종우   | NULL | 01052345690 | garamstr2@gmail.com     | 070-4172-7775 | 05342 | 충북 아름서길 21                                                                    | 2-2              |    1 | G     |
|   23 | deva     | 백구현   | NULL | 01015345691 | cois3001@naver.com      | 032-545-3104  | 01036 | 강원 강릉시 죽헌길 7                                                                | 25-1 205동 401호 |    1 | H     |
|   24 | goofy    | 백승완   | NULL | 01013345692 | gayadns@hanmail.net     | 031-388-0828  | 01024 | 강원 춘천시 백령로 156                                                              | 5-2 6F           |    1 | H     |
|   25 | laura    | 백운이   | NULL | 01023456778 | nami@nandesign.kr       | 070-4910-8706 | 05345 | 강원 원주시 혁신로 60                                                               | 23-1 27F         |    1 | H     |
|   26 | gili     | 백인호   | NULL | 01015553909 | shs2053@naver.com       | 02-547-5477   | 04032 | 서울 중구 남대문로 109(국제빌딩)                                                    | 11-6 3F 311호    |    2 | A     |
|   27 | leena    | 백재승   | NULL | 01045121147 | bokur@nate.com          | 02-834-2010   | 26224 | 부산 해운대구 센텀서로 39 영상산업센터 1,2층                                        | 6동 201호        |    1 | P     |
|   28 | justuin  | 백희영   | NULL | 01036322346 | nanamcom@naver.com      | 02-420-3850   | 36412 | 서울 중구 동덕로130                                                                 | 5-5 1F           |    2 | A     |
|   29 | jason    | 서경석   | NULL | 01010383237 | kodong9370@naver.com    | 042-826-1947  | 09091 | 서울 중구 달구벌대로 2175                                                           | 23동 17호        |    4 | A     |
|   30 | kate     | 서유헌   | NULL | 01057129098 | green97210@hanmail.net  | 031-511-9935  | 04321 | 전북 진주시 강남로 79                                                               | 206동 307호      |    1 | K     |
|   31 | emma     | 서정기   | NULL | 01023038704 | boomia12@nizspace.com   | 042-6288-8301 | 05332 | 세종 시청대로 370 세종국책연구단지 연구지원동(A) 4, 8~9층                           | 8층 201호        |    3 | D     |
|   32 | ellen    | 서정선   | NULL | 01028849702 | krgasi@nate.com         | 031-948-5435  | 36412 | 제주 서귀포시 서호중앙로 63                                                         | 22               |    3 | Q     |
|   33 | darby    | 서진석   | NULL | 01081425242 | goldens_no1@naver.com   | 062-514-9652  | 05334 | 세종 시청대로 370 세종국책연구단지 과학ㆍ인프라동(B동) 5,6,7층, 연구지원동(A동) 3층 | 7층 705호        |    2 | D     |
|   34 | julia    | 서창옥   | NULL | 01091426704 | nurian22@daum.net       | 070-8819-5647 | 03034 | 울산 북구 첨단과기로 123 (오룡동)                                                   | 61-2             |    2 | Q     |
|   35 | dasiy    | 선경     | NULL | 01097985569 | jb@kyungsu.co.kr        | 031-907-7677  | 05355 | 경북 김천시 혁신6로 17(율곡동, 교통안전공단)                                        | 5F 504호         |    2 | M     |
|   36 | kavin    | 선우일남 | NULL | 01004020505 | sarang9671@nate.com     | 070-4694-6688 | 05339 | 세종 시청대로 370 세종국책연구단지 연구지원동(A동) 5~7층(우30147)                   | 7층 704호        |    1 | D     |
|   37 | kuper    | 성명훈   | NULL | 01036993883 | kdf119@naver.com        | 02-3298-6790  | 02031 | 서울 서초구 남부순환로 2557(서초동1365-23번지)                                      | 33-2             |    1 | A     |
|   38 | jettysi  | 성상철   | NULL | 01025233148 | care0105@naver.com      | 062-351-1507  | 07081 | 강원 원주시 혁신로 22(반곡동)                                                       | 64-1             |    1 | H     |
+------+----------+----------+------+-------------+-------------------------+---------------+-------+-------------------------------------------------------------------------------------+------------------+------+-------+
38 rows in set (0.000 sec)

MariaDB [shop]> drop table shop_member;
Query OK, 0 rows affected (0.005 sec)

MariaDB [shop]> create table shop_member(
    -> sidx int not null auto_increment,
    -> sid char(50) not null,
    -> sname char(50) not null,
    -> sage int(2) not null,
    -> scel char(11) not null,
    -> smail char(50) not null,
    -> stel char(14) not null,
    -> spos1 char(10) not null,
    -> spos2 char(100) not null,
    -> spos3 char(100) not null,
    -> slev int(2) not null,
    -> sarea char(2) not null,
    -> primary key(sidx,sid)
    -> );
Query OK, 0 rows affected (0.008 sec)

MariaDB [shop]> insert into shop_member values('0','alie','박용현','31','01050313314','x1178@naver.com','02-2205-4801','05321','서울 중구 퇴계로 97, 고려대연각타워 601호','23-1 3F','1','A');
Query OK, 1 row affected (0.001 sec)

MariaDB [shop]> insert into shop_member values('0','amanda','박윤기','32','01000323139','dopd9999@naver.com','02-441-0291','16442','부산 해운대구 센텀 7로 12 ','607동 806호','3','P');
Query OK, 1 row affected (0.001 sec)

MariaDB [shop]> insert into shop_member values('0','amy','박인숙','33','01045789692','kurtjeong@naver.com','070-8778-9200','09810','경기 성남시 분당구 야탑로 205번길 8','8동 17호','4','B');
Query OK, 1 row affected (0.001 sec)

MariaDB [shop]> insert into shop_member values('0','ann','박장규','40','01038442122','hyoun74@naver.com','031-908-7202','05324','서울 서초구 바우뫼로 27길 2','203동 611호','2','A');
Query OK, 1 row affected (0.001 sec)

MariaDB [shop]> insert into shop_member values('0','boss','박재용','44','01069423772','leavesone@nate.com','02-2038-5905','05325','서울 종로구 대학로 57 홍익대학교 대학로캠퍼스 교육동 3층, 12층','12F 1204호','2','A');
Query OK, 1 row affected (0.001 sec)

MariaDB [shop]> insert into shop_member values('0','billy','박재형','22','01053524251','wwww1993@naver.com','02-2269-4996','05326','서울 영등포구 경인로 841','803호','2','A');
Query OK, 1 row affected (0.001 sec)

MariaDB [shop]> insert into shop_member values('0','bess','박정선','26','01031374949','lisa_redsun@naver.com','02-2038-5905','05327','서울 광진구 자양로 76','16-22','1','A');
Query OK, 1 row affected (0.001 sec)

MariaDB [shop]> insert into shop_member values('0','chelsea','박정수','51','01031111004','k9000sy@naver.com','02-6925-3880','05328','서울 광진구 강변역로 2 (구의동, 우체국시설관리단)','38-1','1','A');
Query OK, 1 row affected (0.001 sec)

MariaDB [shop]> insert into shop_member values('0','syma','박정식','26','01067884211','neoj76@naver.com','02-595-9166','05241','서울 종로구 종로1길 42, 603호(수송동, 이마빌딩)','9-1','1','A');
Query OK, 1 row affected (0.001 sec)

MariaDB [shop]> insert into shop_member values('0','fella','박정한','39','01012345678','dawoniron@hanmail.net','031-759-2763','05330','서울 중구 정동길 43','하남빌딩 4F','1','A');
Query OK, 1 row affected (0.001 sec)

MariaDB [shop]> insert into shop_member values('0','hera','박종섭','36','01022345679','gangnam2020@naver.com','02-438-5166','05331','서울 동작구 신대방1가길77','53-1','1','A');
Query OK, 1 row affected (0.001 sec)

MariaDB [shop]> insert into shop_member values('0','hugh','박주배','34','01012345680','s-k-w123@hanmail.com','02-449-9991','05332','서울 강남구 테헤란로 305 (역삼동), 한국기술센터 18층','1809호','1','A');
Query OK, 1 row affected (0.001 sec)

MariaDB [shop]> insert into shop_member values('0','edgar','박찬일','28','01042345681','cois3001@naver.com','02-6954-2665','05054','서울 영등포구 영중로83(영등포동 7가)','11-2','3','A');
Query OK, 1 row affected (0.001 sec)

MariaDB [shop]> insert into shop_member values('0','mavels','박찬정','30','01012345682','cjt831@hanmail.net','02-2008-1202','04332','서울 동작구 보라매로 5길 35, 401(신대방동)','4F','4','A');
Query OK, 1 row affected (0.001 sec)

MariaDB [shop]> insert into shop_member values('0','hope','박창일','40','01052345683','kyoung-dong@hanmail.net','062-514-9652','04881','서울 서초구 강남대로27, 601호','22-6','3','A');
Query OK, 1 row affected (0.001 sec)

MariaDB [shop]> insert into shop_member values('0','lsable','박춘식','42','01012345684','menu008@hanmail.net','070-7794-9400','05336','강원 정선군 사북읍 하이원길 265','38-7','3','H');
Query OK, 1 row affected (0.001 sec)

MariaDB [shop]> insert into shop_member values('0','lucka','박형진','36','01022345685','gaon@gaon.pe.kr','055-289-8000','05337','경기 김포시 고촌읍 아라육로 270번길 74','61-2 3층','1','B');
Query OK, 1 row affected (0.001 sec)

MariaDB [shop]> insert into shop_member values('0','lsis','방문석','38','01072345686','9666308@hanmail.net','02-557-0481','05338','경기 유성구 대덕대로 1227','23-1 20F','1','B');
Query OK, 1 row affected (0.001 sec)

MariaDB [shop]> insert into shop_member values('0','lottie','방병기','38','01012345687','zoro0309@naver.com','02-433-7184','05339','경북 김천시 혁신2로 40(율곡동790)','91-2','2','M');
Query OK, 1 row affected (0.001 sec)

MariaDB [shop]> insert into shop_member values('0','hymphrey','방영주','46','01092345688','energy8272@naver.com','070-7794-9440','19698','경기 용인시 기흥구 석성로 521번길 169(청덕동)','11동 308호','1','B');
Query OK, 1 row affected (0.001 sec)

MariaDB [shop]> insert into shop_member values('0','mond','배상철','41','01042345689','gato4996@daum.net','02-511-1727','06811','경기 고양시 일산동구 정발산로 24 웨스턴타워 4동 8층, 9층','9층 32호','2','B');
Query OK, 1 row affected (0.001 sec)

MariaDB [shop]> insert into shop_member values('0','dixie','배종우','52','01052345690','garamstr2@gmail.com','070-4172-7775','05342','충북 아름서길 21','2-2','1','G');
Query OK, 1 row affected (0.001 sec)

MariaDB [shop]> insert into shop_member values('0','deva','백구현','63','01015345691','cois3001@naver.com','032-545-3104','01036','강원 강릉시 죽헌길 7','25-1 205동 401호','1','H');
Query OK, 1 row affected (0.001 sec)

MariaDB [shop]> insert into shop_member values('0','goofy','백승완','45','01013345692','gayadns@hanmail.net','031-388-0828','01024','강원 춘천시 백령로 156','5-2 6F','1','H');
Query OK, 1 row affected (0.001 sec)

MariaDB [shop]> insert into shop_member values('0','laura','백운이','63','01023456778','nami@nandesign.kr','070-4910-8706','05345','강원 원주시 혁신로 60','23-1 27F','1','H');
Query OK, 1 row affected (0.001 sec)

MariaDB [shop]> insert into shop_member values('0','gili','백인호','61','01015553909','shs2053@naver.com','02-547-5477','04032','서울 중구 남대문로 109(국제빌딩)','11-6 3F 311호','2','A');
Query OK, 1 row affected (0.001 sec)

MariaDB [shop]> insert into shop_member values('0','leena','백재승','42','01045121147','bokur@nate.com','02-834-2010','26224','부산 해운대구 센텀서로 39 영상산업센터 1,2층','6동 201호','1','P');
Query OK, 1 row affected (0.001 sec)

MariaDB [shop]> insert into shop_member values('0','justuin','백희영','56','01036322346','nanamcom@naver.com','02-420-3850','36412','서울 중구 동덕로130','5-5 1F','2','A');
Query OK, 1 row affected (0.001 sec)

MariaDB [shop]> insert into shop_member values('0','jason','서경석','49','01010383237','kodong9370@naver.com','042-826-1947','09091','서울 중구 달구벌대로 2175','23동 17호','4','A');
Query OK, 1 row affected (0.001 sec)

MariaDB [shop]> insert into shop_member values('0','kate','서유헌','38','01057129098','green97210@hanmail.net','031-511-9935','04321','전북 진주시 강남로 79','206동 307호','1','K');
Query OK, 1 row affected (0.001 sec)

MariaDB [shop]> insert into shop_member values('0','emma','서정기','46','01023038704','boomia12@nizspace.com','042-6288-8301','05332','세종 시청대로 370 세종국책연구단지 연구지원동(A) 4, 8~9층','8층 201호','3','D');
Query OK, 1 row affected (0.001 sec)

MariaDB [shop]> insert into shop_member values('0','ellen','서정선','53','01028849702','krgasi@nate.com','031-948-5435','36412','제주 서귀포시 서호중앙로 63','22','3','Q');
Query OK, 1 row affected (0.001 sec)

MariaDB [shop]> insert into shop_member values('0','darby','서진석','38','01081425242','goldens_no1@naver.com','062-514-9652','05334','세종 시청대로 370 세종국책연구단지 과학ㆍ인프라동(B동) 5,6,7층, 연구지원동(A동) 3층','7층 705호','2','D');
Query OK, 1 row affected (0.001 sec)

MariaDB [shop]> insert into shop_member values('0','julia','서창옥','46','01091426704','nurian22@daum.net','070-8819-5647','03034','울산 북구 첨단과기로 123 (오룡동)','61-2','2','Q');
Query OK, 1 row affected (0.001 sec)

MariaDB [shop]> insert into shop_member values('0','dasiy','선경','32','01097985569','jb@kyungsu.co.kr','031-907-7677','05355','경북 김천시 혁신6로 17(율곡동, 교통안전공단)','5F 504호','2','M');
Query OK, 1 row affected (0.001 sec)

MariaDB [shop]> insert into shop_member values('0','kavin','선우일남','42','01004020505','sarang9671@nate.com','070-4694-6688','05339','세종 시청대로 370 세종국책연구단지 연구지원동(A동) 5~7층(우30147)','7층 704호','1','D');
Query OK, 1 row affected (0.001 sec)

MariaDB [shop]> insert into shop_member values('0','kuper','성명훈','31','01036993883','kdf119@naver.com','02-3298-6790','02031','서울 서초구 남부순환로 2557(서초동1365-23번지) ','33-2','1','A');
Query OK, 1 row affected (0.001 sec)

MariaDB [shop]> insert into shop_member values('0','jettysi','성상철','39','01025233148','care0105@naver.com','062-351-1507','07081','강원 원주시 혁신로 22(반곡동)','64-1','1','H');
Query OK, 1 row affected (0.001 sec)

MariaDB [shop]>
MariaDB [shop]> select * from shop_member;
+------+----------+----------+------+-------------+-------------------------+---------------+-------+-------------------------------------------------------------------------------------+------------------+------+-------+
| sidx | sid      | sname    | sage | scel        | smail                   | stel          | spos1 | spos2                                                                               | spos3            | slev | sarea |
+------+----------+----------+------+-------------+-------------------------+---------------+-------+-------------------------------------------------------------------------------------+------------------+------+-------+
|    1 | alie     | 박용현   |   31 | 01050313314 | x1178@naver.com         | 02-2205-4801  | 05321 | 서울 중구 퇴계로 97, 고려대연각타워 601호                                           | 23-1 3F          |    1 | A     |
|    2 | amanda   | 박윤기   |   32 | 01000323139 | dopd9999@naver.com      | 02-441-0291   | 16442 | 부산 해운대구 센텀 7로 12                                                           | 607동 806호      |    3 | P     |
|    3 | amy      | 박인숙   |   33 | 01045789692 | kurtjeong@naver.com     | 070-8778-9200 | 09810 | 경기 성남시 분당구 야탑로 205번길 8                                                 | 8동 17호         |    4 | B     |
|    4 | ann      | 박장규   |   40 | 01038442122 | hyoun74@naver.com       | 031-908-7202  | 05324 | 서울 서초구 바우뫼로 27길 2                                                         | 203동 611호      |    2 | A     |
|    5 | boss     | 박재용   |   44 | 01069423772 | leavesone@nate.com      | 02-2038-5905  | 05325 | 서울 종로구 대학로 57 홍익대학교 대학로캠퍼스 교육동 3층, 12층                      | 12F 1204호       |    2 | A     |
|    6 | billy    | 박재형   |   22 | 01053524251 | wwww1993@naver.com      | 02-2269-4996  | 05326 | 서울 영등포구 경인로 841                                                            | 803호            |    2 | A     |
|    7 | bess     | 박정선   |   26 | 01031374949 | lisa_redsun@naver.com   | 02-2038-5905  | 05327 | 서울 광진구 자양로 76                                                               | 16-22            |    1 | A     |
|    8 | chelsea  | 박정수   |   51 | 01031111004 | k9000sy@naver.com       | 02-6925-3880  | 05328 | 서울 광진구 강변역로 2 (구의동, 우체국시설관리단)                                   | 38-1             |    1 | A     |
|    9 | syma     | 박정식   |   26 | 01067884211 | neoj76@naver.com        | 02-595-9166   | 05241 | 서울 종로구 종로1길 42, 603호(수송동, 이마빌딩)                                     | 9-1              |    1 | A     |
|   10 | fella    | 박정한   |   39 | 01012345678 | dawoniron@hanmail.net   | 031-759-2763  | 05330 | 서울 중구 정동길 43                                                                 | 하남빌딩 4F      |    1 | A     |
|   11 | hera     | 박종섭   |   36 | 01022345679 | gangnam2020@naver.com   | 02-438-5166   | 05331 | 서울 동작구 신대방1가길77                                                           | 53-1             |    1 | A     |
|   12 | hugh     | 박주배   |   34 | 01012345680 | s-k-w123@hanmail.com    | 02-449-9991   | 05332 | 서울 강남구 테헤란로 305 (역삼동), 한국기술센터 18층                                | 1809호           |    1 | A     |
|   13 | edgar    | 박찬일   |   28 | 01042345681 | cois3001@naver.com      | 02-6954-2665  | 05054 | 서울 영등포구 영중로83(영등포동 7가)                                                | 11-2             |    3 | A     |
|   14 | mavels   | 박찬정   |   30 | 01012345682 | cjt831@hanmail.net      | 02-2008-1202  | 04332 | 서울 동작구 보라매로 5길 35, 401(신대방동)                                          | 4F               |    4 | A     |
|   15 | hope     | 박창일   |   40 | 01052345683 | kyoung-dong@hanmail.net | 062-514-9652  | 04881 | 서울 서초구 강남대로27, 601호                                                       | 22-6             |    3 | A     |
|   16 | lsable   | 박춘식   |   42 | 01012345684 | menu008@hanmail.net     | 070-7794-9400 | 05336 | 강원 정선군 사북읍 하이원길 265                                                     | 38-7             |    3 | H     |
|   17 | lucka    | 박형진   |   36 | 01022345685 | gaon@gaon.pe.kr         | 055-289-8000  | 05337 | 경기 김포시 고촌읍 아라육로 270번길 74                                              | 61-2 3층         |    1 | B     |
|   18 | lsis     | 방문석   |   38 | 01072345686 | 9666308@hanmail.net     | 02-557-0481   | 05338 | 경기 유성구 대덕대로 1227                                                           | 23-1 20F         |    1 | B     |
|   19 | lottie   | 방병기   |   38 | 01012345687 | zoro0309@naver.com      | 02-433-7184   | 05339 | 경북 김천시 혁신2로 40(율곡동790)                                                   | 91-2             |    2 | M     |
|   20 | hymphrey | 방영주   |   46 | 01092345688 | energy8272@naver.com    | 070-7794-9440 | 19698 | 경기 용인시 기흥구 석성로 521번길 169(청덕동)                                       | 11동 308호       |    1 | B     |
|   21 | mond     | 배상철   |   41 | 01042345689 | gato4996@daum.net       | 02-511-1727   | 06811 | 경기 고양시 일산동구 정발산로 24 웨스턴타워 4동 8층, 9층                            | 9층 32호         |    2 | B     |
|   22 | dixie    | 배종우   |   52 | 01052345690 | garamstr2@gmail.com     | 070-4172-7775 | 05342 | 충북 아름서길 21                                                                    | 2-2              |    1 | G     |
|   23 | deva     | 백구현   |   63 | 01015345691 | cois3001@naver.com      | 032-545-3104  | 01036 | 강원 강릉시 죽헌길 7                                                                | 25-1 205동 401호 |    1 | H     |
|   24 | goofy    | 백승완   |   45 | 01013345692 | gayadns@hanmail.net     | 031-388-0828  | 01024 | 강원 춘천시 백령로 156                                                              | 5-2 6F           |    1 | H     |
|   25 | laura    | 백운이   |   63 | 01023456778 | nami@nandesign.kr       | 070-4910-8706 | 05345 | 강원 원주시 혁신로 60                                                               | 23-1 27F         |    1 | H     |
|   26 | gili     | 백인호   |   61 | 01015553909 | shs2053@naver.com       | 02-547-5477   | 04032 | 서울 중구 남대문로 109(국제빌딩)                                                    | 11-6 3F 311호    |    2 | A     |
|   27 | leena    | 백재승   |   42 | 01045121147 | bokur@nate.com          | 02-834-2010   | 26224 | 부산 해운대구 센텀서로 39 영상산업센터 1,2층                                        | 6동 201호        |    1 | P     |
|   28 | justuin  | 백희영   |   56 | 01036322346 | nanamcom@naver.com      | 02-420-3850   | 36412 | 서울 중구 동덕로130                                                                 | 5-5 1F           |    2 | A     |
|   29 | jason    | 서경석   |   49 | 01010383237 | kodong9370@naver.com    | 042-826-1947  | 09091 | 서울 중구 달구벌대로 2175                                                           | 23동 17호        |    4 | A     |
|   30 | kate     | 서유헌   |   38 | 01057129098 | green97210@hanmail.net  | 031-511-9935  | 04321 | 전북 진주시 강남로 79                                                               | 206동 307호      |    1 | K     |
|   31 | emma     | 서정기   |   46 | 01023038704 | boomia12@nizspace.com   | 042-6288-8301 | 05332 | 세종 시청대로 370 세종국책연구단지 연구지원동(A) 4, 8~9층                           | 8층 201호        |    3 | D     |
|   32 | ellen    | 서정선   |   53 | 01028849702 | krgasi@nate.com         | 031-948-5435  | 36412 | 제주 서귀포시 서호중앙로 63                                                         | 22               |    3 | Q     |
|   33 | darby    | 서진석   |   38 | 01081425242 | goldens_no1@naver.com   | 062-514-9652  | 05334 | 세종 시청대로 370 세종국책연구단지 과학ㆍ인프라동(B동) 5,6,7층, 연구지원동(A동) 3층 | 7층 705호        |    2 | D     |
|   34 | julia    | 서창옥   |   46 | 01091426704 | nurian22@daum.net       | 070-8819-5647 | 03034 | 울산 북구 첨단과기로 123 (오룡동)                                                   | 61-2             |    2 | Q     |
|   35 | dasiy    | 선경     |   32 | 01097985569 | jb@kyungsu.co.kr        | 031-907-7677  | 05355 | 경북 김천시 혁신6로 17(율곡동, 교통안전공단)                                        | 5F 504호         |    2 | M     |
|   36 | kavin    | 선우일남 |   42 | 01004020505 | sarang9671@nate.com     | 070-4694-6688 | 05339 | 세종 시청대로 370 세종국책연구단지 연구지원동(A동) 5~7층(우30147)                   | 7층 704호        |    1 | D     |
|   37 | kuper    | 성명훈   |   31 | 01036993883 | kdf119@naver.com        | 02-3298-6790  | 02031 | 서울 서초구 남부순환로 2557(서초동1365-23번지)                                      | 33-2             |    1 | A     |
|   38 | jettysi  | 성상철   |   39 | 01025233148 | care0105@naver.com      | 062-351-1507  | 07081 | 강원 원주시 혁신로 22(반곡동)                                                       | 64-1             |    1 | H     |
+------+----------+----------+------+-------------+-------------------------+---------------+-------+-------------------------------------------------------------------------------------+------------------+------+-------+
38 rows in set (0.000 sec)

MariaDB [shop]> desc shop_member2;
+-------+-----------+------+-----+---------+----------------+
| Field | Type      | Null | Key | Default | Extra          |
+-------+-----------+------+-----+---------+----------------+
| sidx  | int(11)   | NO   | PRI | NULL    | auto_increment |
| sid   | char(50)  | NO   | PRI | NULL    |                |
| sname | char(50)  | NO   |     | NULL    |                |
| scel  | char(11)  | NO   |     | NULL    |                |
| smail | char(50)  | NO   |     | NULL    |                |
| stel  | char(14)  | NO   |     | NULL    |                |
| spos1 | char(10)  | NO   |     | NULL    |                |
| spos2 | char(100) | NO   |     | NULL    |                |
| spos3 | char(100) | NO   |     | NULL    |                |
| slev  | int(2)    | NO   |     | NULL    |                |
| sarea | char(2)   | NO   |     | NULL    |                |
+-------+-----------+------+-----+---------+----------------+
11 rows in set (0.012 sec)

MariaDB [shop]> select * from shop_member2;
Empty set (0.000 sec)

MariaDB [shop]> insert into shop_member2(select*from shop_member);
ERROR 1136 (21S01): Column count doesn't match value count at row 1
MariaDB [shop]> drop table shop_member2;
Query OK, 0 rows affected (0.005 sec)

MariaDB [shop]> create table shop_member2 like shop_member;
Query OK, 0 rows affected (0.008 sec)

MariaDB [shop]> insert into shop_member2 (select*from shop_member);
Query OK, 38 rows affected (0.003 sec)
Records: 38  Duplicates: 0  Warnings: 0

MariaDB [shop]> select * from shop_member;
+------+----------+----------+------+-------------+-------------------------+---------------+-------+-------------------------------------------------------------------------------------+------------------+------+-------+
| sidx | sid      | sname    | sage | scel        | smail                   | stel          | spos1 | spos2                                                                               | spos3            | slev | sarea |
+------+----------+----------+------+-------------+-------------------------+---------------+-------+-------------------------------------------------------------------------------------+------------------+------+-------+
|    1 | alie     | 박용현   |   31 | 01050313314 | x1178@naver.com         | 02-2205-4801  | 05321 | 서울 중구 퇴계로 97, 고려대연각타워 601호                                           | 23-1 3F          |    1 | A     |
|    2 | amanda   | 박윤기   |   32 | 01000323139 | dopd9999@naver.com      | 02-441-0291   | 16442 | 부산 해운대구 센텀 7로 12                                                           | 607동 806호      |    3 | P     |
|    3 | amy      | 박인숙   |   33 | 01045789692 | kurtjeong@naver.com     | 070-8778-9200 | 09810 | 경기 성남시 분당구 야탑로 205번길 8                                                 | 8동 17호         |    4 | B     |
|    4 | ann      | 박장규   |   40 | 01038442122 | hyoun74@naver.com       | 031-908-7202  | 05324 | 서울 서초구 바우뫼로 27길 2                                                         | 203동 611호      |    2 | A     |
|    5 | boss     | 박재용   |   44 | 01069423772 | leavesone@nate.com      | 02-2038-5905  | 05325 | 서울 종로구 대학로 57 홍익대학교 대학로캠퍼스 교육동 3층, 12층                      | 12F 1204호       |    2 | A     |
|    6 | billy    | 박재형   |   22 | 01053524251 | wwww1993@naver.com      | 02-2269-4996  | 05326 | 서울 영등포구 경인로 841                                                            | 803호            |    2 | A     |
|    7 | bess     | 박정선   |   26 | 01031374949 | lisa_redsun@naver.com   | 02-2038-5905  | 05327 | 서울 광진구 자양로 76                                                               | 16-22            |    1 | A     |
|    8 | chelsea  | 박정수   |   51 | 01031111004 | k9000sy@naver.com       | 02-6925-3880  | 05328 | 서울 광진구 강변역로 2 (구의동, 우체국시설관리단)                                   | 38-1             |    1 | A     |
|    9 | syma     | 박정식   |   26 | 01067884211 | neoj76@naver.com        | 02-595-9166   | 05241 | 서울 종로구 종로1길 42, 603호(수송동, 이마빌딩)                                     | 9-1              |    1 | A     |
|   10 | fella    | 박정한   |   39 | 01012345678 | dawoniron@hanmail.net   | 031-759-2763  | 05330 | 서울 중구 정동길 43                                                                 | 하남빌딩 4F      |    1 | A     |
|   11 | hera     | 박종섭   |   36 | 01022345679 | gangnam2020@naver.com   | 02-438-5166   | 05331 | 서울 동작구 신대방1가길77                                                           | 53-1             |    1 | A     |
|   12 | hugh     | 박주배   |   34 | 01012345680 | s-k-w123@hanmail.com    | 02-449-9991   | 05332 | 서울 강남구 테헤란로 305 (역삼동), 한국기술센터 18층                                | 1809호           |    1 | A     |
|   13 | edgar    | 박찬일   |   28 | 01042345681 | cois3001@naver.com      | 02-6954-2665  | 05054 | 서울 영등포구 영중로83(영등포동 7가)                                                | 11-2             |    3 | A     |
|   14 | mavels   | 박찬정   |   30 | 01012345682 | cjt831@hanmail.net      | 02-2008-1202  | 04332 | 서울 동작구 보라매로 5길 35, 401(신대방동)                                          | 4F               |    4 | A     |
|   15 | hope     | 박창일   |   40 | 01052345683 | kyoung-dong@hanmail.net | 062-514-9652  | 04881 | 서울 서초구 강남대로27, 601호                                                       | 22-6             |    3 | A     |
|   16 | lsable   | 박춘식   |   42 | 01012345684 | menu008@hanmail.net     | 070-7794-9400 | 05336 | 강원 정선군 사북읍 하이원길 265                                                     | 38-7             |    3 | H     |
|   17 | lucka    | 박형진   |   36 | 01022345685 | gaon@gaon.pe.kr         | 055-289-8000  | 05337 | 경기 김포시 고촌읍 아라육로 270번길 74                                              | 61-2 3층         |    1 | B     |
|   18 | lsis     | 방문석   |   38 | 01072345686 | 9666308@hanmail.net     | 02-557-0481   | 05338 | 경기 유성구 대덕대로 1227                                                           | 23-1 20F         |    1 | B     |
|   19 | lottie   | 방병기   |   38 | 01012345687 | zoro0309@naver.com      | 02-433-7184   | 05339 | 경북 김천시 혁신2로 40(율곡동790)                                                   | 91-2             |    2 | M     |
|   20 | hymphrey | 방영주   |   46 | 01092345688 | energy8272@naver.com    | 070-7794-9440 | 19698 | 경기 용인시 기흥구 석성로 521번길 169(청덕동)                                       | 11동 308호       |    1 | B     |
|   21 | mond     | 배상철   |   41 | 01042345689 | gato4996@daum.net       | 02-511-1727   | 06811 | 경기 고양시 일산동구 정발산로 24 웨스턴타워 4동 8층, 9층                            | 9층 32호         |    2 | B     |
|   22 | dixie    | 배종우   |   52 | 01052345690 | garamstr2@gmail.com     | 070-4172-7775 | 05342 | 충북 아름서길 21                                                                    | 2-2              |    1 | G     |
|   23 | deva     | 백구현   |   63 | 01015345691 | cois3001@naver.com      | 032-545-3104  | 01036 | 강원 강릉시 죽헌길 7                                                                | 25-1 205동 401호 |    1 | H     |
|   24 | goofy    | 백승완   |   45 | 01013345692 | gayadns@hanmail.net     | 031-388-0828  | 01024 | 강원 춘천시 백령로 156                                                              | 5-2 6F           |    1 | H     |
|   25 | laura    | 백운이   |   63 | 01023456778 | nami@nandesign.kr       | 070-4910-8706 | 05345 | 강원 원주시 혁신로 60                                                               | 23-1 27F         |    1 | H     |
|   26 | gili     | 백인호   |   61 | 01015553909 | shs2053@naver.com       | 02-547-5477   | 04032 | 서울 중구 남대문로 109(국제빌딩)                                                    | 11-6 3F 311호    |    2 | A     |
|   27 | leena    | 백재승   |   42 | 01045121147 | bokur@nate.com          | 02-834-2010   | 26224 | 부산 해운대구 센텀서로 39 영상산업센터 1,2층                                        | 6동 201호        |    1 | P     |
|   28 | justuin  | 백희영   |   56 | 01036322346 | nanamcom@naver.com      | 02-420-3850   | 36412 | 서울 중구 동덕로130                                                                 | 5-5 1F           |    2 | A     |
|   29 | jason    | 서경석   |   49 | 01010383237 | kodong9370@naver.com    | 042-826-1947  | 09091 | 서울 중구 달구벌대로 2175                                                           | 23동 17호        |    4 | A     |
|   30 | kate     | 서유헌   |   38 | 01057129098 | green97210@hanmail.net  | 031-511-9935  | 04321 | 전북 진주시 강남로 79                                                               | 206동 307호      |    1 | K     |
|   31 | emma     | 서정기   |   46 | 01023038704 | boomia12@nizspace.com   | 042-6288-8301 | 05332 | 세종 시청대로 370 세종국책연구단지 연구지원동(A) 4, 8~9층                           | 8층 201호        |    3 | D     |
|   32 | ellen    | 서정선   |   53 | 01028849702 | krgasi@nate.com         | 031-948-5435  | 36412 | 제주 서귀포시 서호중앙로 63                                                         | 22               |    3 | Q     |
|   33 | darby    | 서진석   |   38 | 01081425242 | goldens_no1@naver.com   | 062-514-9652  | 05334 | 세종 시청대로 370 세종국책연구단지 과학ㆍ인프라동(B동) 5,6,7층, 연구지원동(A동) 3층 | 7층 705호        |    2 | D     |
|   34 | julia    | 서창옥   |   46 | 01091426704 | nurian22@daum.net       | 070-8819-5647 | 03034 | 울산 북구 첨단과기로 123 (오룡동)                                                   | 61-2             |    2 | Q     |
|   35 | dasiy    | 선경     |   32 | 01097985569 | jb@kyungsu.co.kr        | 031-907-7677  | 05355 | 경북 김천시 혁신6로 17(율곡동, 교통안전공단)                                        | 5F 504호         |    2 | M     |
|   36 | kavin    | 선우일남 |   42 | 01004020505 | sarang9671@nate.com     | 070-4694-6688 | 05339 | 세종 시청대로 370 세종국책연구단지 연구지원동(A동) 5~7층(우30147)                   | 7층 704호        |    1 | D     |
|   37 | kuper    | 성명훈   |   31 | 01036993883 | kdf119@naver.com        | 02-3298-6790  | 02031 | 서울 서초구 남부순환로 2557(서초동1365-23번지)                                      | 33-2             |    1 | A     |
|   38 | jettysi  | 성상철   |   39 | 01025233148 | care0105@naver.com      | 062-351-1507  | 07081 | 강원 원주시 혁신로 22(반곡동)                                                       | 64-1             |    1 | H     |
+------+----------+----------+------+-------------+-------------------------+---------------+-------+-------------------------------------------------------------------------------------+------------------+------+-------+
38 rows in set (0.000 sec)

MariaDB [shop]> select * from shop_member2;
+------+----------+----------+------+-------------+-------------------------+---------------+-------+-------------------------------------------------------------------------------------+------------------+------+-------+
| sidx | sid      | sname    | sage | scel        | smail                   | stel          | spos1 | spos2                                                                               | spos3            | slev | sarea |
+------+----------+----------+------+-------------+-------------------------+---------------+-------+-------------------------------------------------------------------------------------+------------------+------+-------+
|    1 | alie     | 박용현   |   31 | 01050313314 | x1178@naver.com         | 02-2205-4801  | 05321 | 서울 중구 퇴계로 97, 고려대연각타워 601호                                           | 23-1 3F          |    1 | A     |
|    2 | amanda   | 박윤기   |   32 | 01000323139 | dopd9999@naver.com      | 02-441-0291   | 16442 | 부산 해운대구 센텀 7로 12                                                           | 607동 806호      |    3 | P     |
|    3 | amy      | 박인숙   |   33 | 01045789692 | kurtjeong@naver.com     | 070-8778-9200 | 09810 | 경기 성남시 분당구 야탑로 205번길 8                                                 | 8동 17호         |    4 | B     |
|    4 | ann      | 박장규   |   40 | 01038442122 | hyoun74@naver.com       | 031-908-7202  | 05324 | 서울 서초구 바우뫼로 27길 2                                                         | 203동 611호      |    2 | A     |
|    5 | boss     | 박재용   |   44 | 01069423772 | leavesone@nate.com      | 02-2038-5905  | 05325 | 서울 종로구 대학로 57 홍익대학교 대학로캠퍼스 교육동 3층, 12층                      | 12F 1204호       |    2 | A     |
|    6 | billy    | 박재형   |   22 | 01053524251 | wwww1993@naver.com      | 02-2269-4996  | 05326 | 서울 영등포구 경인로 841                                                            | 803호            |    2 | A     |
|    7 | bess     | 박정선   |   26 | 01031374949 | lisa_redsun@naver.com   | 02-2038-5905  | 05327 | 서울 광진구 자양로 76                                                               | 16-22            |    1 | A     |
|    8 | chelsea  | 박정수   |   51 | 01031111004 | k9000sy@naver.com       | 02-6925-3880  | 05328 | 서울 광진구 강변역로 2 (구의동, 우체국시설관리단)                                   | 38-1             |    1 | A     |
|    9 | syma     | 박정식   |   26 | 01067884211 | neoj76@naver.com        | 02-595-9166   | 05241 | 서울 종로구 종로1길 42, 603호(수송동, 이마빌딩)                                     | 9-1              |    1 | A     |
|   10 | fella    | 박정한   |   39 | 01012345678 | dawoniron@hanmail.net   | 031-759-2763  | 05330 | 서울 중구 정동길 43                                                                 | 하남빌딩 4F      |    1 | A     |
|   11 | hera     | 박종섭   |   36 | 01022345679 | gangnam2020@naver.com   | 02-438-5166   | 05331 | 서울 동작구 신대방1가길77                                                           | 53-1             |    1 | A     |
|   12 | hugh     | 박주배   |   34 | 01012345680 | s-k-w123@hanmail.com    | 02-449-9991   | 05332 | 서울 강남구 테헤란로 305 (역삼동), 한국기술센터 18층                                | 1809호           |    1 | A     |
|   13 | edgar    | 박찬일   |   28 | 01042345681 | cois3001@naver.com      | 02-6954-2665  | 05054 | 서울 영등포구 영중로83(영등포동 7가)                                                | 11-2             |    3 | A     |
|   14 | mavels   | 박찬정   |   30 | 01012345682 | cjt831@hanmail.net      | 02-2008-1202  | 04332 | 서울 동작구 보라매로 5길 35, 401(신대방동)                                          | 4F               |    4 | A     |
|   15 | hope     | 박창일   |   40 | 01052345683 | kyoung-dong@hanmail.net | 062-514-9652  | 04881 | 서울 서초구 강남대로27, 601호                                                       | 22-6             |    3 | A     |
|   16 | lsable   | 박춘식   |   42 | 01012345684 | menu008@hanmail.net     | 070-7794-9400 | 05336 | 강원 정선군 사북읍 하이원길 265                                                     | 38-7             |    3 | H     |
|   17 | lucka    | 박형진   |   36 | 01022345685 | gaon@gaon.pe.kr         | 055-289-8000  | 05337 | 경기 김포시 고촌읍 아라육로 270번길 74                                              | 61-2 3층         |    1 | B     |
|   18 | lsis     | 방문석   |   38 | 01072345686 | 9666308@hanmail.net     | 02-557-0481   | 05338 | 경기 유성구 대덕대로 1227                                                           | 23-1 20F         |    1 | B     |
|   19 | lottie   | 방병기   |   38 | 01012345687 | zoro0309@naver.com      | 02-433-7184   | 05339 | 경북 김천시 혁신2로 40(율곡동790)                                                   | 91-2             |    2 | M     |
|   20 | hymphrey | 방영주   |   46 | 01092345688 | energy8272@naver.com    | 070-7794-9440 | 19698 | 경기 용인시 기흥구 석성로 521번길 169(청덕동)                                       | 11동 308호       |    1 | B     |
|   21 | mond     | 배상철   |   41 | 01042345689 | gato4996@daum.net       | 02-511-1727   | 06811 | 경기 고양시 일산동구 정발산로 24 웨스턴타워 4동 8층, 9층                            | 9층 32호         |    2 | B     |
|   22 | dixie    | 배종우   |   52 | 01052345690 | garamstr2@gmail.com     | 070-4172-7775 | 05342 | 충북 아름서길 21                                                                    | 2-2              |    1 | G     |
|   23 | deva     | 백구현   |   63 | 01015345691 | cois3001@naver.com      | 032-545-3104  | 01036 | 강원 강릉시 죽헌길 7                                                                | 25-1 205동 401호 |    1 | H     |
|   24 | goofy    | 백승완   |   45 | 01013345692 | gayadns@hanmail.net     | 031-388-0828  | 01024 | 강원 춘천시 백령로 156                                                              | 5-2 6F           |    1 | H     |
|   25 | laura    | 백운이   |   63 | 01023456778 | nami@nandesign.kr       | 070-4910-8706 | 05345 | 강원 원주시 혁신로 60                                                               | 23-1 27F         |    1 | H     |
|   26 | gili     | 백인호   |   61 | 01015553909 | shs2053@naver.com       | 02-547-5477   | 04032 | 서울 중구 남대문로 109(국제빌딩)                                                    | 11-6 3F 311호    |    2 | A     |
|   27 | leena    | 백재승   |   42 | 01045121147 | bokur@nate.com          | 02-834-2010   | 26224 | 부산 해운대구 센텀서로 39 영상산업센터 1,2층                                        | 6동 201호        |    1 | P     |
|   28 | justuin  | 백희영   |   56 | 01036322346 | nanamcom@naver.com      | 02-420-3850   | 36412 | 서울 중구 동덕로130                                                                 | 5-5 1F           |    2 | A     |
|   29 | jason    | 서경석   |   49 | 01010383237 | kodong9370@naver.com    | 042-826-1947  | 09091 | 서울 중구 달구벌대로 2175                                                           | 23동 17호        |    4 | A     |
|   30 | kate     | 서유헌   |   38 | 01057129098 | green97210@hanmail.net  | 031-511-9935  | 04321 | 전북 진주시 강남로 79                                                               | 206동 307호      |    1 | K     |
|   31 | emma     | 서정기   |   46 | 01023038704 | boomia12@nizspace.com   | 042-6288-8301 | 05332 | 세종 시청대로 370 세종국책연구단지 연구지원동(A) 4, 8~9층                           | 8층 201호        |    3 | D     |
|   32 | ellen    | 서정선   |   53 | 01028849702 | krgasi@nate.com         | 031-948-5435  | 36412 | 제주 서귀포시 서호중앙로 63                                                         | 22               |    3 | Q     |
|   33 | darby    | 서진석   |   38 | 01081425242 | goldens_no1@naver.com   | 062-514-9652  | 05334 | 세종 시청대로 370 세종국책연구단지 과학ㆍ인프라동(B동) 5,6,7층, 연구지원동(A동) 3층 | 7층 705호        |    2 | D     |
|   34 | julia    | 서창옥   |   46 | 01091426704 | nurian22@daum.net       | 070-8819-5647 | 03034 | 울산 북구 첨단과기로 123 (오룡동)                                                   | 61-2             |    2 | Q     |
|   35 | dasiy    | 선경     |   32 | 01097985569 | jb@kyungsu.co.kr        | 031-907-7677  | 05355 | 경북 김천시 혁신6로 17(율곡동, 교통안전공단)                                        | 5F 504호         |    2 | M     |
|   36 | kavin    | 선우일남 |   42 | 01004020505 | sarang9671@nate.com     | 070-4694-6688 | 05339 | 세종 시청대로 370 세종국책연구단지 연구지원동(A동) 5~7층(우30147)                   | 7층 704호        |    1 | D     |
|   37 | kuper    | 성명훈   |   31 | 01036993883 | kdf119@naver.com        | 02-3298-6790  | 02031 | 서울 서초구 남부순환로 2557(서초동1365-23번지)                                      | 33-2             |    1 | A     |
|   38 | jettysi  | 성상철   |   39 | 01025233148 | care0105@naver.com      | 062-351-1507  | 07081 | 강원 원주시 혁신로 22(반곡동)                                                       | 64-1             |    1 | H     |
+------+----------+----------+------+-------------+-------------------------+---------------+-------+-------------------------------------------------------------------------------------+------------------+------+-------+
38 rows in set (0.000 sec)

MariaDB [shop]> cls
    ->
    ->
    -> select * from shop_member;;
ERROR 1064 (42000): You have an error in your SQL syntax; check the manual that corresponds to your MariaDB server version for the right syntax to use near 'cls


select * from shop_member' at line 1
ERROR: No query specified

MariaDB [shop]> create table shop_level(
    -> slev int(2) not null,
    -> slname char(10) not null
    -> );
Query OK, 0 rows affected (0.008 sec)

MariaDB [shop]> create table area(
    -> sarea char(2) not null,
    -> sareaname char(20) not null
    -> );
Query OK, 0 rows affected (0.008 sec)

MariaDB [shop]> show tables;
+----------------+
| Tables_in_shop |
+----------------+
| area           |
| shop_level     |
| shop_member    |
| shop_member2   |
+----------------+
4 rows in set (0.000 sec)

MariaDB [shop]> select * from shop_member;
+------+----------+----------+------+-------------+-------------------------+---------------+-------+-------------------------------------------------------------------------------------+------------------+------+-------+
| sidx | sid      | sname    | sage | scel        | smail                   | stel          | spos1 | spos2                                                                               | spos3            | slev | sarea |
+------+----------+----------+------+-------------+-------------------------+---------------+-------+-------------------------------------------------------------------------------------+------------------+------+-------+
|    1 | alie     | 박용현   |   31 | 01050313314 | x1178@naver.com         | 02-2205-4801  | 05321 | 서울 중구 퇴계로 97, 고려대연각타워 601호                                           | 23-1 3F          |    1 | A     |
|    2 | amanda   | 박윤기   |   32 | 01000323139 | dopd9999@naver.com      | 02-441-0291   | 16442 | 부산 해운대구 센텀 7로 12                                                           | 607동 806호      |    3 | P     |
|    3 | amy      | 박인숙   |   33 | 01045789692 | kurtjeong@naver.com     | 070-8778-9200 | 09810 | 경기 성남시 분당구 야탑로 205번길 8                                                 | 8동 17호         |    4 | B     |
|    4 | ann      | 박장규   |   40 | 01038442122 | hyoun74@naver.com       | 031-908-7202  | 05324 | 서울 서초구 바우뫼로 27길 2                                                         | 203동 611호      |    2 | A     |
|    5 | boss     | 박재용   |   44 | 01069423772 | leavesone@nate.com      | 02-2038-5905  | 05325 | 서울 종로구 대학로 57 홍익대학교 대학로캠퍼스 교육동 3층, 12층                      | 12F 1204호       |    2 | A     |
|    6 | billy    | 박재형   |   22 | 01053524251 | wwww1993@naver.com      | 02-2269-4996  | 05326 | 서울 영등포구 경인로 841                                                            | 803호            |    2 | A     |
|    7 | bess     | 박정선   |   26 | 01031374949 | lisa_redsun@naver.com   | 02-2038-5905  | 05327 | 서울 광진구 자양로 76                                                               | 16-22            |    1 | A     |
|    8 | chelsea  | 박정수   |   51 | 01031111004 | k9000sy@naver.com       | 02-6925-3880  | 05328 | 서울 광진구 강변역로 2 (구의동, 우체국시설관리단)                                   | 38-1             |    1 | A     |
|    9 | syma     | 박정식   |   26 | 01067884211 | neoj76@naver.com        | 02-595-9166   | 05241 | 서울 종로구 종로1길 42, 603호(수송동, 이마빌딩)                                     | 9-1              |    1 | A     |
|   10 | fella    | 박정한   |   39 | 01012345678 | dawoniron@hanmail.net   | 031-759-2763  | 05330 | 서울 중구 정동길 43                                                                 | 하남빌딩 4F      |    1 | A     |
|   11 | hera     | 박종섭   |   36 | 01022345679 | gangnam2020@naver.com   | 02-438-5166   | 05331 | 서울 동작구 신대방1가길77                                                           | 53-1             |    1 | A     |
|   12 | hugh     | 박주배   |   34 | 01012345680 | s-k-w123@hanmail.com    | 02-449-9991   | 05332 | 서울 강남구 테헤란로 305 (역삼동), 한국기술센터 18층                                | 1809호           |    1 | A     |
|   13 | edgar    | 박찬일   |   28 | 01042345681 | cois3001@naver.com      | 02-6954-2665  | 05054 | 서울 영등포구 영중로83(영등포동 7가)                                                | 11-2             |    3 | A     |
|   14 | mavels   | 박찬정   |   30 | 01012345682 | cjt831@hanmail.net      | 02-2008-1202  | 04332 | 서울 동작구 보라매로 5길 35, 401(신대방동)                                          | 4F               |    4 | A     |
|   15 | hope     | 박창일   |   40 | 01052345683 | kyoung-dong@hanmail.net | 062-514-9652  | 04881 | 서울 서초구 강남대로27, 601호                                                       | 22-6             |    3 | A     |
|   16 | lsable   | 박춘식   |   42 | 01012345684 | menu008@hanmail.net     | 070-7794-9400 | 05336 | 강원 정선군 사북읍 하이원길 265                                                     | 38-7             |    3 | H     |
|   17 | lucka    | 박형진   |   36 | 01022345685 | gaon@gaon.pe.kr         | 055-289-8000  | 05337 | 경기 김포시 고촌읍 아라육로 270번길 74                                              | 61-2 3층         |    1 | B     |
|   18 | lsis     | 방문석   |   38 | 01072345686 | 9666308@hanmail.net     | 02-557-0481   | 05338 | 경기 유성구 대덕대로 1227                                                           | 23-1 20F         |    1 | B     |
|   19 | lottie   | 방병기   |   38 | 01012345687 | zoro0309@naver.com      | 02-433-7184   | 05339 | 경북 김천시 혁신2로 40(율곡동790)                                                   | 91-2             |    2 | M     |
|   20 | hymphrey | 방영주   |   46 | 01092345688 | energy8272@naver.com    | 070-7794-9440 | 19698 | 경기 용인시 기흥구 석성로 521번길 169(청덕동)                                       | 11동 308호       |    1 | B     |
|   21 | mond     | 배상철   |   41 | 01042345689 | gato4996@daum.net       | 02-511-1727   | 06811 | 경기 고양시 일산동구 정발산로 24 웨스턴타워 4동 8층, 9층                            | 9층 32호         |    2 | B     |
|   22 | dixie    | 배종우   |   52 | 01052345690 | garamstr2@gmail.com     | 070-4172-7775 | 05342 | 충북 아름서길 21                                                                    | 2-2              |    1 | G     |
|   23 | deva     | 백구현   |   63 | 01015345691 | cois3001@naver.com      | 032-545-3104  | 01036 | 강원 강릉시 죽헌길 7                                                                | 25-1 205동 401호 |    1 | H     |
|   24 | goofy    | 백승완   |   45 | 01013345692 | gayadns@hanmail.net     | 031-388-0828  | 01024 | 강원 춘천시 백령로 156                                                              | 5-2 6F           |    1 | H     |
|   25 | laura    | 백운이   |   63 | 01023456778 | nami@nandesign.kr       | 070-4910-8706 | 05345 | 강원 원주시 혁신로 60                                                               | 23-1 27F         |    1 | H     |
|   26 | gili     | 백인호   |   61 | 01015553909 | shs2053@naver.com       | 02-547-5477   | 04032 | 서울 중구 남대문로 109(국제빌딩)                                                    | 11-6 3F 311호    |    2 | A     |
|   27 | leena    | 백재승   |   42 | 01045121147 | bokur@nate.com          | 02-834-2010   | 26224 | 부산 해운대구 센텀서로 39 영상산업센터 1,2층                                        | 6동 201호        |    1 | P     |
|   28 | justuin  | 백희영   |   56 | 01036322346 | nanamcom@naver.com      | 02-420-3850   | 36412 | 서울 중구 동덕로130                                                                 | 5-5 1F           |    2 | A     |
|   29 | jason    | 서경석   |   49 | 01010383237 | kodong9370@naver.com    | 042-826-1947  | 09091 | 서울 중구 달구벌대로 2175                                                           | 23동 17호        |    4 | A     |
|   30 | kate     | 서유헌   |   38 | 01057129098 | green97210@hanmail.net  | 031-511-9935  | 04321 | 전북 진주시 강남로 79                                                               | 206동 307호      |    1 | K     |
|   31 | emma     | 서정기   |   46 | 01023038704 | boomia12@nizspace.com   | 042-6288-8301 | 05332 | 세종 시청대로 370 세종국책연구단지 연구지원동(A) 4, 8~9층                           | 8층 201호        |    3 | D     |
|   32 | ellen    | 서정선   |   53 | 01028849702 | krgasi@nate.com         | 031-948-5435  | 36412 | 제주 서귀포시 서호중앙로 63                                                         | 22               |    3 | Q     |
|   33 | darby    | 서진석   |   38 | 01081425242 | goldens_no1@naver.com   | 062-514-9652  | 05334 | 세종 시청대로 370 세종국책연구단지 과학ㆍ인프라동(B동) 5,6,7층, 연구지원동(A동) 3층 | 7층 705호        |    2 | D     |
|   34 | julia    | 서창옥   |   46 | 01091426704 | nurian22@daum.net       | 070-8819-5647 | 03034 | 울산 북구 첨단과기로 123 (오룡동)                                                   | 61-2             |    2 | Q     |
|   35 | dasiy    | 선경     |   32 | 01097985569 | jb@kyungsu.co.kr        | 031-907-7677  | 05355 | 경북 김천시 혁신6로 17(율곡동, 교통안전공단)                                        | 5F 504호         |    2 | M     |
|   36 | kavin    | 선우일남 |   42 | 01004020505 | sarang9671@nate.com     | 070-4694-6688 | 05339 | 세종 시청대로 370 세종국책연구단지 연구지원동(A동) 5~7층(우30147)                   | 7층 704호        |    1 | D     |
|   37 | kuper    | 성명훈   |   31 | 01036993883 | kdf119@naver.com        | 02-3298-6790  | 02031 | 서울 서초구 남부순환로 2557(서초동1365-23번지)                                      | 33-2             |    1 | A     |
|   38 | jettysi  | 성상철   |   39 | 01025233148 | care0105@naver.com      | 062-351-1507  | 07081 | 강원 원주시 혁신로 22(반곡동)                                                       | 64-1             |    1 | H     |
+------+----------+----------+------+-------------+-------------------------+---------------+-------+-------------------------------------------------------------------------------------+------------------+------+-------+
38 rows in set (0.000 sec)

MariaDB [shop]> insert into area values('A','서울');
Query OK, 1 row affected (0.001 sec)

MariaDB [shop]> insert into area values('B','경기');
Query OK, 1 row affected (0.001 sec)

MariaDB [shop]> insert into area values('C','인천');
Query OK, 1 row affected (0.002 sec)

MariaDB [shop]> insert into area values('D','세종');
Query OK, 1 row affected (0.001 sec)

MariaDB [shop]> insert into area values('E','대전');
Query OK, 1 row affected (0.001 sec)

MariaDB [shop]> insert into area values('F','충남');
Query OK, 1 row affected (0.001 sec)

MariaDB [shop]> insert into area values('G','충북');
Query OK, 1 row affected (0.001 sec)

MariaDB [shop]> insert into area values('H','강원');
Query OK, 1 row affected (0.001 sec)

MariaDB [shop]> insert into area values('I','전남');
Query OK, 1 row affected (0.001 sec)

MariaDB [shop]> insert into area values('J','광주');
Query OK, 1 row affected (0.001 sec)

MariaDB [shop]> insert into area values('K','전북');
Query OK, 1 row affected (0.001 sec)

MariaDB [shop]> insert into area values('L','경북');
Query OK, 1 row affected (0.001 sec)

MariaDB [shop]> insert into area values('M','대구');
Query OK, 1 row affected (0.001 sec)

MariaDB [shop]> insert into area values('N','경남');
Query OK, 1 row affected (0.001 sec)

MariaDB [shop]> insert into area values('O','울산');
Query OK, 1 row affected (0.001 sec)

MariaDB [shop]> insert into area values('P','부산');
Query OK, 1 row affected (0.001 sec)

MariaDB [shop]> insert into area values('Q','제주');
Query OK, 1 row affected (0.002 sec)

MariaDB [shop]>
MariaDB [shop]> insert into shop_level('1','일반회원');
ERROR 1064 (42000): You have an error in your SQL syntax; check the manual that corresponds to your MariaDB server version for the right syntax to use near ''1','일반회원')' at line 1
MariaDB [shop]> insert into shop_level('2','실버회원');
ERROR 1064 (42000): You have an error in your SQL syntax; check the manual that corresponds to your MariaDB server version for the right syntax to use near ''2','실버회원')' at line 1
MariaDB [shop]> insert into shop_level('3','골드회원');
ERROR 1064 (42000): You have an error in your SQL syntax; check the manual that corresponds to your MariaDB server version for the right syntax to use near ''3','골드회원')' at line 1
MariaDB [shop]> insert into shop_level('4','VIP회원');
ERROR 1064 (42000): You have an error in your SQL syntax; check the manual that corresponds to your MariaDB server version for the right syntax to use near ''4','VIP회원')' at line 1
MariaDB [shop]> insert into shop_level values('1','일반회원');
Query OK, 1 row affected (0.003 sec)

MariaDB [shop]> insert into shop_level values('2','실버회원');
Query OK, 1 row affected (0.001 sec)

MariaDB [shop]> insert into shop_level values('3','골드회원');
Query OK, 1 row affected (0.003 sec)

MariaDB [shop]> insert into shop_level values('4','VIP회원');
Query OK, 1 row affected (0.002 sec)

MariaDB [shop]> select *from shop_level;
+------+----------+
| slev | slname   |
+------+----------+
|    1 | 일반회원 |
|    2 | 실버회원 |
|    3 | 골드회원 |
|    4 | VIP회원  |
+------+----------+
4 rows in set (0.000 sec)

MariaDB [shop]> select * from shop_member;
+------+----------+----------+------+-------------+-------------------------+---------------+-------+-------------------------------------------------------------------------------------+------------------+------+-------+
| sidx | sid      | sname    | sage | scel        | smail                   | stel          | spos1 | spos2                                                                               | spos3            | slev | sarea |
+------+----------+----------+------+-------------+-------------------------+---------------+-------+-------------------------------------------------------------------------------------+------------------+------+-------+
|    1 | alie     | 박용현   |   31 | 01050313314 | x1178@naver.com         | 02-2205-4801  | 05321 | 서울 중구 퇴계로 97, 고려대연각타워 601호                                           | 23-1 3F          |    1 | A     |
|    2 | amanda   | 박윤기   |   32 | 01000323139 | dopd9999@naver.com      | 02-441-0291   | 16442 | 부산 해운대구 센텀 7로 12                                                           | 607동 806호      |    3 | P     |
|    3 | amy      | 박인숙   |   33 | 01045789692 | kurtjeong@naver.com     | 070-8778-9200 | 09810 | 경기 성남시 분당구 야탑로 205번길 8                                                 | 8동 17호         |    4 | B     |
|    4 | ann      | 박장규   |   40 | 01038442122 | hyoun74@naver.com       | 031-908-7202  | 05324 | 서울 서초구 바우뫼로 27길 2                                                         | 203동 611호      |    2 | A     |
|    5 | boss     | 박재용   |   44 | 01069423772 | leavesone@nate.com      | 02-2038-5905  | 05325 | 서울 종로구 대학로 57 홍익대학교 대학로캠퍼스 교육동 3층, 12층                      | 12F 1204호       |    2 | A     |
|    6 | billy    | 박재형   |   22 | 01053524251 | wwww1993@naver.com      | 02-2269-4996  | 05326 | 서울 영등포구 경인로 841                                                            | 803호            |    2 | A     |
|    7 | bess     | 박정선   |   26 | 01031374949 | lisa_redsun@naver.com   | 02-2038-5905  | 05327 | 서울 광진구 자양로 76                                                               | 16-22            |    1 | A     |
|    8 | chelsea  | 박정수   |   51 | 01031111004 | k9000sy@naver.com       | 02-6925-3880  | 05328 | 서울 광진구 강변역로 2 (구의동, 우체국시설관리단)                                   | 38-1             |    1 | A     |
|    9 | syma     | 박정식   |   26 | 01067884211 | neoj76@naver.com        | 02-595-9166   | 05241 | 서울 종로구 종로1길 42, 603호(수송동, 이마빌딩)                                     | 9-1              |    1 | A     |
|   10 | fella    | 박정한   |   39 | 01012345678 | dawoniron@hanmail.net   | 031-759-2763  | 05330 | 서울 중구 정동길 43                                                                 | 하남빌딩 4F      |    1 | A     |
|   11 | hera     | 박종섭   |   36 | 01022345679 | gangnam2020@naver.com   | 02-438-5166   | 05331 | 서울 동작구 신대방1가길77                                                           | 53-1             |    1 | A     |
|   12 | hugh     | 박주배   |   34 | 01012345680 | s-k-w123@hanmail.com    | 02-449-9991   | 05332 | 서울 강남구 테헤란로 305 (역삼동), 한국기술센터 18층                                | 1809호           |    1 | A     |
|   13 | edgar    | 박찬일   |   28 | 01042345681 | cois3001@naver.com      | 02-6954-2665  | 05054 | 서울 영등포구 영중로83(영등포동 7가)                                                | 11-2             |    3 | A     |
|   14 | mavels   | 박찬정   |   30 | 01012345682 | cjt831@hanmail.net      | 02-2008-1202  | 04332 | 서울 동작구 보라매로 5길 35, 401(신대방동)                                          | 4F               |    4 | A     |
|   15 | hope     | 박창일   |   40 | 01052345683 | kyoung-dong@hanmail.net | 062-514-9652  | 04881 | 서울 서초구 강남대로27, 601호                                                       | 22-6             |    3 | A     |
|   16 | lsable   | 박춘식   |   42 | 01012345684 | menu008@hanmail.net     | 070-7794-9400 | 05336 | 강원 정선군 사북읍 하이원길 265                                                     | 38-7             |    3 | H     |
|   17 | lucka    | 박형진   |   36 | 01022345685 | gaon@gaon.pe.kr         | 055-289-8000  | 05337 | 경기 김포시 고촌읍 아라육로 270번길 74                                              | 61-2 3층         |    1 | B     |
|   18 | lsis     | 방문석   |   38 | 01072345686 | 9666308@hanmail.net     | 02-557-0481   | 05338 | 경기 유성구 대덕대로 1227                                                           | 23-1 20F         |    1 | B     |
|   19 | lottie   | 방병기   |   38 | 01012345687 | zoro0309@naver.com      | 02-433-7184   | 05339 | 경북 김천시 혁신2로 40(율곡동790)                                                   | 91-2             |    2 | M     |
|   20 | hymphrey | 방영주   |   46 | 01092345688 | energy8272@naver.com    | 070-7794-9440 | 19698 | 경기 용인시 기흥구 석성로 521번길 169(청덕동)                                       | 11동 308호       |    1 | B     |
|   21 | mond     | 배상철   |   41 | 01042345689 | gato4996@daum.net       | 02-511-1727   | 06811 | 경기 고양시 일산동구 정발산로 24 웨스턴타워 4동 8층, 9층                            | 9층 32호         |    2 | B     |
|   22 | dixie    | 배종우   |   52 | 01052345690 | garamstr2@gmail.com     | 070-4172-7775 | 05342 | 충북 아름서길 21                                                                    | 2-2              |    1 | G     |
|   23 | deva     | 백구현   |   63 | 01015345691 | cois3001@naver.com      | 032-545-3104  | 01036 | 강원 강릉시 죽헌길 7                                                                | 25-1 205동 401호 |    1 | H     |
|   24 | goofy    | 백승완   |   45 | 01013345692 | gayadns@hanmail.net     | 031-388-0828  | 01024 | 강원 춘천시 백령로 156                                                              | 5-2 6F           |    1 | H     |
|   25 | laura    | 백운이   |   63 | 01023456778 | nami@nandesign.kr       | 070-4910-8706 | 05345 | 강원 원주시 혁신로 60                                                               | 23-1 27F         |    1 | H     |
|   26 | gili     | 백인호   |   61 | 01015553909 | shs2053@naver.com       | 02-547-5477   | 04032 | 서울 중구 남대문로 109(국제빌딩)                                                    | 11-6 3F 311호    |    2 | A     |
|   27 | leena    | 백재승   |   42 | 01045121147 | bokur@nate.com          | 02-834-2010   | 26224 | 부산 해운대구 센텀서로 39 영상산업센터 1,2층                                        | 6동 201호        |    1 | P     |
|   28 | justuin  | 백희영   |   56 | 01036322346 | nanamcom@naver.com      | 02-420-3850   | 36412 | 서울 중구 동덕로130                                                                 | 5-5 1F           |    2 | A     |
|   29 | jason    | 서경석   |   49 | 01010383237 | kodong9370@naver.com    | 042-826-1947  | 09091 | 서울 중구 달구벌대로 2175                                                           | 23동 17호        |    4 | A     |
|   30 | kate     | 서유헌   |   38 | 01057129098 | green97210@hanmail.net  | 031-511-9935  | 04321 | 전북 진주시 강남로 79                                                               | 206동 307호      |    1 | K     |
|   31 | emma     | 서정기   |   46 | 01023038704 | boomia12@nizspace.com   | 042-6288-8301 | 05332 | 세종 시청대로 370 세종국책연구단지 연구지원동(A) 4, 8~9층                           | 8층 201호        |    3 | D     |
|   32 | ellen    | 서정선   |   53 | 01028849702 | krgasi@nate.com         | 031-948-5435  | 36412 | 제주 서귀포시 서호중앙로 63                                                         | 22               |    3 | Q     |
|   33 | darby    | 서진석   |   38 | 01081425242 | goldens_no1@naver.com   | 062-514-9652  | 05334 | 세종 시청대로 370 세종국책연구단지 과학ㆍ인프라동(B동) 5,6,7층, 연구지원동(A동) 3층 | 7층 705호        |    2 | D     |
|   34 | julia    | 서창옥   |   46 | 01091426704 | nurian22@daum.net       | 070-8819-5647 | 03034 | 울산 북구 첨단과기로 123 (오룡동)                                                   | 61-2             |    2 | Q     |
|   35 | dasiy    | 선경     |   32 | 01097985569 | jb@kyungsu.co.kr        | 031-907-7677  | 05355 | 경북 김천시 혁신6로 17(율곡동, 교통안전공단)                                        | 5F 504호         |    2 | M     |
|   36 | kavin    | 선우일남 |   42 | 01004020505 | sarang9671@nate.com     | 070-4694-6688 | 05339 | 세종 시청대로 370 세종국책연구단지 연구지원동(A동) 5~7층(우30147)                   | 7층 704호        |    1 | D     |
|   37 | kuper    | 성명훈   |   31 | 01036993883 | kdf119@naver.com        | 02-3298-6790  | 02031 | 서울 서초구 남부순환로 2557(서초동1365-23번지)                                      | 33-2             |    1 | A     |
|   38 | jettysi  | 성상철   |   39 | 01025233148 | care0105@naver.com      | 062-351-1507  | 07081 | 강원 원주시 혁신로 22(반곡동)                                                       | 64-1             |    1 | H     |
+------+----------+----------+------+-------------+-------------------------+---------------+-------+-------------------------------------------------------------------------------------+------------------+------+-------+
38 rows in set (0.000 sec)

MariaDB [shop]> select * from shop_member2;
+------+----------+----------+------+-------------+-------------------------+---------------+-------+-------------------------------------------------------------------------------------+------------------+------+-------+
| sidx | sid      | sname    | sage | scel        | smail                   | stel          | spos1 | spos2                                                                               | spos3            | slev | sarea |
+------+----------+----------+------+-------------+-------------------------+---------------+-------+-------------------------------------------------------------------------------------+------------------+------+-------+
|    1 | alie     | 박용현   |   31 | 01050313314 | x1178@naver.com         | 02-2205-4801  | 05321 | 서울 중구 퇴계로 97, 고려대연각타워 601호                                           | 23-1 3F          |    1 | A     |
|    2 | amanda   | 박윤기   |   32 | 01000323139 | dopd9999@naver.com      | 02-441-0291   | 16442 | 부산 해운대구 센텀 7로 12                                                           | 607동 806호      |    3 | P     |
|    3 | amy      | 박인숙   |   33 | 01045789692 | kurtjeong@naver.com     | 070-8778-9200 | 09810 | 경기 성남시 분당구 야탑로 205번길 8                                                 | 8동 17호         |    4 | B     |
|    4 | ann      | 박장규   |   40 | 01038442122 | hyoun74@naver.com       | 031-908-7202  | 05324 | 서울 서초구 바우뫼로 27길 2                                                         | 203동 611호      |    2 | A     |
|    5 | boss     | 박재용   |   44 | 01069423772 | leavesone@nate.com      | 02-2038-5905  | 05325 | 서울 종로구 대학로 57 홍익대학교 대학로캠퍼스 교육동 3층, 12층                      | 12F 1204호       |    2 | A     |
|    6 | billy    | 박재형   |   22 | 01053524251 | wwww1993@naver.com      | 02-2269-4996  | 05326 | 서울 영등포구 경인로 841                                                            | 803호            |    2 | A     |
|    7 | bess     | 박정선   |   26 | 01031374949 | lisa_redsun@naver.com   | 02-2038-5905  | 05327 | 서울 광진구 자양로 76                                                               | 16-22            |    1 | A     |
|    8 | chelsea  | 박정수   |   51 | 01031111004 | k9000sy@naver.com       | 02-6925-3880  | 05328 | 서울 광진구 강변역로 2 (구의동, 우체국시설관리단)                                   | 38-1             |    1 | A     |
|    9 | syma     | 박정식   |   26 | 01067884211 | neoj76@naver.com        | 02-595-9166   | 05241 | 서울 종로구 종로1길 42, 603호(수송동, 이마빌딩)                                     | 9-1              |    1 | A     |
|   10 | fella    | 박정한   |   39 | 01012345678 | dawoniron@hanmail.net   | 031-759-2763  | 05330 | 서울 중구 정동길 43                                                                 | 하남빌딩 4F      |    1 | A     |
|   11 | hera     | 박종섭   |   36 | 01022345679 | gangnam2020@naver.com   | 02-438-5166   | 05331 | 서울 동작구 신대방1가길77                                                           | 53-1             |    1 | A     |
|   12 | hugh     | 박주배   |   34 | 01012345680 | s-k-w123@hanmail.com    | 02-449-9991   | 05332 | 서울 강남구 테헤란로 305 (역삼동), 한국기술센터 18층                                | 1809호           |    1 | A     |
|   13 | edgar    | 박찬일   |   28 | 01042345681 | cois3001@naver.com      | 02-6954-2665  | 05054 | 서울 영등포구 영중로83(영등포동 7가)                                                | 11-2             |    3 | A     |
|   14 | mavels   | 박찬정   |   30 | 01012345682 | cjt831@hanmail.net      | 02-2008-1202  | 04332 | 서울 동작구 보라매로 5길 35, 401(신대방동)                                          | 4F               |    4 | A     |
|   15 | hope     | 박창일   |   40 | 01052345683 | kyoung-dong@hanmail.net | 062-514-9652  | 04881 | 서울 서초구 강남대로27, 601호                                                       | 22-6             |    3 | A     |
|   16 | lsable   | 박춘식   |   42 | 01012345684 | menu008@hanmail.net     | 070-7794-9400 | 05336 | 강원 정선군 사북읍 하이원길 265                                                     | 38-7             |    3 | H     |
|   17 | lucka    | 박형진   |   36 | 01022345685 | gaon@gaon.pe.kr         | 055-289-8000  | 05337 | 경기 김포시 고촌읍 아라육로 270번길 74                                              | 61-2 3층         |    1 | B     |
|   18 | lsis     | 방문석   |   38 | 01072345686 | 9666308@hanmail.net     | 02-557-0481   | 05338 | 경기 유성구 대덕대로 1227                                                           | 23-1 20F         |    1 | B     |
|   19 | lottie   | 방병기   |   38 | 01012345687 | zoro0309@naver.com      | 02-433-7184   | 05339 | 경북 김천시 혁신2로 40(율곡동790)                                                   | 91-2             |    2 | M     |
|   20 | hymphrey | 방영주   |   46 | 01092345688 | energy8272@naver.com    | 070-7794-9440 | 19698 | 경기 용인시 기흥구 석성로 521번길 169(청덕동)                                       | 11동 308호       |    1 | B     |
|   21 | mond     | 배상철   |   41 | 01042345689 | gato4996@daum.net       | 02-511-1727   | 06811 | 경기 고양시 일산동구 정발산로 24 웨스턴타워 4동 8층, 9층                            | 9층 32호         |    2 | B     |
|   22 | dixie    | 배종우   |   52 | 01052345690 | garamstr2@gmail.com     | 070-4172-7775 | 05342 | 충북 아름서길 21                                                                    | 2-2              |    1 | G     |
|   23 | deva     | 백구현   |   63 | 01015345691 | cois3001@naver.com      | 032-545-3104  | 01036 | 강원 강릉시 죽헌길 7                                                                | 25-1 205동 401호 |    1 | H     |
|   24 | goofy    | 백승완   |   45 | 01013345692 | gayadns@hanmail.net     | 031-388-0828  | 01024 | 강원 춘천시 백령로 156                                                              | 5-2 6F           |    1 | H     |
|   25 | laura    | 백운이   |   63 | 01023456778 | nami@nandesign.kr       | 070-4910-8706 | 05345 | 강원 원주시 혁신로 60                                                               | 23-1 27F         |    1 | H     |
|   26 | gili     | 백인호   |   61 | 01015553909 | shs2053@naver.com       | 02-547-5477   | 04032 | 서울 중구 남대문로 109(국제빌딩)                                                    | 11-6 3F 311호    |    2 | A     |
|   27 | leena    | 백재승   |   42 | 01045121147 | bokur@nate.com          | 02-834-2010   | 26224 | 부산 해운대구 센텀서로 39 영상산업센터 1,2층                                        | 6동 201호        |    1 | P     |
|   28 | justuin  | 백희영   |   56 | 01036322346 | nanamcom@naver.com      | 02-420-3850   | 36412 | 서울 중구 동덕로130                                                                 | 5-5 1F           |    2 | A     |
|   29 | jason    | 서경석   |   49 | 01010383237 | kodong9370@naver.com    | 042-826-1947  | 09091 | 서울 중구 달구벌대로 2175                                                           | 23동 17호        |    4 | A     |
|   30 | kate     | 서유헌   |   38 | 01057129098 | green97210@hanmail.net  | 031-511-9935  | 04321 | 전북 진주시 강남로 79                                                               | 206동 307호      |    1 | K     |
|   31 | emma     | 서정기   |   46 | 01023038704 | boomia12@nizspace.com   | 042-6288-8301 | 05332 | 세종 시청대로 370 세종국책연구단지 연구지원동(A) 4, 8~9층                           | 8층 201호        |    3 | D     |
|   32 | ellen    | 서정선   |   53 | 01028849702 | krgasi@nate.com         | 031-948-5435  | 36412 | 제주 서귀포시 서호중앙로 63                                                         | 22               |    3 | Q     |
|   33 | darby    | 서진석   |   38 | 01081425242 | goldens_no1@naver.com   | 062-514-9652  | 05334 | 세종 시청대로 370 세종국책연구단지 과학ㆍ인프라동(B동) 5,6,7층, 연구지원동(A동) 3층 | 7층 705호        |    2 | D     |
|   34 | julia    | 서창옥   |   46 | 01091426704 | nurian22@daum.net       | 070-8819-5647 | 03034 | 울산 북구 첨단과기로 123 (오룡동)                                                   | 61-2             |    2 | Q     |
|   35 | dasiy    | 선경     |   32 | 01097985569 | jb@kyungsu.co.kr        | 031-907-7677  | 05355 | 경북 김천시 혁신6로 17(율곡동, 교통안전공단)                                        | 5F 504호         |    2 | M     |
|   36 | kavin    | 선우일남 |   42 | 01004020505 | sarang9671@nate.com     | 070-4694-6688 | 05339 | 세종 시청대로 370 세종국책연구단지 연구지원동(A동) 5~7층(우30147)                   | 7층 704호        |    1 | D     |
|   37 | kuper    | 성명훈   |   31 | 01036993883 | kdf119@naver.com        | 02-3298-6790  | 02031 | 서울 서초구 남부순환로 2557(서초동1365-23번지)                                      | 33-2             |    1 | A     |
|   38 | jettysi  | 성상철   |   39 | 01025233148 | care0105@naver.com      | 062-351-1507  | 07081 | 강원 원주시 혁신로 22(반곡동)                                                       | 64-1             |    1 | H     |
+------+----------+----------+------+-------------+-------------------------+---------------+-------+-------------------------------------------------------------------------------------+------------------+------+-------+
38 rows in set (0.000 sec)

MariaDB [shop]> delete from shop_member2;
Query OK, 38 rows affected (0.002 sec)

MariaDB [shop]> select * from shop_member2;
Empty set (0.000 sec)

MariaDB [shop]> select * from shop_member2;
Empty set (0.000 sec)

MariaDB [shop]> select * from shop_member limit 0,4;
+------+--------+--------+------+-------------+---------------------+---------------+-------+-------------------------------------------+-------------+------+-------+
| sidx | sid    | sname  | sage | scel        | smail               | stel          | spos1 | spos2                                     | spos3       | slev | sarea |
+------+--------+--------+------+-------------+---------------------+---------------+-------+-------------------------------------------+-------------+------+-------+
|    1 | alie   | 박용현 |   31 | 01050313314 | x1178@naver.com     | 02-2205-4801  | 05321 | 서울 중구 퇴계로 97, 고려대연각타워 601호 | 23-1 3F     |    1 | A     |
|    2 | amanda | 박윤기 |   32 | 01000323139 | dopd9999@naver.com  | 02-441-0291   | 16442 | 부산 해운대구 센텀 7로 12                 | 607동 806호 |    3 | P     |
|    3 | amy    | 박인숙 |   33 | 01045789692 | kurtjeong@naver.com | 070-8778-9200 | 09810 | 경기 성남시 분당구 야탑로 205번길 8       | 8동 17호    |    4 | B     |
|    4 | ann    | 박장규 |   40 | 01038442122 | hyoun74@naver.com   | 031-908-7202  | 05324 | 서울 서초구 바우뫼로 27길 2               | 203동 611호 |    2 | A     |
+------+--------+--------+------+-------------+---------------------+---------------+-------+-------------------------------------------+-------------+------+-------+
4 rows in set (0.000 sec)

MariaDB [shop]> select * from shop_member limit 0,5;
+------+--------+--------+------+-------------+---------------------+---------------+-------+----------------------------------------------------------------+-------------+------+-------+
| sidx | sid    | sname  | sage | scel        | smail               | stel          | spos1 | spos2                                                          | spos3       | slev | sarea |
+------+--------+--------+------+-------------+---------------------+---------------+-------+----------------------------------------------------------------+-------------+------+-------+
|    1 | alie   | 박용현 |   31 | 01050313314 | x1178@naver.com     | 02-2205-4801  | 05321 | 서울 중구 퇴계로 97, 고려대연각타워 601호                      | 23-1 3F     |    1 | A     |
|    2 | amanda | 박윤기 |   32 | 01000323139 | dopd9999@naver.com  | 02-441-0291   | 16442 | 부산 해운대구 센텀 7로 12                                      | 607동 806호 |    3 | P     |
|    3 | amy    | 박인숙 |   33 | 01045789692 | kurtjeong@naver.com | 070-8778-9200 | 09810 | 경기 성남시 분당구 야탑로 205번길 8                            | 8동 17호    |    4 | B     |
|    4 | ann    | 박장규 |   40 | 01038442122 | hyoun74@naver.com   | 031-908-7202  | 05324 | 서울 서초구 바우뫼로 27길 2                                    | 203동 611호 |    2 | A     |
|    5 | boss   | 박재용 |   44 | 01069423772 | leavesone@nate.com  | 02-2038-5905  | 05325 | 서울 종로구 대학로 57 홍익대학교 대학로캠퍼스 교육동 3층, 12층 | 12F 1204호  |    2 | A     |
+------+--------+--------+------+-------------+---------------------+---------------+-------+----------------------------------------------------------------+-------------+------+-------+
5 rows in set (0.000 sec)

MariaDB [shop]> select * from shop_member limit 7,10;
+------+---------+--------+------+-------------+-------------------------+---------------+-------+------------------------------------------------------+-------------+------+-------+
| sidx | sid     | sname  | sage | scel        | smail                   | stel          | spos1 | spos2                                                | spos3       | slev | sarea |
+------+---------+--------+------+-------------+-------------------------+---------------+-------+------------------------------------------------------+-------------+------+-------+
|    8 | chelsea | 박정수 |   51 | 01031111004 | k9000sy@naver.com       | 02-6925-3880  | 05328 | 서울 광진구 강변역로 2 (구의동, 우체국시설관리단)    | 38-1        |    1 | A     |
|    9 | syma    | 박정식 |   26 | 01067884211 | neoj76@naver.com        | 02-595-9166   | 05241 | 서울 종로구 종로1길 42, 603호(수송동, 이마빌딩)      | 9-1         |    1 | A     |
|   10 | fella   | 박정한 |   39 | 01012345678 | dawoniron@hanmail.net   | 031-759-2763  | 05330 | 서울 중구 정동길 43                                  | 하남빌딩 4F |    1 | A     |
|   11 | hera    | 박종섭 |   36 | 01022345679 | gangnam2020@naver.com   | 02-438-5166   | 05331 | 서울 동작구 신대방1가길77                            | 53-1        |    1 | A     |
|   12 | hugh    | 박주배 |   34 | 01012345680 | s-k-w123@hanmail.com    | 02-449-9991   | 05332 | 서울 강남구 테헤란로 305 (역삼동), 한국기술센터 18층 | 1809호      |    1 | A     |
|   13 | edgar   | 박찬일 |   28 | 01042345681 | cois3001@naver.com      | 02-6954-2665  | 05054 | 서울 영등포구 영중로83(영등포동 7가)                 | 11-2        |    3 | A     |
|   14 | mavels  | 박찬정 |   30 | 01012345682 | cjt831@hanmail.net      | 02-2008-1202  | 04332 | 서울 동작구 보라매로 5길 35, 401(신대방동)           | 4F          |    4 | A     |
|   15 | hope    | 박창일 |   40 | 01052345683 | kyoung-dong@hanmail.net | 062-514-9652  | 04881 | 서울 서초구 강남대로27, 601호                        | 22-6        |    3 | A     |
|   16 | lsable  | 박춘식 |   42 | 01012345684 | menu008@hanmail.net     | 070-7794-9400 | 05336 | 강원 정선군 사북읍 하이원길 265                      | 38-7        |    3 | H     |
|   17 | lucka   | 박형진 |   36 | 01022345685 | gaon@gaon.pe.kr         | 055-289-8000  | 05337 | 경기 김포시 고촌읍 아라육로 270번길 74               | 61-2 3층    |    1 | B     |
+------+---------+--------+------+-------------+-------------------------+---------------+-------+------------------------------------------------------+-------------+------+-------+
10 rows in set (0.000 sec)

MariaDB [shop]> show tables;
+----------------+
| Tables_in_shop |
+----------------+
| area           |
| shop_level     |
| shop_member    |
| shop_member2   |
+----------------+
4 rows in set (0.001 sec)

MariaDB [shop]> select * from shop_member2;
Empty set (0.000 sec)

MariaDB [shop]> desc shop_member2;
+-------+-----------+------+-----+---------+----------------+
| Field | Type      | Null | Key | Default | Extra          |
+-------+-----------+------+-----+---------+----------------+
| sidx  | int(11)   | NO   | PRI | NULL    | auto_increment |
| sid   | char(50)  | NO   | PRI | NULL    |                |
| sname | char(50)  | NO   |     | NULL    |                |
| sage  | int(2)    | NO   |     | NULL    |                |
| scel  | char(11)  | NO   |     | NULL    |                |
| smail | char(50)  | NO   |     | NULL    |                |
| stel  | char(14)  | NO   |     | NULL    |                |
| spos1 | char(10)  | NO   |     | NULL    |                |
| spos2 | char(100) | NO   |     | NULL    |                |
| spos3 | char(100) | NO   |     | NULL    |                |
| slev  | int(2)    | NO   |     | NULL    |                |
| sarea | char(2)   | NO   |     | NULL    |                |
+-------+-----------+------+-----+---------+----------------+
12 rows in set (0.010 sec)

MariaDB [shop]> select * from shop_member2;
Empty set (0.000 sec)

MariaDB [shop]> select * from shop_member;
+------+----------+----------+------+-------------+-------------------------+---------------+-------+-------------------------------------------------------------------------------------+------------------+------+-------+
| sidx | sid      | sname    | sage | scel        | smail                   | stel          | spos1 | spos2                                                                               | spos3            | slev | sarea |
+------+----------+----------+------+-------------+-------------------------+---------------+-------+-------------------------------------------------------------------------------------+------------------+------+-------+
|    1 | alie     | 박용현   |   31 | 01050313314 | x1178@naver.com         | 02-2205-4801  | 05321 | 서울 중구 퇴계로 97, 고려대연각타워 601호                                           | 23-1 3F          |    1 | A     |
|    2 | amanda   | 박윤기   |   32 | 01000323139 | dopd9999@naver.com      | 02-441-0291   | 16442 | 부산 해운대구 센텀 7로 12                                                           | 607동 806호      |    3 | P     |
|    3 | amy      | 박인숙   |   33 | 01045789692 | kurtjeong@naver.com     | 070-8778-9200 | 09810 | 경기 성남시 분당구 야탑로 205번길 8                                                 | 8동 17호         |    4 | B     |
|    4 | ann      | 박장규   |   40 | 01038442122 | hyoun74@naver.com       | 031-908-7202  | 05324 | 서울 서초구 바우뫼로 27길 2                                                         | 203동 611호      |    2 | A     |
|    5 | boss     | 박재용   |   44 | 01069423772 | leavesone@nate.com      | 02-2038-5905  | 05325 | 서울 종로구 대학로 57 홍익대학교 대학로캠퍼스 교육동 3층, 12층                      | 12F 1204호       |    2 | A     |
|    6 | billy    | 박재형   |   22 | 01053524251 | wwww1993@naver.com      | 02-2269-4996  | 05326 | 서울 영등포구 경인로 841                                                            | 803호            |    2 | A     |
|    7 | bess     | 박정선   |   26 | 01031374949 | lisa_redsun@naver.com   | 02-2038-5905  | 05327 | 서울 광진구 자양로 76                                                               | 16-22            |    1 | A     |
|    8 | chelsea  | 박정수   |   51 | 01031111004 | k9000sy@naver.com       | 02-6925-3880  | 05328 | 서울 광진구 강변역로 2 (구의동, 우체국시설관리단)                                   | 38-1             |    1 | A     |
|    9 | syma     | 박정식   |   26 | 01067884211 | neoj76@naver.com        | 02-595-9166   | 05241 | 서울 종로구 종로1길 42, 603호(수송동, 이마빌딩)                                     | 9-1              |    1 | A     |
|   10 | fella    | 박정한   |   39 | 01012345678 | dawoniron@hanmail.net   | 031-759-2763  | 05330 | 서울 중구 정동길 43                                                                 | 하남빌딩 4F      |    1 | A     |
|   11 | hera     | 박종섭   |   36 | 01022345679 | gangnam2020@naver.com   | 02-438-5166   | 05331 | 서울 동작구 신대방1가길77                                                           | 53-1             |    1 | A     |
|   12 | hugh     | 박주배   |   34 | 01012345680 | s-k-w123@hanmail.com    | 02-449-9991   | 05332 | 서울 강남구 테헤란로 305 (역삼동), 한국기술센터 18층                                | 1809호           |    1 | A     |
|   13 | edgar    | 박찬일   |   28 | 01042345681 | cois3001@naver.com      | 02-6954-2665  | 05054 | 서울 영등포구 영중로83(영등포동 7가)                                                | 11-2             |    3 | A     |
|   14 | mavels   | 박찬정   |   30 | 01012345682 | cjt831@hanmail.net      | 02-2008-1202  | 04332 | 서울 동작구 보라매로 5길 35, 401(신대방동)                                          | 4F               |    4 | A     |
|   15 | hope     | 박창일   |   40 | 01052345683 | kyoung-dong@hanmail.net | 062-514-9652  | 04881 | 서울 서초구 강남대로27, 601호                                                       | 22-6             |    3 | A     |
|   16 | lsable   | 박춘식   |   42 | 01012345684 | menu008@hanmail.net     | 070-7794-9400 | 05336 | 강원 정선군 사북읍 하이원길 265                                                     | 38-7             |    3 | H     |
|   17 | lucka    | 박형진   |   36 | 01022345685 | gaon@gaon.pe.kr         | 055-289-8000  | 05337 | 경기 김포시 고촌읍 아라육로 270번길 74                                              | 61-2 3층         |    1 | B     |
|   18 | lsis     | 방문석   |   38 | 01072345686 | 9666308@hanmail.net     | 02-557-0481   | 05338 | 경기 유성구 대덕대로 1227                                                           | 23-1 20F         |    1 | B     |
|   19 | lottie   | 방병기   |   38 | 01012345687 | zoro0309@naver.com      | 02-433-7184   | 05339 | 경북 김천시 혁신2로 40(율곡동790)                                                   | 91-2             |    2 | M     |
|   20 | hymphrey | 방영주   |   46 | 01092345688 | energy8272@naver.com    | 070-7794-9440 | 19698 | 경기 용인시 기흥구 석성로 521번길 169(청덕동)                                       | 11동 308호       |    1 | B     |
|   21 | mond     | 배상철   |   41 | 01042345689 | gato4996@daum.net       | 02-511-1727   | 06811 | 경기 고양시 일산동구 정발산로 24 웨스턴타워 4동 8층, 9층                            | 9층 32호         |    2 | B     |
|   22 | dixie    | 배종우   |   52 | 01052345690 | garamstr2@gmail.com     | 070-4172-7775 | 05342 | 충북 아름서길 21                                                                    | 2-2              |    1 | G     |
|   23 | deva     | 백구현   |   63 | 01015345691 | cois3001@naver.com      | 032-545-3104  | 01036 | 강원 강릉시 죽헌길 7                                                                | 25-1 205동 401호 |    1 | H     |
|   24 | goofy    | 백승완   |   45 | 01013345692 | gayadns@hanmail.net     | 031-388-0828  | 01024 | 강원 춘천시 백령로 156                                                              | 5-2 6F           |    1 | H     |
|   25 | laura    | 백운이   |   63 | 01023456778 | nami@nandesign.kr       | 070-4910-8706 | 05345 | 강원 원주시 혁신로 60                                                               | 23-1 27F         |    1 | H     |
|   26 | gili     | 백인호   |   61 | 01015553909 | shs2053@naver.com       | 02-547-5477   | 04032 | 서울 중구 남대문로 109(국제빌딩)                                                    | 11-6 3F 311호    |    2 | A     |
|   27 | leena    | 백재승   |   42 | 01045121147 | bokur@nate.com          | 02-834-2010   | 26224 | 부산 해운대구 센텀서로 39 영상산업센터 1,2층                                        | 6동 201호        |    1 | P     |
|   28 | justuin  | 백희영   |   56 | 01036322346 | nanamcom@naver.com      | 02-420-3850   | 36412 | 서울 중구 동덕로130                                                                 | 5-5 1F           |    2 | A     |
|   29 | jason    | 서경석   |   49 | 01010383237 | kodong9370@naver.com    | 042-826-1947  | 09091 | 서울 중구 달구벌대로 2175                                                           | 23동 17호        |    4 | A     |
|   30 | kate     | 서유헌   |   38 | 01057129098 | green97210@hanmail.net  | 031-511-9935  | 04321 | 전북 진주시 강남로 79                                                               | 206동 307호      |    1 | K     |
|   31 | emma     | 서정기   |   46 | 01023038704 | boomia12@nizspace.com   | 042-6288-8301 | 05332 | 세종 시청대로 370 세종국책연구단지 연구지원동(A) 4, 8~9층                           | 8층 201호        |    3 | D     |
|   32 | ellen    | 서정선   |   53 | 01028849702 | krgasi@nate.com         | 031-948-5435  | 36412 | 제주 서귀포시 서호중앙로 63                                                         | 22               |    3 | Q     |
|   33 | darby    | 서진석   |   38 | 01081425242 | goldens_no1@naver.com   | 062-514-9652  | 05334 | 세종 시청대로 370 세종국책연구단지 과학ㆍ인프라동(B동) 5,6,7층, 연구지원동(A동) 3층 | 7층 705호        |    2 | D     |
|   34 | julia    | 서창옥   |   46 | 01091426704 | nurian22@daum.net       | 070-8819-5647 | 03034 | 울산 북구 첨단과기로 123 (오룡동)                                                   | 61-2             |    2 | Q     |
|   35 | dasiy    | 선경     |   32 | 01097985569 | jb@kyungsu.co.kr        | 031-907-7677  | 05355 | 경북 김천시 혁신6로 17(율곡동, 교통안전공단)                                        | 5F 504호         |    2 | M     |
|   36 | kavin    | 선우일남 |   42 | 01004020505 | sarang9671@nate.com     | 070-4694-6688 | 05339 | 세종 시청대로 370 세종국책연구단지 연구지원동(A동) 5~7층(우30147)                   | 7층 704호        |    1 | D     |
|   37 | kuper    | 성명훈   |   31 | 01036993883 | kdf119@naver.com        | 02-3298-6790  | 02031 | 서울 서초구 남부순환로 2557(서초동1365-23번지)                                      | 33-2             |    1 | A     |
|   38 | jettysi  | 성상철   |   39 | 01025233148 | care0105@naver.com      | 062-351-1507  | 07081 | 강원 원주시 혁신로 22(반곡동)                                                       | 64-1             |    1 | H     |
+------+----------+----------+------+-------------+-------------------------+---------------+-------+-------------------------------------------------------------------------------------+------------------+------+-------+
38 rows in set (0.000 sec)

MariaDB [shop]> select b.sareaname,count(*) from shop_member as a join area as b where a.sarea=b.sarea;
+-----------+----------+
| sareaname | count(*) |
+-----------+----------+
| 서울      |       38 |
+-----------+----------+
1 row in set (0.000 sec)

MariaDB [shop]> select b.sareaname,count(*) from shop_member as a join area as b where a.sarea=b.sarea group by sarea;
ERROR 1052 (23000): Column 'sarea' in group statement is ambiguous
MariaDB [shop]> select b.sareaname,count(*) from shop_member as a join area as b where a.sarea=b.sarea;
+-----------+----------+
| sareaname | count(*) |
+-----------+----------+
| 서울      |       38 |
+-----------+----------+
1 row in set (0.000 sec)

MariaDB [shop]> select b.sareaname,count(*) from shop_member as a join area as b group by sarea where a.sarea=b.sarea;
ERROR 1064 (42000): You have an error in your SQL syntax; check the manual that corresponds to your MariaDB server version for the right syntax to use near 'where a.sarea=b.sarea' at line 1
MariaDB [shop]> select b.sareaname,count(*) from shop_member group by sarea as a join area as b sarea where a.sarea=b.sarea;
ERROR 1064 (42000): You have an error in your SQL syntax; check the manual that corresponds to your MariaDB server version for the right syntax to use near 'as a join area as b sarea where a.sarea=b.sarea' at line 1
MariaDB [shop]> select b.sareaname,group by sarea count(*)as cnt from shop_member sarea as a join area as b sarea where a.sarea=b.sarea;
ERROR 1064 (42000): You have an error in your SQL syntax; check the manual that corresponds to your MariaDB server version for the right syntax to use near 'group by sarea count(*)as cnt from shop_member sarea as a join area as b sare...' at line 1
MariaDB [shop]> select b.sareaname, count(*) from shop_member sarea as a join area as b sarea where a.sarea=b.sarea group by sareaname;
ERROR 1064 (42000): You have an error in your SQL syntax; check the manual that corresponds to your MariaDB server version for the right syntax to use near 'as a join area as b sarea where a.sarea=b.sarea group by sareaname' at line 1
MariaDB [shop]> select b.sareaname, count(*) from shop_member sarea as a join area as b sarea where a.sarea=b.sarea group by a.sarea;
ERROR 1064 (42000): You have an error in your SQL syntax; check the manual that corresponds to your MariaDB server version for the right syntax to use near 'as a join area as b sarea where a.sarea=b.sarea group by a.sarea' at line 1
MariaDB [shop]> select b.sareaname, count(*) from shop_member as a join area as b where a.sarea=b.sarea group by a.sarea;
+-----------+----------+
| sareaname | count(*) |
+-----------+----------+
| 서울      |       17 |
| 경기      |        5 |
| 세종      |        3 |
| 충북      |        1 |
| 강원      |        5 |
| 전북      |        1 |
| 대구      |        2 |
| 부산      |        2 |
| 제주      |        2 |
+-----------+----------+
9 rows in set (0.001 sec)

MariaDB [shop]> select b.sareaname, count(*) from shop_member sarea as a join area as b sarea where a.sarea=b.sarea group by a.sarea;
ERROR 1064 (42000): You have an error in your SQL syntax; check the manual that corresponds to your MariaDB server version for the right syntax to use near 'as a join area as b sarea where a.sarea=b.sarea group by a.sarea' at line 1
MariaDB [shop]> create view as select a.sid,a.sname,b.sname from shop_member as a join area as b where a.sarea=b.sarea;
ERROR 1064 (42000): You have an error in your SQL syntax; check the manual that corresponds to your MariaDB server version for the right syntax to use near 'as select a.sid,a.sname,b.sname from shop_member as a join area as b where a....' at line 1
MariaDB [shop]> create view member_area as \
    -> select a.sid,a.sname,b.sname \
    -> from shop_member as a join area as b where a.sarea=b.sarea;
ERROR 1054 (42S22): Unknown column 'b.sname' in 'field list'
MariaDB [shop]> create view member_area as select a.sid,a.sname,b.sname from shop_member as a join area as b where a.sarea=b.sarea;
ERROR 1054 (42S22): Unknown column 'b.sname' in 'field list'
MariaDB [shop]> delete from shop_member where mid='kuper';
ERROR 1054 (42S22): Unknown column 'mid' in 'where clause'
MariaDB [shop]> desc area;
+-----------+----------+------+-----+---------+-------+
| Field     | Type     | Null | Key | Default | Extra |
+-----------+----------+------+-----+---------+-------+
| sarea     | char(2)  | NO   |     | NULL    |       |
| sareaname | char(20) | NO   |     | NULL    |       |
+-----------+----------+------+-----+---------+-------+
2 rows in set (0.013 sec)

MariaDB [shop]> create view v_area as select * from area;
Query OK, 0 rows affected (0.004 sec)

MariaDB [shop]> show tables;
+----------------+
| Tables_in_shop |
+----------------+
| area           |
| shop_level     |
| shop_member    |
| shop_member2   |
| v_area         |
+----------------+
5 rows in set (0.000 sec)

MariaDB [shop]> select * from v_area;
+-------+-----------+
| sarea | sareaname |
+-------+-----------+
| A     | 서울      |
| B     | 경기      |
| C     | 인천      |
| D     | 세종      |
| E     | 대전      |
| F     | 충남      |
| G     | 충북      |
| H     | 강원      |
| I     | 전남      |
| J     | 광주      |
| K     | 전북      |
| L     | 경북      |
| M     | 대구      |
| N     | 경남      |
| O     | 울산      |
| P     | 부산      |
| Q     | 제주      |
+-------+-----------+
17 rows in set (0.001 sec)

MariaDB [shop]> insert into area values('Z','독도');
Query OK, 1 row affected (0.002 sec)

MariaDB [shop]> select * from v_area;
+-------+-----------+
| sarea | sareaname |
+-------+-----------+
| A     | 서울      |
| B     | 경기      |
| C     | 인천      |
| D     | 세종      |
| E     | 대전      |
| F     | 충남      |
| G     | 충북      |
| H     | 강원      |
| I     | 전남      |
| J     | 광주      |
| K     | 전북      |
| L     | 경북      |
| M     | 대구      |
| N     | 경남      |
| O     | 울산      |
| P     | 부산      |
| Q     | 제주      |
| Z     | 독도      |
+-------+-----------+
18 rows in set (0.000 sec)

MariaDB [shop]> desc shop_members;
ERROR 1146 (42S02): Table 'shop.shop_members' doesn't exist
MariaDB [shop]> desc shop_member;
+-------+-----------+------+-----+---------+----------------+
| Field | Type      | Null | Key | Default | Extra          |
+-------+-----------+------+-----+---------+----------------+
| sidx  | int(11)   | NO   | PRI | NULL    | auto_increment |
| sid   | char(50)  | NO   | PRI | NULL    |                |
| sname | char(50)  | NO   |     | NULL    |                |
| sage  | int(2)    | NO   |     | NULL    |                |
| scel  | char(11)  | NO   |     | NULL    |                |
| smail | char(50)  | NO   |     | NULL    |                |
| stel  | char(14)  | NO   |     | NULL    |                |
| spos1 | char(10)  | NO   |     | NULL    |                |
| spos2 | char(100) | NO   |     | NULL    |                |
| spos3 | char(100) | NO   |     | NULL    |                |
| slev  | int(2)    | NO   |     | NULL    |                |
| sarea | char(2)   | NO   |     | NULL    |                |
+-------+-----------+------+-----+---------+----------------+
12 rows in set (0.011 sec)

MariaDB [shop]> create view v_members as select sidx,sname,spos2,sarea from shop_member as a join area as b where a.sarea=b.sarea;
ERROR 1052 (23000): Column 'sarea' in field list is ambiguous
MariaDB [shop]> create view v_members as select sidx,sname,spos2,sarea from shop_member as a join area as b where sarea;
ERROR 1052 (23000): Column 'sarea' in field list is ambiguous
MariaDB [shop]> desc area;
+-----------+----------+------+-----+---------+-------+
| Field     | Type     | Null | Key | Default | Extra |
+-----------+----------+------+-----+---------+-------+
| sarea     | char(2)  | NO   |     | NULL    |       |
| sareaname | char(20) | NO   |     | NULL    |       |
+-----------+----------+------+-----+---------+-------+
2 rows in set (0.012 sec)

MariaDB [shop]> create view v_members as select sidx,sname,spos2,sarea from shop_member as a join area as b where a.sarea=b.sareaname;
ERROR 1052 (23000): Column 'sarea' in field list is ambiguous
MariaDB [shop]> create view v_members as select sidx,sname,spos2,b.sareaname from shop_member as a join area as b where a.sarea=b.sarea;
Query OK, 0 rows affected (0.002 sec)

MariaDB [shop]> show tables;
+----------------+
| Tables_in_shop |
+----------------+
| area           |
| shop_level     |
| shop_member    |
| shop_member2   |
| v_area         |
| v_members      |
+----------------+
6 rows in set (0.000 sec)

MariaDB [shop]> select * from v_members;
+------+----------+-------------------------------------------------------------------------------------+-----------+
| sidx | sname    | spos2                                                                               | sareaname |
+------+----------+-------------------------------------------------------------------------------------+-----------+
|    1 | 박용현   | 서울 중구 퇴계로 97, 고려대연각타워 601호                                           | 서울      |
|    2 | 박윤기   | 부산 해운대구 센텀 7로 12                                                           | 부산      |
|    3 | 박인숙   | 경기 성남시 분당구 야탑로 205번길 8                                                 | 경기      |
|    4 | 박장규   | 서울 서초구 바우뫼로 27길 2                                                         | 서울      |
|    5 | 박재용   | 서울 종로구 대학로 57 홍익대학교 대학로캠퍼스 교육동 3층, 12층                      | 서울      |
|    6 | 박재형   | 서울 영등포구 경인로 841                                                            | 서울      |
|    7 | 박정선   | 서울 광진구 자양로 76                                                               | 서울      |
|    8 | 박정수   | 서울 광진구 강변역로 2 (구의동, 우체국시설관리단)                                   | 서울      |
|    9 | 박정식   | 서울 종로구 종로1길 42, 603호(수송동, 이마빌딩)                                     | 서울      |
|   10 | 박정한   | 서울 중구 정동길 43                                                                 | 서울      |
|   11 | 박종섭   | 서울 동작구 신대방1가길77                                                           | 서울      |
|   12 | 박주배   | 서울 강남구 테헤란로 305 (역삼동), 한국기술센터 18층                                | 서울      |
|   13 | 박찬일   | 서울 영등포구 영중로83(영등포동 7가)                                                | 서울      |
|   14 | 박찬정   | 서울 동작구 보라매로 5길 35, 401(신대방동)                                          | 서울      |
|   15 | 박창일   | 서울 서초구 강남대로27, 601호                                                       | 서울      |
|   16 | 박춘식   | 강원 정선군 사북읍 하이원길 265                                                     | 강원      |
|   17 | 박형진   | 경기 김포시 고촌읍 아라육로 270번길 74                                              | 경기      |
|   18 | 방문석   | 경기 유성구 대덕대로 1227                                                           | 경기      |
|   19 | 방병기   | 경북 김천시 혁신2로 40(율곡동790)                                                   | 대구      |
|   20 | 방영주   | 경기 용인시 기흥구 석성로 521번길 169(청덕동)                                       | 경기      |
|   21 | 배상철   | 경기 고양시 일산동구 정발산로 24 웨스턴타워 4동 8층, 9층                            | 경기      |
|   22 | 배종우   | 충북 아름서길 21                                                                    | 충북      |
|   23 | 백구현   | 강원 강릉시 죽헌길 7                                                                | 강원      |
|   24 | 백승완   | 강원 춘천시 백령로 156                                                              | 강원      |
|   25 | 백운이   | 강원 원주시 혁신로 60                                                               | 강원      |
|   26 | 백인호   | 서울 중구 남대문로 109(국제빌딩)                                                    | 서울      |
|   27 | 백재승   | 부산 해운대구 센텀서로 39 영상산업센터 1,2층                                        | 부산      |
|   28 | 백희영   | 서울 중구 동덕로130                                                                 | 서울      |
|   29 | 서경석   | 서울 중구 달구벌대로 2175                                                           | 서울      |
|   30 | 서유헌   | 전북 진주시 강남로 79                                                               | 전북      |
|   31 | 서정기   | 세종 시청대로 370 세종국책연구단지 연구지원동(A) 4, 8~9층                           | 세종      |
|   32 | 서정선   | 제주 서귀포시 서호중앙로 63                                                         | 제주      |
|   33 | 서진석   | 세종 시청대로 370 세종국책연구단지 과학ㆍ인프라동(B동) 5,6,7층, 연구지원동(A동) 3층 | 세종      |
|   34 | 서창옥   | 울산 북구 첨단과기로 123 (오룡동)                                                   | 제주      |
|   35 | 선경     | 경북 김천시 혁신6로 17(율곡동, 교통안전공단)                                        | 대구      |
|   36 | 선우일남 | 세종 시청대로 370 세종국책연구단지 연구지원동(A동) 5~7층(우30147)                   | 세종      |
|   37 | 성명훈   | 서울 서초구 남부순환로 2557(서초동1365-23번지)                                      | 서울      |
|   38 | 성상철   | 강원 원주시 혁신로 22(반곡동)                                                       | 강원      |
+------+----------+-------------------------------------------------------------------------------------+-----------+
38 rows in set (0.001 sec)

MariaDB [shop]> drop view v_members;
Query OK, 0 rows affected (0.000 sec)

MariaDB [shop]> create view v_members as select sid,sname,spos2,b.sareaname from shop_member as a join area as b where a.sarea=b.sarea;
Query OK, 0 rows affected (0.003 sec)

MariaDB [shop]> select * from v_members;
+----------+----------+-------------------------------------------------------------------------------------+-----------+
| sid      | sname    | spos2                                                                               | sareaname |
+----------+----------+-------------------------------------------------------------------------------------+-----------+
| alie     | 박용현   | 서울 중구 퇴계로 97, 고려대연각타워 601호                                           | 서울      |
| amanda   | 박윤기   | 부산 해운대구 센텀 7로 12                                                           | 부산      |
| amy      | 박인숙   | 경기 성남시 분당구 야탑로 205번길 8                                                 | 경기      |
| ann      | 박장규   | 서울 서초구 바우뫼로 27길 2                                                         | 서울      |
| boss     | 박재용   | 서울 종로구 대학로 57 홍익대학교 대학로캠퍼스 교육동 3층, 12층                      | 서울      |
| billy    | 박재형   | 서울 영등포구 경인로 841                                                            | 서울      |
| bess     | 박정선   | 서울 광진구 자양로 76                                                               | 서울      |
| chelsea  | 박정수   | 서울 광진구 강변역로 2 (구의동, 우체국시설관리단)                                   | 서울      |
| syma     | 박정식   | 서울 종로구 종로1길 42, 603호(수송동, 이마빌딩)                                     | 서울      |
| fella    | 박정한   | 서울 중구 정동길 43                                                                 | 서울      |
| hera     | 박종섭   | 서울 동작구 신대방1가길77                                                           | 서울      |
| hugh     | 박주배   | 서울 강남구 테헤란로 305 (역삼동), 한국기술센터 18층                                | 서울      |
| edgar    | 박찬일   | 서울 영등포구 영중로83(영등포동 7가)                                                | 서울      |
| mavels   | 박찬정   | 서울 동작구 보라매로 5길 35, 401(신대방동)                                          | 서울      |
| hope     | 박창일   | 서울 서초구 강남대로27, 601호                                                       | 서울      |
| lsable   | 박춘식   | 강원 정선군 사북읍 하이원길 265                                                     | 강원      |
| lucka    | 박형진   | 경기 김포시 고촌읍 아라육로 270번길 74                                              | 경기      |
| lsis     | 방문석   | 경기 유성구 대덕대로 1227                                                           | 경기      |
| lottie   | 방병기   | 경북 김천시 혁신2로 40(율곡동790)                                                   | 대구      |
| hymphrey | 방영주   | 경기 용인시 기흥구 석성로 521번길 169(청덕동)                                       | 경기      |
| mond     | 배상철   | 경기 고양시 일산동구 정발산로 24 웨스턴타워 4동 8층, 9층                            | 경기      |
| dixie    | 배종우   | 충북 아름서길 21                                                                    | 충북      |
| deva     | 백구현   | 강원 강릉시 죽헌길 7                                                                | 강원      |
| goofy    | 백승완   | 강원 춘천시 백령로 156                                                              | 강원      |
| laura    | 백운이   | 강원 원주시 혁신로 60                                                               | 강원      |
| gili     | 백인호   | 서울 중구 남대문로 109(국제빌딩)                                                    | 서울      |
| leena    | 백재승   | 부산 해운대구 센텀서로 39 영상산업센터 1,2층                                        | 부산      |
| justuin  | 백희영   | 서울 중구 동덕로130                                                                 | 서울      |
| jason    | 서경석   | 서울 중구 달구벌대로 2175                                                           | 서울      |
| kate     | 서유헌   | 전북 진주시 강남로 79                                                               | 전북      |
| emma     | 서정기   | 세종 시청대로 370 세종국책연구단지 연구지원동(A) 4, 8~9층                           | 세종      |
| ellen    | 서정선   | 제주 서귀포시 서호중앙로 63                                                         | 제주      |
| darby    | 서진석   | 세종 시청대로 370 세종국책연구단지 과학ㆍ인프라동(B동) 5,6,7층, 연구지원동(A동) 3층 | 세종      |
| julia    | 서창옥   | 울산 북구 첨단과기로 123 (오룡동)                                                   | 제주      |
| dasiy    | 선경     | 경북 김천시 혁신6로 17(율곡동, 교통안전공단)                                        | 대구      |
| kavin    | 선우일남 | 세종 시청대로 370 세종국책연구단지 연구지원동(A동) 5~7층(우30147)                   | 세종      |
| kuper    | 성명훈   | 서울 서초구 남부순환로 2557(서초동1365-23번지)                                      | 서울      |
| jettysi  | 성상철   | 강원 원주시 혁신로 22(반곡동)                                                       | 강원      |
+----------+----------+-------------------------------------------------------------------------------------+-----------+
38 rows in set (0.001 sec)

MariaDB [shop]>